                                                                           
                                                                           
***************************************************************************
***                                                                     ***
***                                                                     ***
***          __  __ ____   ____ _                                       ***
***         |  \/  |  _ \ / ___| |__   ___ _ __ ___                     ***
***         | |\/| | |_) | |   | '_ \ / _ \ '_ ` _ \                    ***
***         | |  | |  _ <| |___| | | |  __/ | | | | |                   ***
***         |_|  |_|_| \_\\____|_| |_|\___|_| |_| |_|                   ***
***                                                                     ***
***         VERSION            1.1.0-alpha                              ***
***                                                                     ***
***         Git branch         HEAD                                     ***
***         Git commit hash    e7d4b230bb6df8495b9a                     ***
***         Git commit author  Stig Rune Jensen                         ***
***         Git commit date    Sat Mar 19 14:14:51 2022 +0100           ***
***                                                                     ***
***         Contact: luca.frediani@uit.no                               ***
***                                                                     ***
***         Radovan Bast            Magnar Bjorgve                      ***
***         Roberto Di Remigio      Antoine Durdek                      ***
***         Luca Frediani           Gabriel Gerez                       ***
***         Stig Rune Jensen        Jonas Juselius                      ***
***         Rune Monstad            Peter Wind                          ***
***                                                                     ***
***************************************************************************

---------------------------------------------------------------------------

 MPI processes           :        (1 bank)                              30
 OpenMP threads          :                                               6
 Total cores             :                                             175
                                                                           
---------------------------------------------------------------------------

XCFun DFT library Copyright 2009-2020 Ulf Ekstrom and contributors.
See http://dftlibs.org/xcfun/ for more information.

This is free software; see the source code for copying conditions.
There is ABSOLUTELY NO WARRANTY; not even for MERCHANTABILITY or
FITNESS FOR A PARTICULAR PURPOSE. For details see the documentation.
Scientific users of this library should cite
U. Ekstrom, L. Visscher, R. Bast, A. J. Thorvaldsen and K. Ruud;
J.Chem.Theor.Comp. 2010, DOI: 10.1021/ct100117s

---------------------------------------------------------------------------

 MRCPP version         : 1.4.1
 Git branch            : HEAD
 Git commit hash       : 75d41879b1908a94a452
 Git commit author     : Stig Rune Jensen
 Git commit date       : Thu Jan 6 11:38:53 2022 +0100

 Linear algebra        : EIGEN v3.4.0
 Parallelization       : MPI/OpenMP (6 threads)

---------------------------------------------------------------------------


                                                                           
===========================================================================
                         MultiResolution Analysis
---------------------------------------------------------------------------
 polynomial order      : 9
 polynomial type       : Interpolating
---------------------------------------------------------------------------
 total boxes           : 8
 boxes                 : [          2           2           2 ]
 unit lengths          : [   32.00000    32.00000    32.00000 ]
 scaling factor        : [    1.00000     1.00000     1.00000 ]
 lower bounds          : [  -32.00000   -32.00000   -32.00000 ]
 upper bounds          : [   32.00000    32.00000    32.00000 ]
 total length          : [   64.00000    64.00000    64.00000 ]
===========================================================================


                                                                           
***************************************************************************
***                                                                     ***
***                        Initializing Molecule                        ***
***                                                                     ***
***************************************************************************
                                                                           
                                                                           
===========================================================================
                                 Molecule
---------------------------------------------------------------------------
 Charge                  :                                               0
 Multiplicity            :                                               1
---------------------------------------------------------------------------
    N    Atom            :               x               y               z
---------------------------------------------------------------------------
    0      Al            :        0.000000        0.000000       -0.112136
    1       H            :        0.000000        0.000000        3.001755
---------------------------------------------------------------------------
 Center of mass          :        0.000000        0.000000        0.000000
===========================================================================


                                                                           
***************************************************************************
***                                                                     ***
***                 Computing Ground State Wavefunction                 ***
***                                                                     ***
***************************************************************************
                                                                           
                                                                           
~~~~~~~~~~~~~~~~~~~~~~~~~~~~~~~~~~~~~~~~~~~~~~~~~~~~~~~~~~~~~~~~~~~~~~~~~~~
 Calculation             : Compute initial orbitals
 Method                  : Diagonalize SAD Hamiltonian
 Precision               : 1.00000e-04
 Screening               : 1.20000e+01 StdDev
 Restricted              : False
 Functional              : LDA (SVWN5)
 AO basis                : 3-21G
~~~~~~~~~~~~~~~~~~~~~~~~~~~~~~~~~~~~~~~~~~~~~~~~~~~~~~~~~~~~~~~~~~~~~~~~~~~


===========================================================================
                            Molecular Orbitals
---------------------------------------------------------------------------
 Alpha electrons         :                                               7
 Beta electrons          :                                               7
 Total electrons         :                                              14
---------------------------------------------------------------------------
    n  Occ Spin          :                                            Norm
---------------------------------------------------------------------------
    0    1    a          :                              1.000000001530e+00
    1    1    a          :                              9.999999894007e-01
    2    1    a          :                              1.000000047021e+00
    3    1    a          :                              9.999999999742e-01
    4    1    a          :                              1.000000022181e+00
    5    1    a          :                              1.000000028240e+00
    6    1    a          :                              1.000000462691e+00
    7    1    b          :                              1.000000001530e+00
    8    1    b          :                              9.999999894007e-01
    9    1    b          :                              1.000000047021e+00
   10    1    b          :                              9.999999999742e-01
   11    1    b          :                              1.000000022181e+00
   12    1    b          :                              1.000000028240e+00
   13    1    b          :                              1.000000462691e+00
===========================================================================


~~~~~~~~~~~~~~~~~~~~~~~~~~~~~~~~~~~~~~~~~~~~~~~~~~~~~~~~~~~~~~~~~~~~~~~~~~~
 Calculation             : Compute initial energy
 Method                  : DFT (PBE0)
 Relativity              : None
 Precision               : 1.00000e-04
 Localization            : On
~~~~~~~~~~~~~~~~~~~~~~~~~~~~~~~~~~~~~~~~~~~~~~~~~~~~~~~~~~~~~~~~~~~~~~~~~~~


===========================================================================
                        Molecular Energy (initial)
---------------------------------------------------------------------------
 Kinetic energy          :            (au)                240.489683804514
 E-N energy              :            (au)               -584.573835143394
 Coulomb energy          :            (au)                117.204470207849
 Exchange energy         :            (au)                 -4.601423295380
 X-C energy              :            (au)                -14.196890776816
 Ext. field (el)         :            (au)                  0.000000000000
---------------------------------------------------------------------------
 N-N energy              :            (au)                  4.174841742749
 Ext. field (nuc)        :            (au)                  0.000000000000
 Tot. Reac. Energy       :            (au)                  0.000000000000
 El. Reac. Energy        :            (au)                  0.000000000000
 Nuc. Reac. Energy       :            (au)                  0.000000000000
---------------------------------------------------------------------------
 Electronic energy       :            (au)               -245.677995203228
 Nuclear energy          :            (au)                  4.174841742749
---------------------------------------------------------------------------
 Total energy            :            (au)             -2.415031534605e+02
                         :      (kcal/mol)             -1.515455155898e+05
                         :        (kJ/mol)             -6.340664376393e+05
                         :            (eV)             -6.571635299602e+03
===========================================================================


===========================================================================
                        Orbital Energies (initial)
---------------------------------------------------------------------------
    n  Occ Spin          :                                         Epsilon
---------------------------------------------------------------------------
    0    1    a          :            (au)                -55.790408171617
    1    1    a          :            (au)                 -4.168295710008
    2    1    a          :            (au)                 -2.695586122054
    3    1    a          :            (au)                 -2.695558670757
    4    1    a          :            (au)                 -2.688024835281
    5    1    a          :            (au)                 -0.365429814431
    6    1    a          :            (au)                 -0.198861857130
    7    1    b          :            (au)                -55.790408171617
    8    1    b          :            (au)                 -4.168295710008
    9    1    b          :            (au)                 -2.695586122054
   10    1    b          :            (au)                 -2.695558670757
   11    1    b          :            (au)                 -2.688024835281
   12    1    b          :            (au)                 -0.365429814431
   13    1    b          :            (au)                 -0.198861857130
---------------------------------------------------------------------------
 Sum occupied            :            (au)               -137.204330362555
===========================================================================


~~~~~~~~~~~~~~~~~~~~~~~~~~~~~~~~~~~~~~~~~~~~~~~~~~~~~~~~~~~~~~~~~~~~~~~~~~~
 Calculation             : Optimize ground state orbitals
 Method                  : DFT (PBE0)
 Relativity              : None
 Checkpointing           : Off
 Max iterations          : 200
 KAIN solver             : 10
 Localization            : First two iterations
 Diagonalization         : Off
 Start precision         : 1.00000e-06
 Final precision         : 1.00000e-06
 Helmholtz precision     : Dynamic
 Energy threshold        : 1.00000e-06
 Orbital threshold       : 5.00000e-05
~~~~~~~~~~~~~~~~~~~~~~~~~~~~~~~~~~~~~~~~~~~~~~~~~~~~~~~~~~~~~~~~~~~~~~~~~~~


===========================================================================
 Iter           MO residual             Total energy                Update
---------------------------------------------------------------------------
    0          3.741657e+00        -241.503153460479         -2.415032e+02
    1          1.605465e-01        -242.819864431062         -1.316711e+00
    2          3.973248e-02        -242.860241343187         -4.037691e-02
    3          1.985922e-02        -242.865929585631         -5.688242e-03
    4          1.667572e-02        -242.867386382190         -1.456797e-03
    5          1.188279e-02        -242.867718987192         -3.326050e-04
    6          6.773452e-03        -242.867774548143         -5.556095e-05
    7          3.936107e-03        -242.867793030548         -1.848240e-05
    8          2.952691e-03        -242.867800897608         -7.867061e-06
    9          1.012832e-03        -242.867802793883         -1.896275e-06
   10          7.080865e-04        -242.867803634798         -8.409148e-07
   11          2.076744e-04        -242.867803776410         -1.416122e-07
   12          5.806905e-05        -242.867803804162         -2.775238e-08
---------------------------------------------------------------------------
                      SCF converged in 12 iterations!
===========================================================================


                                                                           
***************************************************************************
***                                                                     ***
***                    Printing Molecular Properties                    ***
***                                                                     ***
***************************************************************************
                                                                           
                                                                           
===========================================================================
                                 Molecule
---------------------------------------------------------------------------
 Charge                  :                                               0
 Multiplicity            :                                               1
---------------------------------------------------------------------------
    N    Atom            :               x               y               z
---------------------------------------------------------------------------
    0      Al            :        0.000000        0.000000       -0.112136
    1       H            :        0.000000        0.000000        3.001755
---------------------------------------------------------------------------
 Center of mass          :        0.000000        0.000000        0.000000
===========================================================================


===========================================================================
                         Molecular Energy (final)
---------------------------------------------------------------------------
 Kinetic energy          :            (au)                242.460053090552
 E-N energy              :            (au)               -588.239582318990
 Coulomb energy          :            (au)                117.566107125665
 Exchange energy         :            (au)                 -4.604845464850
 X-C energy              :            (au)                -14.224377979288
 Ext. field (el)         :            (au)                  0.000000000000
---------------------------------------------------------------------------
 N-N energy              :            (au)                  4.174841742749
 Ext. field (nuc)        :            (au)                  0.000000000000
 Tot. Reac. Energy       :            (au)                  0.000000000000
 El. Reac. Energy        :            (au)                  0.000000000000
 Nuc. Reac. Energy       :            (au)                  0.000000000000
---------------------------------------------------------------------------
 Electronic energy       :            (au)               -247.042645546911
 Nuclear energy          :            (au)                  4.174841742749
---------------------------------------------------------------------------
 Total energy            :            (au)             -2.428678038042e+02
                         :      (kcal/mol)             -1.524018466023e+05
                         :        (kJ/mol)             -6.376493265981e+05
                         :            (eV)             -6.608769325563e+03
===========================================================================


===========================================================================
                         Orbital Energies (final)
---------------------------------------------------------------------------
    n  Occ Spin          :                                         Epsilon
---------------------------------------------------------------------------
    0    1    a          :            (au)                -56.166038642934
    1    1    a          :            (au)                 -4.191605032714
    2    1    a          :            (au)                 -2.722481217810
    3    1    a          :            (au)                 -2.722481210965
    4    1    a          :            (au)                 -2.715298254609
    5    1    a          :            (au)                 -0.376666006113
    6    1    a          :            (au)                 -0.214191914308
    7    1    b          :            (au)                -56.166038642934
    8    1    b          :            (au)                 -4.191605032717
    9    1    b          :            (au)                 -2.722481217815
   10    1    b          :            (au)                 -2.722481210969
   11    1    b          :            (au)                 -2.715298254610
   12    1    b          :            (au)                 -0.376666006103
   13    1    b          :            (au)                 -0.214191914332
---------------------------------------------------------------------------
 Sum occupied            :            (au)               -138.217524558935
===========================================================================


===========================================================================
                           Dipole Moment (dip-1)
---------------------------------------------------------------------------
 r_O                     :        0.000000        0.000000        0.000000
---------------------------------------------------------------------------
 Electronic vector       :        0.000000       -0.000000       -1.564653
 Magnitude               :            (au)                        1.564653
                         :         (Debye)                        3.976952
---------------------------------------------------------------------------
 Nuclear vector          :        0.000000        0.000000        1.543993
 Magnitude               :            (au)                        1.543993
                         :         (Debye)                        3.924439
---------------------------------------------------------------------------
 Total vector            :        0.000000       -0.000000       -0.020660
 Magnitude               :            (au)                        0.020660
                         :         (Debye)                        0.052513
===========================================================================


                                                                           
                                                                           
***************************************************************************
***                                                                     ***
***                            Exiting MRChem                           ***
***                                                                     ***
***                       Wall time :  0h 13m 36s                       ***
***                                                                     ***
***************************************************************************
                                                                           
                                                                           
