                                                                           
                                                                           
***************************************************************************
***                                                                     ***
***                                                                     ***
***          __  __ ____   ____ _                                       ***
***         |  \/  |  _ \ / ___| |__   ___ _ __ ___                     ***
***         | |\/| | |_) | |   | '_ \ / _ \ '_ ` _ \                    ***
***         | |  | |  _ <| |___| | | |  __/ | | | | |                   ***
***         |_|  |_|_| \_\\____|_| |_|\___|_| |_| |_|                   ***
***                                                                     ***
***         VERSION            1.1.0-alpha                              ***
***                                                                     ***
***         Git branch         HEAD                                     ***
***         Git commit hash    e7d4b230bb6df8495b9a                     ***
***         Git commit author  Stig Rune Jensen                         ***
***         Git commit date    Sat Mar 19 14:14:51 2022 +0100           ***
***                                                                     ***
***         Contact: luca.frediani@uit.no                               ***
***                                                                     ***
***         Radovan Bast            Magnar Bjorgve                      ***
***         Roberto Di Remigio      Antoine Durdek                      ***
***         Luca Frediani           Gabriel Gerez                       ***
***         Stig Rune Jensen        Jonas Juselius                      ***
***         Rune Monstad            Peter Wind                          ***
***                                                                     ***
***************************************************************************

---------------------------------------------------------------------------

 MPI processes           :        (1 bank)                              30
 OpenMP threads          :                                               6
 Total cores             :                                             175
                                                                           
---------------------------------------------------------------------------

XCFun DFT library Copyright 2009-2020 Ulf Ekstrom and contributors.
See http://dftlibs.org/xcfun/ for more information.

This is free software; see the source code for copying conditions.
There is ABSOLUTELY NO WARRANTY; not even for MERCHANTABILITY or
FITNESS FOR A PARTICULAR PURPOSE. For details see the documentation.
Scientific users of this library should cite
U. Ekstrom, L. Visscher, R. Bast, A. J. Thorvaldsen and K. Ruud;
J.Chem.Theor.Comp. 2010, DOI: 10.1021/ct100117s

---------------------------------------------------------------------------

 MRCPP version         : 1.4.1
 Git branch            : HEAD
 Git commit hash       : 75d41879b1908a94a452
 Git commit author     : Stig Rune Jensen
 Git commit date       : Thu Jan 6 11:38:53 2022 +0100

 Linear algebra        : EIGEN v3.4.0
 Parallelization       : MPI/OpenMP (6 threads)

---------------------------------------------------------------------------


                                                                           
===========================================================================
                         MultiResolution Analysis
---------------------------------------------------------------------------
 polynomial order      : 9
 polynomial type       : Interpolating
---------------------------------------------------------------------------
 total boxes           : 8
 boxes                 : [          2           2           2 ]
 unit lengths          : [   32.00000    32.00000    32.00000 ]
 scaling factor        : [    1.00000     1.00000     1.00000 ]
 lower bounds          : [  -32.00000   -32.00000   -32.00000 ]
 upper bounds          : [   32.00000    32.00000    32.00000 ]
 total length          : [   64.00000    64.00000    64.00000 ]
===========================================================================


                                                                           
***************************************************************************
***                                                                     ***
***                        Initializing Molecule                        ***
***                                                                     ***
***************************************************************************
                                                                           
                                                                           
===========================================================================
                                 Molecule
---------------------------------------------------------------------------
 Charge                  :                                               0
 Multiplicity            :                                               2
---------------------------------------------------------------------------
    N    Atom            :               x               y               z
---------------------------------------------------------------------------
    0      Al            :        0.000000        0.000000       -0.106018
    1       H            :        0.000000        2.588925        1.418991
    2       H            :        0.000000       -2.588925        1.418991
---------------------------------------------------------------------------
 Center of mass          :        0.000000       -0.000000        0.000000
===========================================================================


                                                                           
***************************************************************************
***                                                                     ***
***                 Computing Ground State Wavefunction                 ***
***                                                                     ***
***************************************************************************
                                                                           
                                                                           
~~~~~~~~~~~~~~~~~~~~~~~~~~~~~~~~~~~~~~~~~~~~~~~~~~~~~~~~~~~~~~~~~~~~~~~~~~~
 Calculation             : Compute initial orbitals
 Method                  : Diagonalize SAD Hamiltonian
 Precision               : 1.00000e-04
 Screening               : 1.20000e+01 StdDev
 Restricted              : False
 Functional              : LDA (SVWN5)
 AO basis                : 3-21G
~~~~~~~~~~~~~~~~~~~~~~~~~~~~~~~~~~~~~~~~~~~~~~~~~~~~~~~~~~~~~~~~~~~~~~~~~~~


===========================================================================
                            Molecular Orbitals
---------------------------------------------------------------------------
 Alpha electrons         :                                               8
 Beta electrons          :                                               7
 Total electrons         :                                              15
---------------------------------------------------------------------------
    n  Occ Spin          :                                            Norm
---------------------------------------------------------------------------
    0    1    a          :                              9.999999835283e-01
    1    1    a          :                              9.999999258923e-01
    2    1    a          :                              1.000000051403e+00
    3    1    a          :                              9.999999801410e-01
    4    1    a          :                              9.999999886048e-01
    5    1    a          :                              1.000000855327e+00
    6    1    a          :                              9.999968260921e-01
    7    1    a          :                              1.000001120692e+00
    8    1    b          :                              9.999999835283e-01
    9    1    b          :                              9.999999258923e-01
   10    1    b          :                              1.000000051403e+00
   11    1    b          :                              9.999999801410e-01
   12    1    b          :                              9.999999886048e-01
   13    1    b          :                              1.000000855327e+00
   14    1    b          :                              9.999968261028e-01
===========================================================================


~~~~~~~~~~~~~~~~~~~~~~~~~~~~~~~~~~~~~~~~~~~~~~~~~~~~~~~~~~~~~~~~~~~~~~~~~~~
 Calculation             : Compute initial energy
 Method                  : DFT (PBE0)
 Relativity              : None
 Precision               : 1.00000e-04
 Localization            : On
~~~~~~~~~~~~~~~~~~~~~~~~~~~~~~~~~~~~~~~~~~~~~~~~~~~~~~~~~~~~~~~~~~~~~~~~~~~


===========================================================================
                        Molecular Energy (initial)
---------------------------------------------------------------------------
 Kinetic energy          :            (au)                241.001335808923
 E-N energy              :            (au)               -594.743576329575
 Coulomb energy          :            (au)                121.993710333034
 Exchange energy         :            (au)                 -4.691595265769
 X-C energy              :            (au)                -14.484866766116
 Ext. field (el)         :            (au)                  0.000000000000
---------------------------------------------------------------------------
 N-N energy              :            (au)                  8.846259417078
 Ext. field (nuc)        :            (au)                  0.000000000000
 Tot. Reac. Energy       :            (au)                  0.000000000000
 El. Reac. Energy        :            (au)                  0.000000000000
 Nuc. Reac. Energy       :            (au)                  0.000000000000
---------------------------------------------------------------------------
 Electronic energy       :            (au)               -250.924992219503
 Nuclear energy          :            (au)                  8.846259417078
---------------------------------------------------------------------------
 Total energy            :            (au)             -2.420787328024e+02
                         :      (kcal/mol)             -1.519066970770e+05
                         :        (kJ/mol)             -6.355776209828e+05
                         :            (eV)             -6.587297610703e+03
===========================================================================


===========================================================================
                        Orbital Energies (initial)
---------------------------------------------------------------------------
    n  Occ Spin          :                                         Epsilon
---------------------------------------------------------------------------
    0    1    a          :            (au)                -55.805843006904
    1    1    a          :            (au)                 -4.184471083367
    2    1    a          :            (au)                 -2.713326545691
    3    1    a          :            (au)                 -2.710867006406
    4    1    a          :            (au)                 -2.706346311891
    5    1    a          :            (au)                 -0.421653613500
    6    1    a          :            (au)                 -0.306207793365
    7    1    a          :            (au)                 -0.200035917793
    8    1    b          :            (au)                -55.803085024036
    9    1    b          :            (au)                 -4.179698417286
   10    1    b          :            (au)                 -2.710443863376
   11    1    b          :            (au)                 -2.703801395364
   12    1    b          :            (au)                 -2.702423809202
   13    1    b          :            (au)                 -0.398893567268
   14    1    b          :            (au)                 -0.289956461991
---------------------------------------------------------------------------
 Sum occupied            :            (au)               -137.837053817439
===========================================================================


~~~~~~~~~~~~~~~~~~~~~~~~~~~~~~~~~~~~~~~~~~~~~~~~~~~~~~~~~~~~~~~~~~~~~~~~~~~
 Calculation             : Optimize ground state orbitals
 Method                  : DFT (PBE0)
 Relativity              : None
 Checkpointing           : Off
 Max iterations          : 200
 KAIN solver             : 10
 Localization            : First two iterations
 Diagonalization         : Off
 Start precision         : 1.00000e-06
 Final precision         : 1.00000e-06
 Helmholtz precision     : Dynamic
 Energy threshold        : 1.00000e-06
 Orbital threshold       : 5.00000e-05
~~~~~~~~~~~~~~~~~~~~~~~~~~~~~~~~~~~~~~~~~~~~~~~~~~~~~~~~~~~~~~~~~~~~~~~~~~~


===========================================================================
 Iter           MO residual             Total energy                Update
---------------------------------------------------------------------------
    0          3.872983e+00        -242.078732802425         -2.420787e+02
    1          1.679227e-01        -243.403732029427         -1.324999e+00
    2          4.557023e-02        -243.445612054455         -4.188003e-02
    3          2.312388e-02        -243.451694055355         -6.082001e-03
    4          2.298583e-02        -243.453350283408         -1.656228e-03
    5          1.444258e-02        -243.453719716679         -3.694333e-04
    6          1.042115e-02        -243.453819434447         -9.971777e-05
    7          6.929687e-03        -243.453846446176         -2.701173e-05
    8          8.184696e-03        -243.453866831860         -2.038568e-05
    9          3.584802e-03        -243.453874974637         -8.142777e-06
   10          2.942929e-03        -243.453881058742         -6.084104e-06
   11          1.235082e-03        -243.453882094039         -1.035297e-06
   12          8.679232e-04        -243.453882731850         -6.378113e-07
   13          4.530088e-04        -243.453882972480         -2.406299e-07
   14          2.264817e-04        -243.453883063283         -9.080307e-08
   15          1.239604e-04        -243.453883092593         -2.930989e-08
   16          7.030209e-05        -243.453883101963         -9.370353e-09
---------------------------------------------------------------------------
                      SCF converged in 16 iterations!
===========================================================================


                                                                           
***************************************************************************
***                                                                     ***
***                    Printing Molecular Properties                    ***
***                                                                     ***
***************************************************************************
                                                                           
                                                                           
===========================================================================
                                 Molecule
---------------------------------------------------------------------------
 Charge                  :                                               0
 Multiplicity            :                                               2
---------------------------------------------------------------------------
    N    Atom            :               x               y               z
---------------------------------------------------------------------------
    0      Al            :        0.000000        0.000000       -0.106018
    1       H            :        0.000000        2.588925        1.418991
    2       H            :        0.000000       -2.588925        1.418991
---------------------------------------------------------------------------
 Center of mass          :        0.000000       -0.000000        0.000000
===========================================================================


===========================================================================
                         Molecular Energy (final)
---------------------------------------------------------------------------
 Kinetic energy          :            (au)                243.031946608418
 E-N energy              :            (au)               -598.645785550475
 Coulomb energy          :            (au)                122.536624353094
 Exchange energy         :            (au)                 -4.700179444152
 X-C energy              :            (au)                -14.522748485926
 Ext. field (el)         :            (au)                  0.000000000000
---------------------------------------------------------------------------
 N-N energy              :            (au)                  8.846259417078
 Ext. field (nuc)        :            (au)                  0.000000000000
 Tot. Reac. Energy       :            (au)                  0.000000000000
 El. Reac. Energy        :            (au)                  0.000000000000
 Nuc. Reac. Energy       :            (au)                  0.000000000000
---------------------------------------------------------------------------
 Electronic energy       :            (au)               -252.300142519041
 Nuclear energy          :            (au)                  8.846259417078
---------------------------------------------------------------------------
 Total energy            :            (au)             -2.434538831020e+02
                         :      (kcal/mol)             -1.527696169113e+05
                         :        (kJ/mol)             -6.391880775717e+05
                         :            (eV)             -6.624717355005e+03
===========================================================================


===========================================================================
                         Orbital Energies (final)
---------------------------------------------------------------------------
    n  Occ Spin          :                                         Epsilon
---------------------------------------------------------------------------
    0    1    a          :            (au)                -56.162888533702
    1    1    a          :            (au)                 -4.192443559814
    2    1    a          :            (au)                 -2.725385072942
    3    1    a          :            (au)                 -2.722444028133
    4    1    a          :            (au)                 -2.717162285501
    5    1    a          :            (au)                 -0.425015907866
    6    1    a          :            (au)                 -0.322135803439
    7    1    a          :            (au)                 -0.205350831224
    8    1    b          :            (au)                -56.160266129845
    9    1    b          :            (au)                 -4.188421066208
   10    1    b          :            (au)                 -2.723005299371
   11    1    b          :            (au)                 -2.715120334321
   12    1    b          :            (au)                 -2.714106683755
   13    1    b          :            (au)                 -0.405110681560
   14    1    b          :            (au)                 -0.309111595729
---------------------------------------------------------------------------
 Sum occupied            :            (au)               -138.687967813410
===========================================================================


===========================================================================
                           Dipole Moment (dip-1)
---------------------------------------------------------------------------
 r_O                     :        0.000000        0.000000        0.000000
---------------------------------------------------------------------------
 Electronic vector       :        0.000011        0.000016       -1.605527
 Magnitude               :            (au)                        1.605527
                         :         (Debye)                        4.080843
---------------------------------------------------------------------------
 Nuclear vector          :        0.000000        0.000000        1.459755
 Magnitude               :            (au)                        1.459755
                         :         (Debye)                        3.710326
---------------------------------------------------------------------------
 Total vector            :        0.000011        0.000016       -0.145773
 Magnitude               :            (au)                        0.145773
                         :         (Debye)                        0.370517
===========================================================================


                                                                           
                                                                           
***************************************************************************
***                                                                     ***
***                            Exiting MRChem                           ***
***                                                                     ***
***                       Wall time :  0h 17m  5s                       ***
***                                                                     ***
***************************************************************************
                                                                           
                                                                           
