                                                                           
                                                                           
***************************************************************************
***                                                                     ***
***                                                                     ***
***          __  __ ____   ____ _                                       ***
***         |  \/  |  _ \ / ___| |__   ___ _ __ ___                     ***
***         | |\/| | |_) | |   | '_ \ / _ \ '_ ` _ \                    ***
***         | |  | |  _ <| |___| | | |  __/ | | | | |                   ***
***         |_|  |_|_| \_\\____|_| |_|\___|_| |_| |_|                   ***
***                                                                     ***
***         VERSION            1.1.0-alpha                              ***
***                                                                     ***
***         Git branch         HEAD                                     ***
***         Git commit hash    e7d4b230bb6df8495b9a                     ***
***         Git commit author  Stig Rune Jensen                         ***
***         Git commit date    Sat Mar 19 14:14:51 2022 +0100           ***
***                                                                     ***
***         Contact: luca.frediani@uit.no                               ***
***                                                                     ***
***         Radovan Bast            Magnar Bjorgve                      ***
***         Roberto Di Remigio      Antoine Durdek                      ***
***         Luca Frediani           Gabriel Gerez                       ***
***         Stig Rune Jensen        Jonas Juselius                      ***
***         Rune Monstad            Peter Wind                          ***
***                                                                     ***
***************************************************************************

---------------------------------------------------------------------------

 MPI processes           :        (1 bank)                              30
 OpenMP threads          :                                               6
 Total cores             :                                             175
                                                                           
---------------------------------------------------------------------------

XCFun DFT library Copyright 2009-2020 Ulf Ekstrom and contributors.
See http://dftlibs.org/xcfun/ for more information.

This is free software; see the source code for copying conditions.
There is ABSOLUTELY NO WARRANTY; not even for MERCHANTABILITY or
FITNESS FOR A PARTICULAR PURPOSE. For details see the documentation.
Scientific users of this library should cite
U. Ekstrom, L. Visscher, R. Bast, A. J. Thorvaldsen and K. Ruud;
J.Chem.Theor.Comp. 2010, DOI: 10.1021/ct100117s

---------------------------------------------------------------------------

 MRCPP version         : 1.4.1
 Git branch            : HEAD
 Git commit hash       : 75d41879b1908a94a452
 Git commit author     : Stig Rune Jensen
 Git commit date       : Thu Jan 6 11:38:53 2022 +0100

 Linear algebra        : EIGEN v3.4.0
 Parallelization       : MPI/OpenMP (6 threads)

---------------------------------------------------------------------------


                                                                           
===========================================================================
                         MultiResolution Analysis
---------------------------------------------------------------------------
 polynomial order      : 9
 polynomial type       : Interpolating
---------------------------------------------------------------------------
 total boxes           : 8
 boxes                 : [          2           2           2 ]
 unit lengths          : [   32.00000    32.00000    32.00000 ]
 scaling factor        : [    1.00000     1.00000     1.00000 ]
 lower bounds          : [  -32.00000   -32.00000   -32.00000 ]
 upper bounds          : [   32.00000    32.00000    32.00000 ]
 total length          : [   64.00000    64.00000    64.00000 ]
===========================================================================


                                                                           
***************************************************************************
***                                                                     ***
***                        Initializing Molecule                        ***
***                                                                     ***
***************************************************************************
                                                                           
                                                                           
===========================================================================
                                 Molecule
---------------------------------------------------------------------------
 Charge                  :                                               0
 Multiplicity            :                                               1
---------------------------------------------------------------------------
    N    Atom            :               x               y               z
---------------------------------------------------------------------------
    0      Al            :        0.000000        0.000000       -1.291778
    1       F            :        0.000000        0.000000        1.834584
---------------------------------------------------------------------------
 Center of mass          :        0.000000        0.000000       -0.000000
===========================================================================


                                                                           
***************************************************************************
***                                                                     ***
***                 Computing Ground State Wavefunction                 ***
***                                                                     ***
***************************************************************************
                                                                           
                                                                           
~~~~~~~~~~~~~~~~~~~~~~~~~~~~~~~~~~~~~~~~~~~~~~~~~~~~~~~~~~~~~~~~~~~~~~~~~~~
 Calculation             : Compute initial orbitals
 Method                  : Diagonalize SAD Hamiltonian
 Precision               : 1.00000e-04
 Screening               : 1.20000e+01 StdDev
 Restricted              : False
 Functional              : LDA (SVWN5)
 AO basis                : 3-21G
~~~~~~~~~~~~~~~~~~~~~~~~~~~~~~~~~~~~~~~~~~~~~~~~~~~~~~~~~~~~~~~~~~~~~~~~~~~


===========================================================================
                            Molecular Orbitals
---------------------------------------------------------------------------
 Alpha electrons         :                                              11
 Beta electrons          :                                              11
 Total electrons         :                                              22
---------------------------------------------------------------------------
    n  Occ Spin          :                                            Norm
---------------------------------------------------------------------------
    0    1    a          :                              9.999999092522e-01
    1    1    a          :                              9.999999529198e-01
    2    1    a          :                              9.999999571625e-01
    3    1    a          :                              1.000000007974e+00
    4    1    a          :                              9.999999812284e-01
    5    1    a          :                              9.999999863152e-01
    6    1    a          :                              1.000000192279e+00
    7    1    a          :                              9.999997480617e-01
    8    1    a          :                              1.000000641163e+00
    9    1    a          :                              1.000000655280e+00
   10    1    a          :                              9.999936726818e-01
   11    1    b          :                              1.000000033682e+00
   12    1    b          :                              9.999999530013e-01
   13    1    b          :                              9.999999573951e-01
   14    1    b          :                              1.000000007994e+00
   15    1    b          :                              9.999999812284e-01
   16    1    b          :                              9.999999877410e-01
   17    1    b          :                              1.000000192388e+00
   18    1    b          :                              9.999997487611e-01
   19    1    b          :                              1.000000640307e+00
   20    1    b          :                              1.000000659378e+00
   21    1    b          :                              9.999997367916e-01
===========================================================================


~~~~~~~~~~~~~~~~~~~~~~~~~~~~~~~~~~~~~~~~~~~~~~~~~~~~~~~~~~~~~~~~~~~~~~~~~~~
 Calculation             : Compute initial energy
 Method                  : DFT (PBE0)
 Relativity              : None
 Precision               : 1.00000e-04
 Localization            : On
~~~~~~~~~~~~~~~~~~~~~~~~~~~~~~~~~~~~~~~~~~~~~~~~~~~~~~~~~~~~~~~~~~~~~~~~~~~


===========================================================================
                        Molecular Energy (initial)
---------------------------------------------------------------------------
 Kinetic energy          :            (au)                339.661677212481
 E-N energy              :            (au)               -890.244027867302
 Coulomb energy          :            (au)                201.990953277368
 Exchange energy         :            (au)                 -7.088138891391
 X-C energy              :            (au)                -21.943484460428
 Ext. field (el)         :            (au)                  0.000000000000
---------------------------------------------------------------------------
 N-N energy              :            (au)                 37.423681119428
 Ext. field (nuc)        :            (au)                  0.000000000000
 Tot. Reac. Energy       :            (au)                  0.000000000000
 El. Reac. Energy        :            (au)                  0.000000000000
 Nuc. Reac. Energy       :            (au)                  0.000000000000
---------------------------------------------------------------------------
 Electronic energy       :            (au)               -377.623020729272
 Nuclear energy          :            (au)                 37.423681119428
---------------------------------------------------------------------------
 Total energy            :            (au)             -3.401993396098e+02
                         :      (kcal/mol)             -2.134783069527e+05
                         :        (kJ/mol)             -8.931932368699e+05
                         :            (eV)             -9.257295223879e+03
===========================================================================


===========================================================================
                        Orbital Energies (initial)
---------------------------------------------------------------------------
    n  Occ Spin          :                                         Epsilon
---------------------------------------------------------------------------
    0    1    a          :            (au)                -55.805769410447
    1    1    a          :            (au)                -24.305827164025
    2    1    a          :            (au)                 -4.183317773545
    3    1    a          :            (au)                 -2.709661145729
    4    1    a          :            (au)                 -2.709619881897
    5    1    a          :            (au)                 -2.705249013118
    6    1    a          :            (au)                 -1.025366466241
    7    1    a          :            (au)                 -0.347555421656
    8    1    a          :            (au)                 -0.261190817821
    9    1    a          :            (au)                 -0.260876359898
   10    1    a          :            (au)                 -0.229042505591
   11    1    b          :            (au)                -55.805828586071
   12    1    b          :            (au)                -24.305827189544
   13    1    b          :            (au)                 -4.183318026558
   14    1    b          :            (au)                 -2.709661459481
   15    1    b          :            (au)                 -2.709620154481
   16    1    b          :            (au)                 -2.705249067944
   17    1    b          :            (au)                 -1.025366030536
   18    1    b          :            (au)                 -0.347559794519
   19    1    b          :            (au)                 -0.261190655473
   20    1    b          :            (au)                 -0.260876254047
   21    1    b          :            (au)                 -0.229048522613
---------------------------------------------------------------------------
 Sum occupied            :            (au)               -189.087021701235
===========================================================================


~~~~~~~~~~~~~~~~~~~~~~~~~~~~~~~~~~~~~~~~~~~~~~~~~~~~~~~~~~~~~~~~~~~~~~~~~~~
 Calculation             : Optimize ground state orbitals
 Method                  : DFT (PBE0)
 Relativity              : None
 Checkpointing           : Off
 Max iterations          : 200
 KAIN solver             : 10
 Localization            : First two iterations
 Diagonalization         : Off
 Start precision         : 1.00000e-06
 Final precision         : 1.00000e-06
 Helmholtz precision     : Dynamic
 Energy threshold        : 1.00000e-06
 Orbital threshold       : 5.00000e-05
~~~~~~~~~~~~~~~~~~~~~~~~~~~~~~~~~~~~~~~~~~~~~~~~~~~~~~~~~~~~~~~~~~~~~~~~~~~


===========================================================================
 Iter           MO residual             Total energy                Update
---------------------------------------------------------------------------
    0          4.690416e+00        -340.199339609844         -3.401993e+02
    1          3.146026e-01        -342.095588237856         -1.896249e+00
    2          1.508500e-01        -342.169870009485         -7.428177e-02
    3          9.826659e-02        -342.181675280467         -1.180527e-02
    4          4.725806e-02        -342.187100991929         -5.425711e-03
    5          2.704932e-02        -342.188646312594         -1.545321e-03
    6          1.241553e-02        -342.188841063143         -1.947505e-04
    7          4.908609e-03        -342.188891896230         -5.083309e-05
    8          3.117022e-03        -342.188908046823         -1.615059e-05
    9          1.276662e-03        -342.188910470565         -2.423742e-06
   10          7.363547e-04        -342.188911349394         -8.788292e-07
   11          2.961147e-04        -342.188911501651         -1.522567e-07
   12          2.107972e-04        -342.188911558788         -5.713713e-08
   13          8.825585e-05        -342.188911574502         -1.571425e-08
---------------------------------------------------------------------------
                      SCF converged in 13 iterations!
===========================================================================


                                                                           
***************************************************************************
***                                                                     ***
***                    Printing Molecular Properties                    ***
***                                                                     ***
***************************************************************************
                                                                           
                                                                           
===========================================================================
                                 Molecule
---------------------------------------------------------------------------
 Charge                  :                                               0
 Multiplicity            :                                               1
---------------------------------------------------------------------------
    N    Atom            :               x               y               z
---------------------------------------------------------------------------
    0      Al            :        0.000000        0.000000       -1.291778
    1       F            :        0.000000        0.000000        1.834584
---------------------------------------------------------------------------
 Center of mass          :        0.000000        0.000000       -0.000000
===========================================================================


===========================================================================
                         Molecular Energy (final)
---------------------------------------------------------------------------
 Kinetic energy          :            (au)                341.525639509917
 E-N energy              :            (au)               -893.189235649754
 Coulomb energy          :            (au)                200.966101367262
 Exchange energy         :            (au)                 -7.050248962952
 X-C energy              :            (au)                -21.864848958403
 Ext. field (el)         :            (au)                  0.000000000000
---------------------------------------------------------------------------
 N-N energy              :            (au)                 37.423681119428
 Ext. field (nuc)        :            (au)                  0.000000000000
 Tot. Reac. Energy       :            (au)                  0.000000000000
 El. Reac. Energy        :            (au)                  0.000000000000
 Nuc. Reac. Energy       :            (au)                  0.000000000000
---------------------------------------------------------------------------
 Electronic energy       :            (au)               -379.612592693930
 Nuclear energy          :            (au)                 37.423681119428
---------------------------------------------------------------------------
 Total energy            :            (au)             -3.421889115745e+02
                         :      (kcal/mol)             -2.147267821998e+05
                         :        (kJ/mol)             -8.984168573071e+05
                         :            (eV)             -9.311434232694e+03
===========================================================================


===========================================================================
                         Orbital Energies (final)
---------------------------------------------------------------------------
    n  Occ Spin          :                                         Epsilon
---------------------------------------------------------------------------
    0    1    a          :            (au)                -56.169228365754
    1    1    a          :            (au)                -24.726467436188
    2    1    a          :            (au)                 -4.195291074309
    3    1    a          :            (au)                 -2.725470713352
    4    1    a          :            (au)                 -2.725470708807
    5    1    a          :            (au)                 -2.721252754231
    6    1    a          :            (au)                 -1.171546960201
    7    1    a          :            (au)                 -0.474605472577
    8    1    a          :            (au)                 -0.422372541978
    9    1    a          :            (au)                 -0.422372522924
   10    1    a          :            (au)                 -0.263000578752
   11    1    b          :            (au)                -56.169228365807
   12    1    b          :            (au)                -24.726467435975
   13    1    b          :            (au)                 -4.195291074342
   14    1    b          :            (au)                 -2.725470713338
   15    1    b          :            (au)                 -2.725470708495
   16    1    b          :            (au)                 -2.721252756679
   17    1    b          :            (au)                 -1.171546959397
   18    1    b          :            (au)                 -0.474605469040
   19    1    b          :            (au)                 -0.422372542913
   20    1    b          :            (au)                 -0.422372524638
   21    1    b          :            (au)                 -0.263000581423
---------------------------------------------------------------------------
 Sum occupied            :            (au)               -192.034158261120
===========================================================================


===========================================================================
                           Dipole Moment (dip-1)
---------------------------------------------------------------------------
 r_O                     :        0.000000        0.000000        0.000000
---------------------------------------------------------------------------
 Electronic vector       :        0.000006       -0.000088       -0.267113
 Magnitude               :            (au)                        0.267113
                         :         (Debye)                        0.678933
---------------------------------------------------------------------------
 Nuclear vector          :        0.000000        0.000000       -0.281862
 Magnitude               :            (au)                        0.281862
                         :         (Debye)                        0.716421
---------------------------------------------------------------------------
 Total vector            :        0.000006       -0.000088       -0.548975
 Magnitude               :            (au)                        0.548975
                         :         (Debye)                        1.395355
===========================================================================


                                                                           
                                                                           
***************************************************************************
***                                                                     ***
***                            Exiting MRChem                           ***
***                                                                     ***
***                       Wall time :  0h 15m 12s                       ***
***                                                                     ***
***************************************************************************
                                                                           
                                                                           
