                                                                           
                                                                           
***************************************************************************
***                                                                     ***
***                                                                     ***
***          __  __ ____   ____ _                                       ***
***         |  \/  |  _ \ / ___| |__   ___ _ __ ___                     ***
***         | |\/| | |_) | |   | '_ \ / _ \ '_ ` _ \                    ***
***         | |  | |  _ <| |___| | | |  __/ | | | | |                   ***
***         |_|  |_|_| \_\\____|_| |_|\___|_| |_| |_|                   ***
***                                                                     ***
***         VERSION            1.1.0-alpha                              ***
***                                                                     ***
***         Git branch         HEAD                                     ***
***         Git commit hash    e7d4b230bb6df8495b9a                     ***
***         Git commit author  Stig Rune Jensen                         ***
***         Git commit date    Sat Mar 19 14:14:51 2022 +0100           ***
***                                                                     ***
***         Contact: luca.frediani@uit.no                               ***
***                                                                     ***
***         Radovan Bast            Magnar Bjorgve                      ***
***         Roberto Di Remigio      Antoine Durdek                      ***
***         Luca Frediani           Gabriel Gerez                       ***
***         Stig Rune Jensen        Jonas Juselius                      ***
***         Rune Monstad            Peter Wind                          ***
***                                                                     ***
***************************************************************************

---------------------------------------------------------------------------

 MPI processes           :        (1 bank)                              30
 OpenMP threads          :                                               6
 Total cores             :                                             175
                                                                           
---------------------------------------------------------------------------

XCFun DFT library Copyright 2009-2020 Ulf Ekstrom and contributors.
See http://dftlibs.org/xcfun/ for more information.

This is free software; see the source code for copying conditions.
There is ABSOLUTELY NO WARRANTY; not even for MERCHANTABILITY or
FITNESS FOR A PARTICULAR PURPOSE. For details see the documentation.
Scientific users of this library should cite
U. Ekstrom, L. Visscher, R. Bast, A. J. Thorvaldsen and K. Ruud;
J.Chem.Theor.Comp. 2010, DOI: 10.1021/ct100117s

---------------------------------------------------------------------------

 MRCPP version         : 1.4.1
 Git branch            : HEAD
 Git commit hash       : 75d41879b1908a94a452
 Git commit author     : Stig Rune Jensen
 Git commit date       : Thu Jan 6 11:38:53 2022 +0100

 Linear algebra        : EIGEN v3.4.0
 Parallelization       : MPI/OpenMP (6 threads)

---------------------------------------------------------------------------


                                                                           
===========================================================================
                         MultiResolution Analysis
---------------------------------------------------------------------------
 polynomial order      : 9
 polynomial type       : Interpolating
---------------------------------------------------------------------------
 total boxes           : 8
 boxes                 : [          2           2           2 ]
 unit lengths          : [   32.00000    32.00000    32.00000 ]
 scaling factor        : [    1.00000     1.00000     1.00000 ]
 lower bounds          : [  -32.00000   -32.00000   -32.00000 ]
 upper bounds          : [   32.00000    32.00000    32.00000 ]
 total length          : [   64.00000    64.00000    64.00000 ]
===========================================================================


                                                                           
***************************************************************************
***                                                                     ***
***                        Initializing Molecule                        ***
***                                                                     ***
***************************************************************************
                                                                           
                                                                           
===========================================================================
                                 Molecule
---------------------------------------------------------------------------
 Charge                  :                                               0
 Multiplicity            :                                               1
---------------------------------------------------------------------------
    N    Atom            :               x               y               z
---------------------------------------------------------------------------
    0      Cl            :        0.000000        0.000000       -0.066586
    1       H            :        0.000000        0.000000        2.342059
---------------------------------------------------------------------------
 Center of mass          :        0.000000        0.000000       -0.000000
===========================================================================


                                                                           
***************************************************************************
***                                                                     ***
***                 Computing Ground State Wavefunction                 ***
***                                                                     ***
***************************************************************************
                                                                           
                                                                           
~~~~~~~~~~~~~~~~~~~~~~~~~~~~~~~~~~~~~~~~~~~~~~~~~~~~~~~~~~~~~~~~~~~~~~~~~~~
 Calculation             : Compute initial orbitals
 Method                  : Diagonalize SAD Hamiltonian
 Precision               : 1.00000e-04
 Screening               : 1.20000e+01 StdDev
 Restricted              : False
 Functional              : LDA (SVWN5)
 AO basis                : 3-21G
~~~~~~~~~~~~~~~~~~~~~~~~~~~~~~~~~~~~~~~~~~~~~~~~~~~~~~~~~~~~~~~~~~~~~~~~~~~


===========================================================================
                            Molecular Orbitals
---------------------------------------------------------------------------
 Alpha electrons         :                                               9
 Beta electrons          :                                               9
 Total electrons         :                                              18
---------------------------------------------------------------------------
    n  Occ Spin          :                                            Norm
---------------------------------------------------------------------------
    0    1    a          :                              1.000000000046e+00
    1    1    a          :                              1.000000000034e+00
    2    1    a          :                              9.999999999755e-01
    3    1    a          :                              9.999999999473e-01
    4    1    a          :                              1.000000000000e+00
    5    1    a          :                              9.999999998306e-01
    6    1    a          :                              9.999999993380e-01
    7    1    a          :                              9.999999999859e-01
    8    1    a          :                              1.000000000000e+00
    9    1    b          :                              1.000000000046e+00
   10    1    b          :                              1.000000000034e+00
   11    1    b          :                              9.999999999755e-01
   12    1    b          :                              9.999999999473e-01
   13    1    b          :                              1.000000000000e+00
   14    1    b          :                              9.999999998306e-01
   15    1    b          :                              9.999999993380e-01
   16    1    b          :                              9.999999999961e-01
   17    1    b          :                              1.000000000000e+00
===========================================================================


~~~~~~~~~~~~~~~~~~~~~~~~~~~~~~~~~~~~~~~~~~~~~~~~~~~~~~~~~~~~~~~~~~~~~~~~~~~
 Calculation             : Compute initial energy
 Method                  : DFT (PBE0)
 Relativity              : None
 Precision               : 1.00000e-04
 Localization            : On
~~~~~~~~~~~~~~~~~~~~~~~~~~~~~~~~~~~~~~~~~~~~~~~~~~~~~~~~~~~~~~~~~~~~~~~~~~~


===========================================================================
                        Molecular Energy (initial)
---------------------------------------------------------------------------
 Kinetic energy          :            (au)                457.767552792617
 E-N energy              :            (au)              -1106.333062876738
 Coulomb energy          :            (au)                211.561127835617
 Exchange energy         :            (au)                 -6.975442045055
 X-C energy              :            (au)                -21.482414926277
 Ext. field (el)         :            (au)                  0.000000000000
---------------------------------------------------------------------------
 N-N energy              :            (au)                  7.057910885364
 Ext. field (nuc)        :            (au)                  0.000000000000
 Tot. Reac. Energy       :            (au)                  0.000000000000
 El. Reac. Energy        :            (au)                  0.000000000000
 Nuc. Reac. Energy       :            (au)                  0.000000000000
---------------------------------------------------------------------------
 Electronic energy       :            (au)               -465.462239219837
 Nuclear energy          :            (au)                  7.057910885364
---------------------------------------------------------------------------
 Total energy            :            (au)             -4.584043283345e+02
                         :      (kcal/mol)             -2.876530566605e+05
                         :        (kJ/mol)             -1.203540389849e+06
                         :            (eV)             -1.247381668690e+04
===========================================================================


===========================================================================
                        Orbital Energies (initial)
---------------------------------------------------------------------------
    n  Occ Spin          :                                         Epsilon
---------------------------------------------------------------------------
    0    1    a          :            (au)               -100.907968280360
    1    1    a          :            (au)                 -9.386454657273
    2    1    a          :            (au)                 -7.130062050990
    3    1    a          :            (au)                 -7.119101873107
    4    1    a          :            (au)                 -7.118670658372
    5    1    a          :            (au)                 -0.854422700688
    6    1    a          :            (au)                 -0.454206339968
    7    1    a          :            (au)                 -0.309670943753
    8    1    a          :            (au)                 -0.309113921412
    9    1    b          :            (au)               -100.907968280345
   10    1    b          :            (au)                 -9.386454657297
   11    1    b          :            (au)                 -7.130062051034
   12    1    b          :            (au)                 -7.119101873114
   13    1    b          :            (au)                 -7.118670658389
   14    1    b          :            (au)                 -0.854422701014
   15    1    b          :            (au)                 -0.454206342250
   16    1    b          :            (au)                 -0.309670944319
   17    1    b          :            (au)                 -0.309113921994
---------------------------------------------------------------------------
 Sum occupied            :            (au)               -267.179342855678
===========================================================================


~~~~~~~~~~~~~~~~~~~~~~~~~~~~~~~~~~~~~~~~~~~~~~~~~~~~~~~~~~~~~~~~~~~~~~~~~~~
 Calculation             : Optimize ground state orbitals
 Method                  : DFT (PBE0)
 Relativity              : None
 Checkpointing           : Off
 Max iterations          : 200
 KAIN solver             : 10
 Localization            : First two iterations
 Diagonalization         : Off
 Start precision         : 1.00000e-06
 Final precision         : 1.00000e-06
 Helmholtz precision     : Dynamic
 Energy threshold        : 1.00000e-06
 Orbital threshold       : 5.00000e-05
~~~~~~~~~~~~~~~~~~~~~~~~~~~~~~~~~~~~~~~~~~~~~~~~~~~~~~~~~~~~~~~~~~~~~~~~~~~


===========================================================================
 Iter           MO residual             Total energy                Update
---------------------------------------------------------------------------
    0          4.242641e+00        -458.404328334473         -4.584043e+02
    1          1.822760e-01        -460.602195737053         -2.197867e+00
    2          6.339440e-02        -460.667962340451         -6.576660e-02
    3          2.524697e-02        -460.677281850841         -9.319510e-03
    4          1.587403e-02        -460.679542977766         -2.261127e-03
    5          1.554666e-02        -460.680586579436         -1.043602e-03
    6          6.732048e-03        -460.680740666488         -1.540871e-04
    7          4.785242e-03        -460.680800147550         -5.948106e-05
    8          1.163239e-03        -460.680810055824         -9.908274e-06
    9          8.124797e-04        -460.680813644426         -3.588602e-06
   10          5.379783e-04        -460.680814242885         -5.984592e-07
   11          5.151861e-04        -460.680814690105         -4.472197e-07
   12          1.259161e-04        -460.680814794372         -1.042670e-07
   13          7.612590e-05        -460.680814832612         -3.823988e-08
---------------------------------------------------------------------------
                      SCF converged in 13 iterations!
===========================================================================


                                                                           
***************************************************************************
***                                                                     ***
***                    Printing Molecular Properties                    ***
***                                                                     ***
***************************************************************************
                                                                           
                                                                           
===========================================================================
                                 Molecule
---------------------------------------------------------------------------
 Charge                  :                                               0
 Multiplicity            :                                               1
---------------------------------------------------------------------------
    N    Atom            :               x               y               z
---------------------------------------------------------------------------
    0      Cl            :        0.000000        0.000000       -0.066586
    1       H            :        0.000000        0.000000        2.342059
---------------------------------------------------------------------------
 Center of mass          :        0.000000        0.000000       -0.000000
===========================================================================


===========================================================================
                         Molecular Energy (final)
---------------------------------------------------------------------------
 Kinetic energy          :            (au)                460.093580372209
 E-N energy              :            (au)              -1110.138766498087
 Coulomb energy          :            (au)                210.753981234046
 Exchange energy         :            (au)                 -6.968167145474
 X-C energy              :            (au)                -21.479353680669
 Ext. field (el)         :            (au)                  0.000000000000
---------------------------------------------------------------------------
 N-N energy              :            (au)                  7.057910885364
 Ext. field (nuc)        :            (au)                  0.000000000000
 Tot. Reac. Energy       :            (au)                  0.000000000000
 El. Reac. Energy        :            (au)                  0.000000000000
 Nuc. Reac. Energy       :            (au)                  0.000000000000
---------------------------------------------------------------------------
 Electronic energy       :            (au)               -467.738725717976
 Nuclear energy          :            (au)                  7.057910885364
---------------------------------------------------------------------------
 Total energy            :            (au)             -4.606808148326e+02
                         :      (kcal/mol)             -2.890815734941e+05
                         :        (kJ/mol)             -1.209517304284e+06
                         :            (eV)             -1.253576303756e+04
===========================================================================


===========================================================================
                         Orbital Energies (final)
---------------------------------------------------------------------------
    n  Occ Spin          :                                         Epsilon
---------------------------------------------------------------------------
    0    1    a          :            (au)               -101.715136464959
    1    1    a          :            (au)                 -9.541618128593
    2    1    a          :            (au)                 -7.275514408554
    3    1    a          :            (au)                 -7.267725769942
    4    1    a          :            (au)                 -7.267725632167
    5    1    a          :            (au)                 -0.870235141385
    6    1    a          :            (au)                 -0.489498564290
    7    1    a          :            (au)                 -0.349309667071
    8    1    a          :            (au)                 -0.349309511130
    9    1    b          :            (au)               -101.715136465255
   10    1    b          :            (au)                 -9.541618128912
   11    1    b          :            (au)                 -7.275514409679
   12    1    b          :            (au)                 -7.267725770132
   13    1    b          :            (au)                 -7.267725632353
   14    1    b          :            (au)                 -0.870235138839
   15    1    b          :            (au)                 -0.489498552099
   16    1    b          :            (au)                 -0.349309667783
   17    1    b          :            (au)                 -0.349309511839
---------------------------------------------------------------------------
 Sum occupied            :            (au)               -270.252146564982
===========================================================================


===========================================================================
                           Dipole Moment (dip-1)
---------------------------------------------------------------------------
 r_O                     :        0.000000        0.000000        0.000000
---------------------------------------------------------------------------
 Electronic vector       :        0.000000        0.000003       -0.773156
 Magnitude               :            (au)                        0.773156
                         :         (Debye)                        1.965167
---------------------------------------------------------------------------
 Nuclear vector          :        0.000000        0.000000        1.210096
 Magnitude               :            (au)                        1.210096
                         :         (Debye)                        3.075757
---------------------------------------------------------------------------
 Total vector            :        0.000000        0.000003        0.436940
 Magnitude               :            (au)                        0.436940
                         :         (Debye)                        1.110590
===========================================================================


                                                                           
                                                                           
***************************************************************************
***                                                                     ***
***                            Exiting MRChem                           ***
***                                                                     ***
***                       Wall time :  0h 14m 25s                       ***
***                                                                     ***
***************************************************************************
                                                                           
                                                                           
