                                                                           
                                                                           
***************************************************************************
***                                                                     ***
***                                                                     ***
***          __  __ ____   ____ _                                       ***
***         |  \/  |  _ \ / ___| |__   ___ _ __ ___                     ***
***         | |\/| | |_) | |   | '_ \ / _ \ '_ ` _ \                    ***
***         | |  | |  _ <| |___| | | |  __/ | | | | |                   ***
***         |_|  |_|_| \_\\____|_| |_|\___|_| |_| |_|                   ***
***                                                                     ***
***         VERSION            1.1.0-alpha                              ***
***                                                                     ***
***         Git branch         HEAD                                     ***
***         Git commit hash    e7d4b230bb6df8495b9a                     ***
***         Git commit author  Stig Rune Jensen                         ***
***         Git commit date    Sat Mar 19 14:14:51 2022 +0100           ***
***                                                                     ***
***         Contact: luca.frediani@uit.no                               ***
***                                                                     ***
***         Radovan Bast            Magnar Bjorgve                      ***
***         Roberto Di Remigio      Antoine Durdek                      ***
***         Luca Frediani           Gabriel Gerez                       ***
***         Stig Rune Jensen        Jonas Juselius                      ***
***         Rune Monstad            Peter Wind                          ***
***                                                                     ***
***************************************************************************

---------------------------------------------------------------------------

 MPI processes           :        (1 bank)                              30
 OpenMP threads          :                                               6
 Total cores             :                                             175
                                                                           
---------------------------------------------------------------------------

XCFun DFT library Copyright 2009-2020 Ulf Ekstrom and contributors.
See http://dftlibs.org/xcfun/ for more information.

This is free software; see the source code for copying conditions.
There is ABSOLUTELY NO WARRANTY; not even for MERCHANTABILITY or
FITNESS FOR A PARTICULAR PURPOSE. For details see the documentation.
Scientific users of this library should cite
U. Ekstrom, L. Visscher, R. Bast, A. J. Thorvaldsen and K. Ruud;
J.Chem.Theor.Comp. 2010, DOI: 10.1021/ct100117s

---------------------------------------------------------------------------

 MRCPP version         : 1.4.1
 Git branch            : HEAD
 Git commit hash       : 75d41879b1908a94a452
 Git commit author     : Stig Rune Jensen
 Git commit date       : Thu Jan 6 11:38:53 2022 +0100

 Linear algebra        : EIGEN v3.4.0
 Parallelization       : MPI/OpenMP (6 threads)

---------------------------------------------------------------------------


                                                                           
===========================================================================
                         MultiResolution Analysis
---------------------------------------------------------------------------
 polynomial order      : 9
 polynomial type       : Interpolating
---------------------------------------------------------------------------
 total boxes           : 8
 boxes                 : [          2           2           2 ]
 unit lengths          : [   32.00000    32.00000    32.00000 ]
 scaling factor        : [    1.00000     1.00000     1.00000 ]
 lower bounds          : [  -32.00000   -32.00000   -32.00000 ]
 upper bounds          : [   32.00000    32.00000    32.00000 ]
 total length          : [   64.00000    64.00000    64.00000 ]
===========================================================================


                                                                           
***************************************************************************
***                                                                     ***
***                        Initializing Molecule                        ***
***                                                                     ***
***************************************************************************
                                                                           
                                                                           
===========================================================================
                                 Molecule
---------------------------------------------------------------------------
 Charge                  :                                               0
 Multiplicity            :                                               2
---------------------------------------------------------------------------
    N    Atom            :               x               y               z
---------------------------------------------------------------------------
    0      Mg            :        0.000000        0.000000       -0.130155
    1       H            :        0.000000        0.000000        3.138504
---------------------------------------------------------------------------
 Center of mass          :        0.000000        0.000000        0.000000
===========================================================================


                                                                           
***************************************************************************
***                                                                     ***
***                 Computing Ground State Wavefunction                 ***
***                                                                     ***
***************************************************************************
                                                                           
                                                                           
~~~~~~~~~~~~~~~~~~~~~~~~~~~~~~~~~~~~~~~~~~~~~~~~~~~~~~~~~~~~~~~~~~~~~~~~~~~
 Calculation             : Compute initial orbitals
 Method                  : Diagonalize SAD Hamiltonian
 Precision               : 1.00000e-04
 Screening               : 1.20000e+01 StdDev
 Restricted              : False
 Functional              : LDA (SVWN5)
 AO basis                : 3-21G
~~~~~~~~~~~~~~~~~~~~~~~~~~~~~~~~~~~~~~~~~~~~~~~~~~~~~~~~~~~~~~~~~~~~~~~~~~~


===========================================================================
                            Molecular Orbitals
---------------------------------------------------------------------------
 Alpha electrons         :                                               7
 Beta electrons          :                                               6
 Total electrons         :                                              13
---------------------------------------------------------------------------
    n  Occ Spin          :                                            Norm
---------------------------------------------------------------------------
    0    1    a          :                              1.000000001379e+00
    1    1    a          :                              9.999999969172e-01
    2    1    a          :                              9.999999923585e-01
    3    1    a          :                              9.999999990279e-01
    4    1    a          :                              9.999999990279e-01
    5    1    a          :                              1.000000068819e+00
    6    1    a          :                              1.000000108462e+00
    7    1    b          :                              1.000000001379e+00
    8    1    b          :                              9.999999969172e-01
    9    1    b          :                              9.999999923585e-01
   10    1    b          :                              9.999999990279e-01
   11    1    b          :                              9.999999990279e-01
   12    1    b          :                              1.000000068819e+00
===========================================================================


~~~~~~~~~~~~~~~~~~~~~~~~~~~~~~~~~~~~~~~~~~~~~~~~~~~~~~~~~~~~~~~~~~~~~~~~~~~
 Calculation             : Compute initial energy
 Method                  : DFT (PBE0)
 Relativity              : None
 Precision               : 1.00000e-04
 Localization            : On
~~~~~~~~~~~~~~~~~~~~~~~~~~~~~~~~~~~~~~~~~~~~~~~~~~~~~~~~~~~~~~~~~~~~~~~~~~~


===========================================================================
                        Molecular Energy (initial)
---------------------------------------------------------------------------
 Kinetic energy          :            (au)                198.290976718449
 E-N energy              :            (au)               -483.753463737198
 Coulomb energy          :            (au)                 99.135850104992
 Exchange energy         :            (au)                 -4.081125385869
 X-C energy              :            (au)                -12.597865633584
 Ext. field (el)         :            (au)                  0.000000000000
---------------------------------------------------------------------------
 N-N energy              :            (au)                  3.671230266954
 Ext. field (nuc)        :            (au)                  0.000000000000
 Tot. Reac. Energy       :            (au)                  0.000000000000
 El. Reac. Energy        :            (au)                  0.000000000000
 Nuc. Reac. Energy       :            (au)                  0.000000000000
---------------------------------------------------------------------------
 Electronic energy       :            (au)               -203.005627933211
 Nuclear energy          :            (au)                  3.671230266954
---------------------------------------------------------------------------
 Total energy            :            (au)             -1.993343976663e+02
                         :      (kcal/mol)             -1.250842220330e+05
                         :        (kJ/mol)             -5.233523853257e+05
                         :            (eV)             -5.424165048606e+03
===========================================================================


===========================================================================
                        Orbital Energies (initial)
---------------------------------------------------------------------------
    n  Occ Spin          :                                         Epsilon
---------------------------------------------------------------------------
    0    1    a          :            (au)                -46.651507341239
    1    1    a          :            (au)                 -3.169560998448
    2    1    a          :            (au)                 -1.888277627512
    3    1    a          :            (au)                 -1.888277621708
    4    1    a          :            (au)                 -1.884209145917
    5    1    a          :            (au)                 -0.270216743075
    6    1    a          :            (au)                 -0.164005611494
    7    1    b          :            (au)                -46.649061324847
    8    1    b          :            (au)                 -3.164131914477
    9    1    b          :            (au)                 -1.884671612223
   10    1    b          :            (au)                 -1.884671336581
   11    1    b          :            (au)                 -1.878721535523
   12    1    b          :            (au)                 -0.231609759432
---------------------------------------------------------------------------
 Sum occupied            :            (au)               -111.608922572476
===========================================================================


~~~~~~~~~~~~~~~~~~~~~~~~~~~~~~~~~~~~~~~~~~~~~~~~~~~~~~~~~~~~~~~~~~~~~~~~~~~
 Calculation             : Optimize ground state orbitals
 Method                  : DFT (PBE0)
 Relativity              : None
 Checkpointing           : Off
 Max iterations          : 200
 KAIN solver             : 10
 Localization            : First two iterations
 Diagonalization         : Off
 Start precision         : 1.00000e-06
 Final precision         : 1.00000e-06
 Helmholtz precision     : Dynamic
 Energy threshold        : 1.00000e-06
 Orbital threshold       : 5.00000e-05
~~~~~~~~~~~~~~~~~~~~~~~~~~~~~~~~~~~~~~~~~~~~~~~~~~~~~~~~~~~~~~~~~~~~~~~~~~~


===========================================================================
 Iter           MO residual             Total energy                Update
---------------------------------------------------------------------------
    0          3.605551e+00        -199.334397666257         -1.993344e+02
    1          1.999148e-01        -200.481248417122         -1.146851e+00
    2          4.986235e-02        -200.517505576704         -3.625716e-02
    3          2.532106e-02        -200.522771018132         -5.265441e-03
    4          2.175360e-02        -200.524019649421         -1.248631e-03
    5          1.501049e-02        -200.524439695748         -4.200463e-04
    6          5.128068e-03        -200.524484397779         -4.470203e-05
    7          2.226831e-03        -200.524499150256         -1.475248e-05
    8          1.652415e-03        -200.524502211736         -3.061480e-06
    9          9.775540e-04        -200.524502813628         -6.018924e-07
   10          7.181861e-04        -200.524503157590         -3.439623e-07
   11          2.628893e-04        -200.524503326337         -1.687464e-07
   12          8.338877e-05        -200.524503351043         -2.470605e-08
---------------------------------------------------------------------------
                      SCF converged in 12 iterations!
===========================================================================


                                                                           
***************************************************************************
***                                                                     ***
***                    Printing Molecular Properties                    ***
***                                                                     ***
***************************************************************************
                                                                           
                                                                           
===========================================================================
                                 Molecule
---------------------------------------------------------------------------
 Charge                  :                                               0
 Multiplicity            :                                               2
---------------------------------------------------------------------------
    N    Atom            :               x               y               z
---------------------------------------------------------------------------
    0      Mg            :        0.000000        0.000000       -0.130155
    1       H            :        0.000000        0.000000        3.138504
---------------------------------------------------------------------------
 Center of mass          :        0.000000        0.000000        0.000000
===========================================================================


===========================================================================
                         Molecular Energy (final)
---------------------------------------------------------------------------
 Kinetic energy          :            (au)                200.152255570871
 E-N energy              :            (au)               -487.365260750177
 Coulomb energy          :            (au)                 99.727824628473
 Exchange energy         :            (au)                 -4.084189960357
 X-C energy              :            (au)                -12.626363106806
 Ext. field (el)         :            (au)                  0.000000000000
---------------------------------------------------------------------------
 N-N energy              :            (au)                  3.671230266954
 Ext. field (nuc)        :            (au)                  0.000000000000
 Tot. Reac. Energy       :            (au)                  0.000000000000
 El. Reac. Energy        :            (au)                  0.000000000000
 Nuc. Reac. Energy       :            (au)                  0.000000000000
---------------------------------------------------------------------------
 Electronic energy       :            (au)               -204.195733617996
 Nuclear energy          :            (au)                  3.671230266954
---------------------------------------------------------------------------
 Total energy            :            (au)             -2.005245033510e+02
                         :      (kcal/mol)             -1.258310246193e+05
                         :        (kJ/mol)             -5.264770073489e+05
                         :            (eV)             -5.456549472645e+03
===========================================================================


===========================================================================
                         Orbital Energies (final)
---------------------------------------------------------------------------
    n  Occ Spin          :                                         Epsilon
---------------------------------------------------------------------------
    0    1    a          :            (au)                -46.925309297905
    1    1    a          :            (au)                 -3.161247197678
    2    1    a          :            (au)                 -1.884248460829
    3    1    a          :            (au)                 -1.884248459900
    4    1    a          :            (au)                 -1.880671865341
    5    1    a          :            (au)                 -0.302959949667
    6    1    a          :            (au)                 -0.181067576070
    7    1    b          :            (au)                -46.923297987696
    8    1    b          :            (au)                 -3.157390592508
    9    1    b          :            (au)                 -1.881833365985
   10    1    b          :            (au)                 -1.881833362487
   11    1    b          :            (au)                 -1.875351411928
   12    1    b          :            (au)                 -0.277366718708
---------------------------------------------------------------------------
 Sum occupied            :            (au)               -112.216826246702
===========================================================================


===========================================================================
                           Dipole Moment (dip-1)
---------------------------------------------------------------------------
 r_O                     :        0.000000        0.000000        0.000000
---------------------------------------------------------------------------
 Electronic vector       :       -0.000000       -0.000000       -2.081903
 Magnitude               :            (au)                        2.081903
                         :         (Debye)                        5.291669
---------------------------------------------------------------------------
 Nuclear vector          :        0.000000        0.000000        1.576641
 Magnitude               :            (au)                        1.576641
                         :         (Debye)                        4.007421
---------------------------------------------------------------------------
 Total vector            :       -0.000000       -0.000000       -0.505262
 Magnitude               :            (au)                        0.505262
                         :         (Debye)                        1.284249
===========================================================================


                                                                           
                                                                           
***************************************************************************
***                                                                     ***
***                            Exiting MRChem                           ***
***                                                                     ***
***                       Wall time :  0h 10m 49s                       ***
***                                                                     ***
***************************************************************************
                                                                           
                                                                           
