                                                                           
                                                                           
***************************************************************************
***                                                                     ***
***                                                                     ***
***          __  __ ____   ____ _                                       ***
***         |  \/  |  _ \ / ___| |__   ___ _ __ ___                     ***
***         | |\/| | |_) | |   | '_ \ / _ \ '_ ` _ \                    ***
***         | |  | |  _ <| |___| | | |  __/ | | | | |                   ***
***         |_|  |_|_| \_\\____|_| |_|\___|_| |_| |_|                   ***
***                                                                     ***
***         VERSION            1.1.0-alpha                              ***
***                                                                     ***
***         Git branch         HEAD                                     ***
***         Git commit hash    e7d4b230bb6df8495b9a                     ***
***         Git commit author  Stig Rune Jensen                         ***
***         Git commit date    Sat Mar 19 14:14:51 2022 +0100           ***
***                                                                     ***
***         Contact: luca.frediani@uit.no                               ***
***                                                                     ***
***         Radovan Bast            Magnar Bjorgve                      ***
***         Roberto Di Remigio      Antoine Durdek                      ***
***         Luca Frediani           Gabriel Gerez                       ***
***         Stig Rune Jensen        Jonas Juselius                      ***
***         Rune Monstad            Peter Wind                          ***
***                                                                     ***
***************************************************************************

---------------------------------------------------------------------------

 MPI processes           :        (1 bank)                              30
 OpenMP threads          :                                               6
 Total cores             :                                             175
                                                                           
---------------------------------------------------------------------------

XCFun DFT library Copyright 2009-2020 Ulf Ekstrom and contributors.
See http://dftlibs.org/xcfun/ for more information.

This is free software; see the source code for copying conditions.
There is ABSOLUTELY NO WARRANTY; not even for MERCHANTABILITY or
FITNESS FOR A PARTICULAR PURPOSE. For details see the documentation.
Scientific users of this library should cite
U. Ekstrom, L. Visscher, R. Bast, A. J. Thorvaldsen and K. Ruud;
J.Chem.Theor.Comp. 2010, DOI: 10.1021/ct100117s

---------------------------------------------------------------------------

 MRCPP version         : 1.4.1
 Git branch            : HEAD
 Git commit hash       : 75d41879b1908a94a452
 Git commit author     : Stig Rune Jensen
 Git commit date       : Thu Jan 6 11:38:53 2022 +0100

 Linear algebra        : EIGEN v3.4.0
 Parallelization       : MPI/OpenMP (6 threads)

---------------------------------------------------------------------------


                                                                           
===========================================================================
                         MultiResolution Analysis
---------------------------------------------------------------------------
 polynomial order      : 9
 polynomial type       : Interpolating
---------------------------------------------------------------------------
 total boxes           : 8
 boxes                 : [          2           2           2 ]
 unit lengths          : [   32.00000    32.00000    32.00000 ]
 scaling factor        : [    1.00000     1.00000     1.00000 ]
 lower bounds          : [  -32.00000   -32.00000   -32.00000 ]
 upper bounds          : [   32.00000    32.00000    32.00000 ]
 total length          : [   64.00000    64.00000    64.00000 ]
===========================================================================


                                                                           
***************************************************************************
***                                                                     ***
***                        Initializing Molecule                        ***
***                                                                     ***
***************************************************************************
                                                                           
                                                                           
===========================================================================
                                 Molecule
---------------------------------------------------------------------------
 Charge                  :                                               0
 Multiplicity            :                                               1
---------------------------------------------------------------------------
    N    Atom            :               x               y               z
---------------------------------------------------------------------------
    0      Mg            :        0.000000        0.000000        0.000000
    1       H            :        0.000000        0.000000        3.226140
    2       H            :        0.000000        0.000000       -3.226140
---------------------------------------------------------------------------
 Center of mass          :        0.000000        0.000000       -0.000000
===========================================================================


                                                                           
***************************************************************************
***                                                                     ***
***                 Computing Ground State Wavefunction                 ***
***                                                                     ***
***************************************************************************
                                                                           
                                                                           
~~~~~~~~~~~~~~~~~~~~~~~~~~~~~~~~~~~~~~~~~~~~~~~~~~~~~~~~~~~~~~~~~~~~~~~~~~~
 Calculation             : Compute initial orbitals
 Method                  : Diagonalize SAD Hamiltonian
 Precision               : 1.00000e-04
 Screening               : 1.20000e+01 StdDev
 Restricted              : False
 Functional              : LDA (SVWN5)
 AO basis                : 3-21G
~~~~~~~~~~~~~~~~~~~~~~~~~~~~~~~~~~~~~~~~~~~~~~~~~~~~~~~~~~~~~~~~~~~~~~~~~~~


===========================================================================
                            Molecular Orbitals
---------------------------------------------------------------------------
 Alpha electrons         :                                               7
 Beta electrons          :                                               7
 Total electrons         :                                              14
---------------------------------------------------------------------------
    n  Occ Spin          :                                            Norm
---------------------------------------------------------------------------
    0    1    a          :                              9.999999989077e-01
    1    1    a          :                              9.999999940068e-01
    2    1    a          :                              9.999999979241e-01
    3    1    a          :                              1.000000000000e+00
    4    1    a          :                              1.000000000000e+00
    5    1    a          :                              1.000000148637e+00
    6    1    a          :                              9.999999058227e-01
    7    1    b          :                              9.999999989077e-01
    8    1    b          :                              9.999999940068e-01
    9    1    b          :                              9.999999979241e-01
   10    1    b          :                              1.000000000000e+00
   11    1    b          :                              1.000000000000e+00
   12    1    b          :                              1.000000148637e+00
   13    1    b          :                              9.999999059957e-01
===========================================================================


~~~~~~~~~~~~~~~~~~~~~~~~~~~~~~~~~~~~~~~~~~~~~~~~~~~~~~~~~~~~~~~~~~~~~~~~~~~
 Calculation             : Compute initial energy
 Method                  : DFT (PBE0)
 Relativity              : None
 Precision               : 1.00000e-04
 Localization            : On
~~~~~~~~~~~~~~~~~~~~~~~~~~~~~~~~~~~~~~~~~~~~~~~~~~~~~~~~~~~~~~~~~~~~~~~~~~~


===========================================================================
                        Molecular Energy (initial)
---------------------------------------------------------------------------
 Kinetic energy          :            (au)                198.884886693466
 E-N energy              :            (au)               -492.832063859945
 Coulomb energy          :            (au)                103.493382502612
 Exchange energy         :            (au)                 -4.175229240662
 X-C energy              :            (au)                -12.905814706083
 Ext. field (el)         :            (au)                  0.000000000000
---------------------------------------------------------------------------
 N-N energy              :            (au)                  7.594214263862
 Ext. field (nuc)        :            (au)                  0.000000000000
 Tot. Reac. Energy       :            (au)                  0.000000000000
 El. Reac. Energy        :            (au)                  0.000000000000
 Nuc. Reac. Energy       :            (au)                  0.000000000000
---------------------------------------------------------------------------
 Electronic energy       :            (au)               -207.534838610611
 Nuclear energy          :            (au)                  7.594214263862
---------------------------------------------------------------------------
 Total energy            :            (au)             -1.999406243467e+02
                         :      (kcal/mol)             -1.254646350154e+05
                         :        (kJ/mol)             -5.249440332450e+05
                         :            (eV)             -5.440661316237e+03
===========================================================================


===========================================================================
                        Orbital Energies (initial)
---------------------------------------------------------------------------
    n  Occ Spin          :                                         Epsilon
---------------------------------------------------------------------------
    0    1    a          :            (au)                -46.646281684160
    1    1    a          :            (au)                 -3.163130179831
    2    1    a          :            (au)                 -1.884567219466
    3    1    a          :            (au)                 -1.884566833108
    4    1    a          :            (au)                 -1.876238640353
    5    1    a          :            (au)                 -0.289257300890
    6    1    a          :            (au)                 -0.237483822148
    7    1    b          :            (au)                -46.646281692879
    8    1    b          :            (au)                 -3.163130180201
    9    1    b          :            (au)                 -1.884567220144
   10    1    b          :            (au)                 -1.884566833808
   11    1    b          :            (au)                 -1.876238642627
   12    1    b          :            (au)                 -0.289257300328
   13    1    b          :            (au)                 -0.237483797282
---------------------------------------------------------------------------
 Sum occupied            :            (au)               -111.963051347224
===========================================================================


~~~~~~~~~~~~~~~~~~~~~~~~~~~~~~~~~~~~~~~~~~~~~~~~~~~~~~~~~~~~~~~~~~~~~~~~~~~
 Calculation             : Optimize ground state orbitals
 Method                  : DFT (PBE0)
 Relativity              : None
 Checkpointing           : Off
 Max iterations          : 200
 KAIN solver             : 10
 Localization            : First two iterations
 Diagonalization         : Off
 Start precision         : 1.00000e-06
 Final precision         : 1.00000e-06
 Helmholtz precision     : Dynamic
 Energy threshold        : 1.00000e-06
 Orbital threshold       : 5.00000e-05
~~~~~~~~~~~~~~~~~~~~~~~~~~~~~~~~~~~~~~~~~~~~~~~~~~~~~~~~~~~~~~~~~~~~~~~~~~~


===========================================================================
 Iter           MO residual             Total energy                Update
---------------------------------------------------------------------------
    0          3.741657e+00        -199.940624346750         -1.999406e+02
    1          1.932780e-01        -201.092315099590         -1.151691e+00
    2          4.186319e-02        -201.127945163470         -3.563006e-02
    3          1.742118e-02        -201.132851014330         -4.905851e-03
    4          8.815802e-03        -201.133871922036         -1.020908e-03
    5          5.456025e-03        -201.134245901117         -3.739791e-04
    6          1.550737e-03        -201.134266698431         -2.079731e-05
    7          6.991069e-04        -201.134268901886         -2.203455e-06
    8          2.593667e-04        -201.134269060958         -1.590718e-07
    9          1.516953e-04        -201.134269118832         -5.787427e-08
   10          3.751058e-05        -201.134269133245         -1.441208e-08
---------------------------------------------------------------------------
                      SCF converged in 10 iterations!
===========================================================================


                                                                           
***************************************************************************
***                                                                     ***
***                    Printing Molecular Properties                    ***
***                                                                     ***
***************************************************************************
                                                                           
                                                                           
===========================================================================
                                 Molecule
---------------------------------------------------------------------------
 Charge                  :                                               0
 Multiplicity            :                                               1
---------------------------------------------------------------------------
    N    Atom            :               x               y               z
---------------------------------------------------------------------------
    0      Mg            :        0.000000        0.000000        0.000000
    1       H            :        0.000000        0.000000        3.226140
    2       H            :        0.000000        0.000000       -3.226140
---------------------------------------------------------------------------
 Center of mass          :        0.000000        0.000000       -0.000000
===========================================================================


===========================================================================
                         Molecular Energy (final)
---------------------------------------------------------------------------
 Kinetic energy          :            (au)                200.726426997556
 E-N energy              :            (au)               -496.500926618010
 Coulomb energy          :            (au)                104.137321858649
 Exchange energy         :            (au)                 -4.172690760659
 X-C energy              :            (au)                -12.918614874643
 Ext. field (el)         :            (au)                  0.000000000000
---------------------------------------------------------------------------
 N-N energy              :            (au)                  7.594214263862
 Ext. field (nuc)        :            (au)                  0.000000000000
 Tot. Reac. Energy       :            (au)                  0.000000000000
 El. Reac. Energy        :            (au)                  0.000000000000
 Nuc. Reac. Energy       :            (au)                  0.000000000000
---------------------------------------------------------------------------
 Electronic energy       :            (au)               -208.728483397106
 Nuclear energy          :            (au)                  7.594214263862
---------------------------------------------------------------------------
 Total energy            :            (au)             -2.011342691332e+02
                         :      (kcal/mol)             -1.262136584215e+05
                         :        (kJ/mol)             -5.280779471783e+05
                         :            (eV)             -5.473142044135e+03
===========================================================================


===========================================================================
                         Orbital Energies (final)
---------------------------------------------------------------------------
    n  Occ Spin          :                                         Epsilon
---------------------------------------------------------------------------
    0    1    a          :            (au)                -46.911599627237
    1    1    a          :            (au)                 -3.150031206770
    2    1    a          :            (au)                 -1.875194905163
    3    1    a          :            (au)                 -1.875194904502
    4    1    a          :            (au)                 -1.866837671142
    5    1    a          :            (au)                 -0.313011412918
    6    1    a          :            (au)                 -0.264409026047
    7    1    b          :            (au)                -46.911599626545
    8    1    b          :            (au)                 -3.150031212946
    9    1    b          :            (au)                 -1.875194905111
   10    1    b          :            (au)                 -1.875194904451
   11    1    b          :            (au)                 -1.866837698082
   12    1    b          :            (au)                 -0.313011429859
   13    1    b          :            (au)                 -0.264409027738
---------------------------------------------------------------------------
 Sum occupied            :            (au)               -112.512557558511
===========================================================================


===========================================================================
                           Dipole Moment (dip-1)
---------------------------------------------------------------------------
 r_O                     :        0.000000        0.000000        0.000000
---------------------------------------------------------------------------
 Electronic vector       :       -0.000000        0.000000        0.000001
 Magnitude               :            (au)                        0.000001
                         :         (Debye)                        0.000002
---------------------------------------------------------------------------
 Nuclear vector          :        0.000000        0.000000        0.000000
 Magnitude               :            (au)                        0.000000
                         :         (Debye)                        0.000000
---------------------------------------------------------------------------
 Total vector            :       -0.000000        0.000000        0.000001
 Magnitude               :            (au)                        0.000001
                         :         (Debye)                        0.000002
===========================================================================


                                                                           
                                                                           
***************************************************************************
***                                                                     ***
***                            Exiting MRChem                           ***
***                                                                     ***
***                       Wall time :  0h 12m 24s                       ***
***                                                                     ***
***************************************************************************
                                                                           
                                                                           
