                                                                           
                                                                           
***************************************************************************
***                                                                     ***
***                                                                     ***
***          __  __ ____   ____ _                                       ***
***         |  \/  |  _ \ / ___| |__   ___ _ __ ___                     ***
***         | |\/| | |_) | |   | '_ \ / _ \ '_ ` _ \                    ***
***         | |  | |  _ <| |___| | | |  __/ | | | | |                   ***
***         |_|  |_|_| \_\\____|_| |_|\___|_| |_| |_|                   ***
***                                                                     ***
***         VERSION            1.1.0-alpha                              ***
***                                                                     ***
***         Git branch         HEAD                                     ***
***         Git commit hash    e7d4b230bb6df8495b9a                     ***
***         Git commit author  Stig Rune Jensen                         ***
***         Git commit date    Sat Mar 19 14:14:51 2022 +0100           ***
***                                                                     ***
***         Contact: luca.frediani@uit.no                               ***
***                                                                     ***
***         Radovan Bast            Magnar Bjorgve                      ***
***         Roberto Di Remigio      Antoine Durdek                      ***
***         Luca Frediani           Gabriel Gerez                       ***
***         Stig Rune Jensen        Jonas Juselius                      ***
***         Rune Monstad            Peter Wind                          ***
***                                                                     ***
***************************************************************************

---------------------------------------------------------------------------

 MPI processes           :        (1 bank)                              30
 OpenMP threads          :                                               6
 Total cores             :                                             175
                                                                           
---------------------------------------------------------------------------

XCFun DFT library Copyright 2009-2020 Ulf Ekstrom and contributors.
See http://dftlibs.org/xcfun/ for more information.

This is free software; see the source code for copying conditions.
There is ABSOLUTELY NO WARRANTY; not even for MERCHANTABILITY or
FITNESS FOR A PARTICULAR PURPOSE. For details see the documentation.
Scientific users of this library should cite
U. Ekstrom, L. Visscher, R. Bast, A. J. Thorvaldsen and K. Ruud;
J.Chem.Theor.Comp. 2010, DOI: 10.1021/ct100117s

---------------------------------------------------------------------------

 MRCPP version         : 1.4.1
 Git branch            : HEAD
 Git commit hash       : 75d41879b1908a94a452
 Git commit author     : Stig Rune Jensen
 Git commit date       : Thu Jan 6 11:38:53 2022 +0100

 Linear algebra        : EIGEN v3.4.0
 Parallelization       : MPI/OpenMP (6 threads)

---------------------------------------------------------------------------


                                                                           
===========================================================================
                         MultiResolution Analysis
---------------------------------------------------------------------------
 polynomial order      : 9
 polynomial type       : Interpolating
---------------------------------------------------------------------------
 total boxes           : 8
 boxes                 : [          2           2           2 ]
 unit lengths          : [   32.00000    32.00000    32.00000 ]
 scaling factor        : [    1.00000     1.00000     1.00000 ]
 lower bounds          : [  -32.00000   -32.00000   -32.00000 ]
 upper bounds          : [   32.00000    32.00000    32.00000 ]
 total length          : [   64.00000    64.00000    64.00000 ]
===========================================================================


                                                                           
***************************************************************************
***                                                                     ***
***                        Initializing Molecule                        ***
***                                                                     ***
***************************************************************************
                                                                           
                                                                           
===========================================================================
                                 Molecule
---------------------------------------------------------------------------
 Charge                  :                                               0
 Multiplicity            :                                               1
---------------------------------------------------------------------------
    N    Atom            :               x               y               z
---------------------------------------------------------------------------
    0      Mg            :        0.000000        0.000000        0.000000
    1       F            :        0.000000        0.000000        3.344815
    2       F            :        0.000000        0.000000       -3.344815
---------------------------------------------------------------------------
 Center of mass          :        0.000000        0.000000        0.000000
===========================================================================


                                                                           
***************************************************************************
***                                                                     ***
***                 Computing Ground State Wavefunction                 ***
***                                                                     ***
***************************************************************************
                                                                           
                                                                           
~~~~~~~~~~~~~~~~~~~~~~~~~~~~~~~~~~~~~~~~~~~~~~~~~~~~~~~~~~~~~~~~~~~~~~~~~~~
 Calculation             : Compute initial orbitals
 Method                  : Diagonalize SAD Hamiltonian
 Precision               : 1.00000e-04
 Screening               : 1.20000e+01 StdDev
 Restricted              : False
 Functional              : LDA (SVWN5)
 AO basis                : 3-21G
~~~~~~~~~~~~~~~~~~~~~~~~~~~~~~~~~~~~~~~~~~~~~~~~~~~~~~~~~~~~~~~~~~~~~~~~~~~


===========================================================================
                            Molecular Orbitals
---------------------------------------------------------------------------
 Alpha electrons         :                                              15
 Beta electrons          :                                              15
 Total electrons         :                                              30
---------------------------------------------------------------------------
    n  Occ Spin          :                                            Norm
---------------------------------------------------------------------------
    0    1    a          :                              9.999999698651e-01
    1    1    a          :                              1.000000883212e+00
    2    1    a          :                              9.999996524782e-01
    3    1    a          :                              9.999998798574e-01
    4    1    a          :                              9.999990809500e-01
    5    1    a          :                              9.999998920668e-01
    6    1    a          :                              9.999998815500e-01
    7    1    a          :                              1.000023538321e+00
    8    1    a          :                              9.999799222854e-01
    9    1    a          :                              9.999980066193e-01
   10    1    a          :                              1.000006114655e+00
   11    1    a          :                              1.000015521392e+00
   12    1    a          :                              1.000016764050e+00
   13    1    a          :                              9.999901639904e-01
   14    1    a          :                              9.999800926870e-01
   15    1    b          :                              9.999999670397e-01
   16    1    b          :                              1.000000943956e+00
   17    1    b          :                              9.999993848772e-01
   18    1    b          :                              9.999998940872e-01
   19    1    b          :                              9.999990824934e-01
   20    1    b          :                              9.999998918600e-01
   21    1    b          :                              9.999998807280e-01
   22    1    b          :                              1.000017201672e+00
   23    1    b          :                              9.999799217174e-01
   24    1    b          :                              9.999938940393e-01
   25    1    b          :                              1.000002108361e+00
   26    1    b          :                              1.000016059505e+00
   27    1    b          :                              1.000016764050e+00
   28    1    b          :                              9.999897829901e-01
   29    1    b          :                              9.999800926912e-01
===========================================================================


~~~~~~~~~~~~~~~~~~~~~~~~~~~~~~~~~~~~~~~~~~~~~~~~~~~~~~~~~~~~~~~~~~~~~~~~~~~
 Calculation             : Compute initial energy
 Method                  : DFT (PBE0)
 Relativity              : None
 Precision               : 1.00000e-04
 Localization            : On
~~~~~~~~~~~~~~~~~~~~~~~~~~~~~~~~~~~~~~~~~~~~~~~~~~~~~~~~~~~~~~~~~~~~~~~~~~~


===========================================================================
                        Molecular Energy (initial)
---------------------------------------------------------------------------
 Kinetic energy          :            (au)                397.917074771561
 E-N energy              :            (au)              -1111.629685550571
 Coulomb energy          :            (au)                277.541984005859
 Exchange energy         :            (au)                 -9.197319665227
 X-C energy              :            (au)                -28.528857289553
 Ext. field (el)         :            (au)                  0.000000000000
---------------------------------------------------------------------------
 N-N energy              :            (au)                 76.685855547561
 Ext. field (nuc)        :            (au)                  0.000000000000
 Tot. Reac. Energy       :            (au)                  0.000000000000
 El. Reac. Energy        :            (au)                  0.000000000000
 Nuc. Reac. Energy       :            (au)                  0.000000000000
---------------------------------------------------------------------------
 Electronic energy       :            (au)               -473.896803727931
 Nuclear energy          :            (au)                 76.685855547561
---------------------------------------------------------------------------
 Total energy            :            (au)             -3.972109481804e+02
                         :      (kcal/mol)             -2.492536311737e+05
                         :        (kJ/mol)             -1.042877193507e+06
                         :            (eV)             -1.080866005701e+04
===========================================================================


===========================================================================
                        Orbital Energies (initial)
---------------------------------------------------------------------------
    n  Occ Spin          :                                         Epsilon
---------------------------------------------------------------------------
    0    1    a          :            (au)                -46.704346843532
    1    1    a          :            (au)                -24.156145204017
    2    1    a          :            (au)                -24.154993183577
    3    1    a          :            (au)                 -3.214938031203
    4    1    a          :            (au)                 -1.938061624370
    5    1    a          :            (au)                 -1.938051720691
    6    1    a          :            (au)                 -1.928598052954
    7    1    a          :            (au)                 -0.916961906685
    8    1    a          :            (au)                 -0.912240118565
    9    1    a          :            (au)                 -0.207059895885
   10    1    a          :            (au)                 -0.187197707764
   11    1    a          :            (au)                 -0.175535996110
   12    1    a          :            (au)                 -0.175052460641
   13    1    a          :            (au)                 -0.148530820337
   14    1    a          :            (au)                 -0.148440438590
   15    1    b          :            (au)                -46.704347061606
   16    1    b          :            (au)                -24.156136894194
   17    1    b          :            (au)                -24.154984983310
   18    1    b          :            (au)                 -3.214934260305
   19    1    b          :            (au)                 -1.938054609170
   20    1    b          :            (au)                 -1.938047936369
   21    1    b          :            (au)                 -1.928590859577
   22    1    b          :            (au)                 -0.916958561061
   23    1    b          :            (au)                 -0.912238182725
   24    1    b          :            (au)                 -0.207057965018
   25    1    b          :            (au)                 -0.187198640306
   26    1    b          :            (au)                 -0.175536273035
   27    1    b          :            (au)                 -0.175058269849
   28    1    b          :            (au)                 -0.148533862546
   29    1    b          :            (au)                 -0.148430570239
---------------------------------------------------------------------------
 Sum occupied            :            (au)               -213.812262934233
===========================================================================


~~~~~~~~~~~~~~~~~~~~~~~~~~~~~~~~~~~~~~~~~~~~~~~~~~~~~~~~~~~~~~~~~~~~~~~~~~~
 Calculation             : Optimize ground state orbitals
 Method                  : DFT (PBE0)
 Relativity              : None
 Checkpointing           : Off
 Max iterations          : 200
 KAIN solver             : 10
 Localization            : First two iterations
 Diagonalization         : Off
 Start precision         : 1.00000e-06
 Final precision         : 1.00000e-06
 Helmholtz precision     : Dynamic
 Energy threshold        : 1.00000e-06
 Orbital threshold       : 5.00000e-05
~~~~~~~~~~~~~~~~~~~~~~~~~~~~~~~~~~~~~~~~~~~~~~~~~~~~~~~~~~~~~~~~~~~~~~~~~~~


===========================================================================
 Iter           MO residual             Total energy                Update
---------------------------------------------------------------------------
    0          5.477226e+00        -397.210948180370         -3.972109e+02
    1          5.442665e-01        -399.539695240018         -2.328747e+00
    2          2.965880e-01        -399.673234870525         -1.335396e-01
    3          2.116425e-01        -399.691025608510         -1.779074e-02
    4          1.009660e-01        -399.713554378156         -2.252877e-02
    5          2.207820e-02        -399.715048094041         -1.493716e-03
    6          1.552147e-02        -399.715499534213         -4.514402e-04
    7          3.893852e-03        -399.715528478128         -2.894392e-05
    8          3.165808e-03        -399.715539281838         -1.080371e-05
    9          9.855404e-04        -399.715541229742         -1.947904e-06
   10          6.666301e-04        -399.715541788159         -5.584173e-07
   11          3.364229e-04        -399.715541963356         -1.751968e-07
   12          1.657499e-04        -399.715541996638         -3.328222e-08
   13          1.027563e-04        -399.715542006622         -9.984262e-09
---------------------------------------------------------------------------
                      SCF converged in 13 iterations!
===========================================================================


                                                                           
***************************************************************************
***                                                                     ***
***                    Printing Molecular Properties                    ***
***                                                                     ***
***************************************************************************
                                                                           
                                                                           
===========================================================================
                                 Molecule
---------------------------------------------------------------------------
 Charge                  :                                               0
 Multiplicity            :                                               1
---------------------------------------------------------------------------
    N    Atom            :               x               y               z
---------------------------------------------------------------------------
    0      Mg            :        0.000000        0.000000        0.000000
    1       F            :        0.000000        0.000000        3.344815
    2       F            :        0.000000        0.000000       -3.344815
---------------------------------------------------------------------------
 Center of mass          :        0.000000        0.000000        0.000000
===========================================================================


===========================================================================
                         Molecular Energy (final)
---------------------------------------------------------------------------
 Kinetic energy          :            (au)                398.725634404274
 E-N energy              :            (au)              -1111.939834672507
 Coulomb energy          :            (au)                274.096306847784
 Exchange energy         :            (au)                 -9.069423456105
 X-C energy              :            (au)                -28.214080677629
 Ext. field (el)         :            (au)                  0.000000000000
---------------------------------------------------------------------------
 N-N energy              :            (au)                 76.685855547561
 Ext. field (nuc)        :            (au)                  0.000000000000
 Tot. Reac. Energy       :            (au)                  0.000000000000
 El. Reac. Energy        :            (au)                  0.000000000000
 Nuc. Reac. Energy       :            (au)                  0.000000000000
---------------------------------------------------------------------------
 Electronic energy       :            (au)               -476.401397554183
 Nuclear energy          :            (au)                 76.685855547561
---------------------------------------------------------------------------
 Total energy            :            (au)             -3.997155420066e+02
                         :      (kcal/mol)             -2.508252875156e+05
                         :        (kJ/mol)             -1.049453003646e+06
                         :            (eV)             -1.087681352401e+04
===========================================================================


===========================================================================
                         Orbital Energies (final)
---------------------------------------------------------------------------
    n  Occ Spin          :                                         Epsilon
---------------------------------------------------------------------------
    0    1    a          :            (au)                -46.945338961125
    1    1    a          :            (au)                -24.685722753457
    2    1    a          :            (au)                -24.685722654044
    3    1    a          :            (au)                 -3.183101150424
    4    1    a          :            (au)                 -1.909222707104
    5    1    a          :            (au)                 -1.909222705804
    6    1    a          :            (au)                 -1.901765710160
    7    1    a          :            (au)                 -1.118371275859
    8    1    a          :            (au)                 -1.113069544760
    9    1    a          :            (au)                 -0.412265582519
   10    1    a          :            (au)                 -0.392035365694
   11    1    a          :            (au)                 -0.378144955005
   12    1    a          :            (au)                 -0.378144892949
   13    1    a          :            (au)                 -0.375925212346
   14    1    a          :            (au)                 -0.375925142218
   15    1    b          :            (au)                -46.945338960410
   16    1    b          :            (au)                -24.685722746043
   17    1    b          :            (au)                -24.685722657882
   18    1    b          :            (au)                 -3.183101151797
   19    1    b          :            (au)                 -1.909222712131
   20    1    b          :            (au)                 -1.909222698988
   21    1    b          :            (au)                 -1.901765717779
   22    1    b          :            (au)                 -1.118371275152
   23    1    b          :            (au)                 -1.113069543778
   24    1    b          :            (au)                 -0.412265584630
   25    1    b          :            (au)                 -0.392035365637
   26    1    b          :            (au)                 -0.378144942345
   27    1    b          :            (au)                 -0.378144905451
   28    1    b          :            (au)                 -0.375925196543
   29    1    b          :            (au)                 -0.375925157795
---------------------------------------------------------------------------
 Sum occupied            :            (au)               -219.527957229830
===========================================================================


===========================================================================
                           Dipole Moment (dip-1)
---------------------------------------------------------------------------
 r_O                     :        0.000000        0.000000        0.000000
---------------------------------------------------------------------------
 Electronic vector       :        0.000000       -0.000000        0.000000
 Magnitude               :            (au)                        0.000000
                         :         (Debye)                        0.000000
---------------------------------------------------------------------------
 Nuclear vector          :        0.000000        0.000000        0.000000
 Magnitude               :            (au)                        0.000000
                         :         (Debye)                        0.000000
---------------------------------------------------------------------------
 Total vector            :        0.000000       -0.000000        0.000000
 Magnitude               :            (au)                        0.000000
                         :         (Debye)                        0.000000
===========================================================================


                                                                           
                                                                           
***************************************************************************
***                                                                     ***
***                            Exiting MRChem                           ***
***                                                                     ***
***                       Wall time :  0h 26m  6s                       ***
***                                                                     ***
***************************************************************************
                                                                           
                                                                           
