                                                                           
                                                                           
***************************************************************************
***                                                                     ***
***                                                                     ***
***          __  __ ____   ____ _                                       ***
***         |  \/  |  _ \ / ___| |__   ___ _ __ ___                     ***
***         | |\/| | |_) | |   | '_ \ / _ \ '_ ` _ \                    ***
***         | |  | |  _ <| |___| | | |  __/ | | | | |                   ***
***         |_|  |_|_| \_\\____|_| |_|\___|_| |_| |_|                   ***
***                                                                     ***
***         VERSION            1.1.0-alpha                              ***
***                                                                     ***
***         Git branch         HEAD                                     ***
***         Git commit hash    e7d4b230bb6df8495b9a                     ***
***         Git commit author  Stig Rune Jensen                         ***
***         Git commit date    Sat Mar 19 14:14:51 2022 +0100           ***
***                                                                     ***
***         Contact: luca.frediani@uit.no                               ***
***                                                                     ***
***         Radovan Bast            Magnar Bjorgve                      ***
***         Roberto Di Remigio      Antoine Durdek                      ***
***         Luca Frediani           Gabriel Gerez                       ***
***         Stig Rune Jensen        Jonas Juselius                      ***
***         Rune Monstad            Peter Wind                          ***
***                                                                     ***
***************************************************************************

---------------------------------------------------------------------------

 MPI processes           :        (1 bank)                              30
 OpenMP threads          :                                               6
 Total cores             :                                             175
                                                                           
---------------------------------------------------------------------------

XCFun DFT library Copyright 2009-2020 Ulf Ekstrom and contributors.
See http://dftlibs.org/xcfun/ for more information.

This is free software; see the source code for copying conditions.
There is ABSOLUTELY NO WARRANTY; not even for MERCHANTABILITY or
FITNESS FOR A PARTICULAR PURPOSE. For details see the documentation.
Scientific users of this library should cite
U. Ekstrom, L. Visscher, R. Bast, A. J. Thorvaldsen and K. Ruud;
J.Chem.Theor.Comp. 2010, DOI: 10.1021/ct100117s

---------------------------------------------------------------------------

 MRCPP version         : 1.4.1
 Git branch            : HEAD
 Git commit hash       : 75d41879b1908a94a452
 Git commit author     : Stig Rune Jensen
 Git commit date       : Thu Jan 6 11:38:53 2022 +0100

 Linear algebra        : EIGEN v3.4.0
 Parallelization       : MPI/OpenMP (6 threads)

---------------------------------------------------------------------------


                                                                           
===========================================================================
                         MultiResolution Analysis
---------------------------------------------------------------------------
 polynomial order      : 9
 polynomial type       : Interpolating
---------------------------------------------------------------------------
 total boxes           : 8
 boxes                 : [          2           2           2 ]
 unit lengths          : [   32.00000    32.00000    32.00000 ]
 scaling factor        : [    1.00000     1.00000     1.00000 ]
 lower bounds          : [  -32.00000   -32.00000   -32.00000 ]
 upper bounds          : [   32.00000    32.00000    32.00000 ]
 total length          : [   64.00000    64.00000    64.00000 ]
===========================================================================


                                                                           
***************************************************************************
***                                                                     ***
***                        Initializing Molecule                        ***
***                                                                     ***
***************************************************************************
                                                                           
                                                                           
===========================================================================
                                 Molecule
---------------------------------------------------------------------------
 Charge                  :                                               0
 Multiplicity            :                                               1
---------------------------------------------------------------------------
    N    Atom            :               x               y               z
---------------------------------------------------------------------------
    0      Na            :        0.000000        0.000000       -2.909139
    1      Na            :        0.000000        0.000000        2.909139
---------------------------------------------------------------------------
 Center of mass          :        0.000000        0.000000        0.000000
===========================================================================


                                                                           
***************************************************************************
***                                                                     ***
***                 Computing Ground State Wavefunction                 ***
***                                                                     ***
***************************************************************************
                                                                           
                                                                           
~~~~~~~~~~~~~~~~~~~~~~~~~~~~~~~~~~~~~~~~~~~~~~~~~~~~~~~~~~~~~~~~~~~~~~~~~~~
 Calculation             : Compute initial orbitals
 Method                  : Diagonalize SAD Hamiltonian
 Precision               : 1.00000e-04
 Screening               : 1.20000e+01 StdDev
 Restricted              : False
 Functional              : LDA (SVWN5)
 AO basis                : 3-21G
~~~~~~~~~~~~~~~~~~~~~~~~~~~~~~~~~~~~~~~~~~~~~~~~~~~~~~~~~~~~~~~~~~~~~~~~~~~


===========================================================================
                            Molecular Orbitals
---------------------------------------------------------------------------
 Alpha electrons         :                                              11
 Beta electrons          :                                              11
 Total electrons         :                                              22
---------------------------------------------------------------------------
    n  Occ Spin          :                                            Norm
---------------------------------------------------------------------------
    0    1    a          :                              1.000000206722e+00
    1    1    a          :                              9.999999391869e-01
    2    1    a          :                              9.999939025377e-01
    3    1    a          :                              1.000005051268e+00
    4    1    a          :                              9.999876435549e-01
    5    1    a          :                              1.000004142982e+00
    6    1    a          :                              1.000004142982e+00
    7    1    a          :                              9.999948608116e-01
    8    1    a          :                              9.999943372158e-01
    9    1    a          :                              1.000006806954e+00
   10    1    a          :                              1.000000645904e+00
   11    1    b          :                              1.000001968269e+00
   12    1    b          :                              9.999987696087e-01
   13    1    b          :                              9.999934323763e-01
   14    1    b          :                              1.000005818432e+00
   15    1    b          :                              9.999936538910e-01
   16    1    b          :                              1.000004293556e+00
   17    1    b          :                              1.000004218213e+00
   18    1    b          :                              9.999954245349e-01
   19    1    b          :                              9.999954245349e-01
   20    1    b          :                              1.000005495503e+00
   21    1    b          :                              1.000000644273e+00
===========================================================================


~~~~~~~~~~~~~~~~~~~~~~~~~~~~~~~~~~~~~~~~~~~~~~~~~~~~~~~~~~~~~~~~~~~~~~~~~~~
 Calculation             : Compute initial energy
 Method                  : DFT (PBE0)
 Relativity              : None
 Precision               : 1.00000e-04
 Localization            : On
~~~~~~~~~~~~~~~~~~~~~~~~~~~~~~~~~~~~~~~~~~~~~~~~~~~~~~~~~~~~~~~~~~~~~~~~~~~


===========================================================================
                        Molecular Energy (initial)
---------------------------------------------------------------------------
 Kinetic energy          :            (au)                319.903115035355
 E-N energy              :            (au)               -814.913131916839
 Coulomb energy          :            (au)                180.396998729738
 Exchange energy         :            (au)                 -6.968369016823
 X-C energy              :            (au)                -21.551361647050
 Ext. field (el)         :            (au)                  0.000000000000
---------------------------------------------------------------------------
 N-N energy              :            (au)                 20.796533530668
 Ext. field (nuc)        :            (au)                  0.000000000000
 Tot. Reac. Energy       :            (au)                  0.000000000000
 El. Reac. Energy        :            (au)                  0.000000000000
 Nuc. Reac. Energy       :            (au)                  0.000000000000
---------------------------------------------------------------------------
 Electronic energy       :            (au)               -343.132748815619
 Nuclear energy          :            (au)                 20.796533530668
---------------------------------------------------------------------------
 Total energy            :            (au)             -3.223362152850e+02
                         :      (kcal/mol)             -2.022690272929e+05
                         :        (kJ/mol)             -8.462936107429e+05
                         :            (eV)             -8.771214869679e+03
===========================================================================


===========================================================================
                        Orbital Energies (initial)
---------------------------------------------------------------------------
    n  Occ Spin          :                                         Epsilon
---------------------------------------------------------------------------
    0    1    a          :            (au)                -38.320578919764
    1    1    a          :            (au)                -38.314581511984
    2    1    a          :            (au)                 -2.222164436643
    3    1    a          :            (au)                 -2.221055453337
    4    1    a          :            (au)                 -1.131316140672
    5    1    a          :            (au)                 -1.130528241010
    6    1    a          :            (au)                 -1.130527699220
    7    1    a          :            (au)                 -1.127798414461
    8    1    a          :            (au)                 -1.127798304479
    9    1    a          :            (au)                 -1.126697219886
   10    1    a          :            (au)                 -0.121455264737
   11    1    b          :            (au)                -38.320604751595
   12    1    b          :            (au)                -38.314558609930
   13    1    b          :            (au)                 -2.222192039129
   14    1    b          :            (au)                 -2.221035162893
   15    1    b          :            (au)                 -1.131394971911
   16    1    b          :            (au)                 -1.130537609475
   17    1    b          :            (au)                 -1.130524184719
   18    1    b          :            (au)                 -1.127800112913
   19    1    b          :            (au)                 -1.127785036179
   20    1    b          :            (au)                 -1.126617500200
   21    1    b          :            (au)                 -0.121457299551
---------------------------------------------------------------------------
 Sum occupied            :            (au)               -175.949008884687
===========================================================================


~~~~~~~~~~~~~~~~~~~~~~~~~~~~~~~~~~~~~~~~~~~~~~~~~~~~~~~~~~~~~~~~~~~~~~~~~~~
 Calculation             : Optimize ground state orbitals
 Method                  : DFT (PBE0)
 Relativity              : None
 Checkpointing           : Off
 Max iterations          : 200
 KAIN solver             : 10
 Localization            : First two iterations
 Diagonalization         : Off
 Start precision         : 1.00000e-06
 Final precision         : 1.00000e-06
 Helmholtz precision     : Dynamic
 Energy threshold        : 1.00000e-06
 Orbital threshold       : 5.00000e-05
~~~~~~~~~~~~~~~~~~~~~~~~~~~~~~~~~~~~~~~~~~~~~~~~~~~~~~~~~~~~~~~~~~~~~~~~~~~


===========================================================================
 Iter           MO residual             Total energy                Update
---------------------------------------------------------------------------
    0          4.690416e+00        -322.336215284951         -3.223362e+02
    1          2.385351e-01        -324.316279883557         -1.980065e+00
    2          6.056251e-02        -324.382300967784         -6.602108e-02
    3          3.038139e-02        -324.391749416120         -9.448448e-03
    4          1.547615e-02        -324.393697228359         -1.947812e-03
    5          8.656352e-03        -324.394757891753         -1.060663e-03
    6          1.863784e-03        -324.394794062815         -3.617106e-05
    7          8.850617e-04        -324.394799498908         -5.436093e-06
    8          3.474565e-04        -324.394799923333         -4.244249e-07
    9          1.365405e-04        -324.394800003997         -8.066456e-08
   10          6.877290e-05        -324.394800030532         -2.653485e-08
---------------------------------------------------------------------------
                      SCF converged in 10 iterations!
===========================================================================


                                                                           
***************************************************************************
***                                                                     ***
***                    Printing Molecular Properties                    ***
***                                                                     ***
***************************************************************************
                                                                           
                                                                           
===========================================================================
                                 Molecule
---------------------------------------------------------------------------
 Charge                  :                                               0
 Multiplicity            :                                               1
---------------------------------------------------------------------------
    N    Atom            :               x               y               z
---------------------------------------------------------------------------
    0      Na            :        0.000000        0.000000       -2.909139
    1      Na            :        0.000000        0.000000        2.909139
---------------------------------------------------------------------------
 Center of mass          :        0.000000        0.000000        0.000000
===========================================================================


===========================================================================
                         Molecular Energy (final)
---------------------------------------------------------------------------
 Kinetic energy          :            (au)                323.731107213382
 E-N energy              :            (au)               -821.357813855180
 Coulomb energy          :            (au)                181.085445106821
 Exchange energy         :            (au)                 -6.990453983304
 X-C energy              :            (au)                -21.659618042919
 Ext. field (el)         :            (au)                  0.000000000000
---------------------------------------------------------------------------
 N-N energy              :            (au)                 20.796533530668
 Ext. field (nuc)        :            (au)                  0.000000000000
 Tot. Reac. Energy       :            (au)                  0.000000000000
 El. Reac. Energy        :            (au)                  0.000000000000
 Nuc. Reac. Energy       :            (au)                  0.000000000000
---------------------------------------------------------------------------
 Electronic energy       :            (au)               -345.191333561200
 Nuclear energy          :            (au)                 20.796533530668
---------------------------------------------------------------------------
 Total energy            :            (au)             -3.243948000305e+02
                         :      (kcal/mol)             -2.035608087135e+05
                         :        (kJ/mol)             -8.516984242101e+05
                         :            (eV)             -8.827231811849e+03
===========================================================================


===========================================================================
                         Orbital Energies (final)
---------------------------------------------------------------------------
    n  Occ Spin          :                                         Epsilon
---------------------------------------------------------------------------
    0    1    a          :            (au)                -38.546427474243
    1    1    a          :            (au)                -38.546417753214
    2    1    a          :            (au)                 -2.248443849764
    3    1    a          :            (au)                 -2.248309653946
    4    1    a          :            (au)                 -1.161259924121
    5    1    a          :            (au)                 -1.160338443789
    6    1    a          :            (au)                 -1.160338442856
    7    1    a          :            (au)                 -1.160090227666
    8    1    a          :            (au)                 -1.160090226730
    9    1    a          :            (au)                 -1.159271561319
   10    1    a          :            (au)                 -0.132571332005
   11    1    b          :            (au)                -38.546427707839
   12    1    b          :            (au)                -38.546417494798
   13    1    b          :            (au)                 -2.248443829397
   14    1    b          :            (au)                 -2.248309646171
   15    1    b          :            (au)                 -1.161259886432
   16    1    b          :            (au)                 -1.160338434161
   17    1    b          :            (au)                 -1.160338433472
   18    1    b          :            (au)                 -1.160090218564
   19    1    b          :            (au)                 -1.160090217977
   20    1    b          :            (au)                 -1.159271525082
   21    1    b          :            (au)                 -0.132571138697
---------------------------------------------------------------------------
 Sum occupied            :            (au)               -177.367117422244
===========================================================================


===========================================================================
                           Dipole Moment (dip-1)
---------------------------------------------------------------------------
 r_O                     :        0.000000        0.000000        0.000000
---------------------------------------------------------------------------
 Electronic vector       :       -0.000000        0.000000       -0.000030
 Magnitude               :            (au)                        0.000030
                         :         (Debye)                        0.000077
---------------------------------------------------------------------------
 Nuclear vector          :        0.000000        0.000000       -0.000000
 Magnitude               :            (au)                        0.000000
                         :         (Debye)                        0.000000
---------------------------------------------------------------------------
 Total vector            :       -0.000000        0.000000       -0.000030
 Magnitude               :            (au)                        0.000030
                         :         (Debye)                        0.000077
===========================================================================


                                                                           
                                                                           
***************************************************************************
***                                                                     ***
***                            Exiting MRChem                           ***
***                                                                     ***
***                       Wall time :  0h 12m 14s                       ***
***                                                                     ***
***************************************************************************
                                                                           
                                                                           
