                                                                           
                                                                           
***************************************************************************
***                                                                     ***
***                                                                     ***
***          __  __ ____   ____ _                                       ***
***         |  \/  |  _ \ / ___| |__   ___ _ __ ___                     ***
***         | |\/| | |_) | |   | '_ \ / _ \ '_ ` _ \                    ***
***         | |  | |  _ <| |___| | | |  __/ | | | | |                   ***
***         |_|  |_|_| \_\\____|_| |_|\___|_| |_| |_|                   ***
***                                                                     ***
***         VERSION            1.1.0-alpha                              ***
***                                                                     ***
***         Git branch         HEAD                                     ***
***         Git commit hash    e7d4b230bb6df8495b9a                     ***
***         Git commit author  Stig Rune Jensen                         ***
***         Git commit date    Sat Mar 19 14:14:51 2022 +0100           ***
***                                                                     ***
***         Contact: luca.frediani@uit.no                               ***
***                                                                     ***
***         Radovan Bast            Magnar Bjorgve                      ***
***         Roberto Di Remigio      Antoine Durdek                      ***
***         Luca Frediani           Gabriel Gerez                       ***
***         Stig Rune Jensen        Jonas Juselius                      ***
***         Rune Monstad            Peter Wind                          ***
***                                                                     ***
***************************************************************************

---------------------------------------------------------------------------

 MPI processes           :        (1 bank)                              30
 OpenMP threads          :                                               6
 Total cores             :                                             175
                                                                           
---------------------------------------------------------------------------

XCFun DFT library Copyright 2009-2020 Ulf Ekstrom and contributors.
See http://dftlibs.org/xcfun/ for more information.

This is free software; see the source code for copying conditions.
There is ABSOLUTELY NO WARRANTY; not even for MERCHANTABILITY or
FITNESS FOR A PARTICULAR PURPOSE. For details see the documentation.
Scientific users of this library should cite
U. Ekstrom, L. Visscher, R. Bast, A. J. Thorvaldsen and K. Ruud;
J.Chem.Theor.Comp. 2010, DOI: 10.1021/ct100117s

---------------------------------------------------------------------------

 MRCPP version         : 1.4.1
 Git branch            : HEAD
 Git commit hash       : 75d41879b1908a94a452
 Git commit author     : Stig Rune Jensen
 Git commit date       : Thu Jan 6 11:38:53 2022 +0100

 Linear algebra        : EIGEN v3.4.0
 Parallelization       : MPI/OpenMP (6 threads)

---------------------------------------------------------------------------


                                                                           
===========================================================================
                         MultiResolution Analysis
---------------------------------------------------------------------------
 polynomial order      : 9
 polynomial type       : Interpolating
---------------------------------------------------------------------------
 total boxes           : 8
 boxes                 : [          2           2           2 ]
 unit lengths          : [   32.00000    32.00000    32.00000 ]
 scaling factor        : [    1.00000     1.00000     1.00000 ]
 lower bounds          : [  -32.00000   -32.00000   -32.00000 ]
 upper bounds          : [   32.00000    32.00000    32.00000 ]
 total length          : [   64.00000    64.00000    64.00000 ]
===========================================================================


                                                                           
***************************************************************************
***                                                                     ***
***                        Initializing Molecule                        ***
***                                                                     ***
***************************************************************************
                                                                           
                                                                           
===========================================================================
                                 Molecule
---------------------------------------------------------------------------
 Charge                  :                                               0
 Multiplicity            :                                               1
---------------------------------------------------------------------------
    N    Atom            :               x               y               z
---------------------------------------------------------------------------
    0      Na            :        0.000000        0.000000       -0.149805
    1       H            :        0.000000        0.000000        3.416863
---------------------------------------------------------------------------
 Center of mass          :        0.000000        0.000000       -0.000000
===========================================================================


                                                                           
***************************************************************************
***                                                                     ***
***                 Computing Ground State Wavefunction                 ***
***                                                                     ***
***************************************************************************
                                                                           
                                                                           
~~~~~~~~~~~~~~~~~~~~~~~~~~~~~~~~~~~~~~~~~~~~~~~~~~~~~~~~~~~~~~~~~~~~~~~~~~~
 Calculation             : Compute initial orbitals
 Method                  : Diagonalize SAD Hamiltonian
 Precision               : 1.00000e-04
 Screening               : 1.20000e+01 StdDev
 Restricted              : False
 Functional              : LDA (SVWN5)
 AO basis                : 3-21G
~~~~~~~~~~~~~~~~~~~~~~~~~~~~~~~~~~~~~~~~~~~~~~~~~~~~~~~~~~~~~~~~~~~~~~~~~~~


===========================================================================
                            Molecular Orbitals
---------------------------------------------------------------------------
 Alpha electrons         :                                               6
 Beta electrons          :                                               6
 Total electrons         :                                              12
---------------------------------------------------------------------------
    n  Occ Spin          :                                            Norm
---------------------------------------------------------------------------
    0    1    a          :                              1.000000000511e+00
    1    1    a          :                              1.000000000034e+00
    2    1    a          :                              9.999999915653e-01
    3    1    a          :                              9.999999988543e-01
    4    1    a          :                              9.999999988543e-01
    5    1    a          :                              1.000000022441e+00
    6    1    b          :                              1.000000000511e+00
    7    1    b          :                              1.000000000034e+00
    8    1    b          :                              9.999999915653e-01
    9    1    b          :                              9.999999988543e-01
   10    1    b          :                              9.999999988543e-01
   11    1    b          :                              1.000000022441e+00
===========================================================================


~~~~~~~~~~~~~~~~~~~~~~~~~~~~~~~~~~~~~~~~~~~~~~~~~~~~~~~~~~~~~~~~~~~~~~~~~~~
 Calculation             : Compute initial energy
 Method                  : DFT (PBE0)
 Relativity              : None
 Precision               : 1.00000e-04
 Localization            : On
~~~~~~~~~~~~~~~~~~~~~~~~~~~~~~~~~~~~~~~~~~~~~~~~~~~~~~~~~~~~~~~~~~~~~~~~~~~


===========================================================================
                        Molecular Energy (initial)
---------------------------------------------------------------------------
 Kinetic energy          :            (au)                160.664372384884
 E-N energy              :            (au)               -393.971108655590
 Coulomb energy          :            (au)                 83.240582088782
 Exchange energy         :            (au)                 -3.592784718452
 X-C energy              :            (au)                -11.113811736389
 Ext. field (el)         :            (au)                  0.000000000000
---------------------------------------------------------------------------
 N-N energy              :            (au)                  3.084110278890
 Ext. field (nuc)        :            (au)                  0.000000000000
 Tot. Reac. Energy       :            (au)                  0.000000000000
 El. Reac. Energy        :            (au)                  0.000000000000
 Nuc. Reac. Energy       :            (au)                  0.000000000000
---------------------------------------------------------------------------
 Electronic energy       :            (au)               -164.772750636765
 Nuclear energy          :            (au)                  3.084110278890
---------------------------------------------------------------------------
 Total energy            :            (au)             -1.616886403579e+02
                         :      (kcal/mol)             -1.014611528543e+05
                         :        (kJ/mol)             -4.245134638179e+05
                         :            (eV)             -4.399771850989e+03
===========================================================================


===========================================================================
                        Orbital Energies (initial)
---------------------------------------------------------------------------
    n  Occ Spin          :                                         Epsilon
---------------------------------------------------------------------------
    0    1    a          :            (au)                -38.346402921976
    1    1    a          :            (au)                 -2.253800292489
    2    1    a          :            (au)                 -1.161910784717
    3    1    a          :            (au)                 -1.161908571019
    4    1    a          :            (au)                 -1.156048554230
    5    1    a          :            (au)                 -0.092649990420
    6    1    b          :            (au)                -38.346402922215
    7    1    b          :            (au)                 -2.253800299542
    8    1    b          :            (au)                 -1.161910783826
    9    1    b          :            (au)                 -1.161908580024
   10    1    b          :            (au)                 -1.156048553923
   11    1    b          :            (au)                 -0.092649990830
---------------------------------------------------------------------------
 Sum occupied            :            (au)                -88.345442245211
===========================================================================


~~~~~~~~~~~~~~~~~~~~~~~~~~~~~~~~~~~~~~~~~~~~~~~~~~~~~~~~~~~~~~~~~~~~~~~~~~~
 Calculation             : Optimize ground state orbitals
 Method                  : DFT (PBE0)
 Relativity              : None
 Checkpointing           : Off
 Max iterations          : 200
 KAIN solver             : 10
 Localization            : First two iterations
 Diagonalization         : Off
 Start precision         : 1.00000e-06
 Final precision         : 1.00000e-06
 Helmholtz precision     : Dynamic
 Energy threshold        : 1.00000e-06
 Orbital threshold       : 5.00000e-05
~~~~~~~~~~~~~~~~~~~~~~~~~~~~~~~~~~~~~~~~~~~~~~~~~~~~~~~~~~~~~~~~~~~~~~~~~~~


===========================================================================
 Iter           MO residual             Total energy                Update
---------------------------------------------------------------------------
    0          3.464102e+00        -161.688640357875         -1.616886e+02
    1          3.845275e-01        -162.705797847074         -1.017157e+00
    2          1.307108e-01        -162.745264581904         -3.946673e-02
    3          2.701779e-02        -162.750275775725         -5.011194e-03
    4          1.804094e-02        -162.751340449405         -1.064674e-03
    5          1.274176e-02        -162.751810287629         -4.698382e-04
    6          2.567062e-03        -162.751820742132         -1.045450e-05
    7          1.194883e-03        -162.751824166319         -3.424187e-06
    8          3.400547e-04        -162.751824765453         -5.991346e-07
    9          1.439759e-04        -162.751824976766         -2.113131e-07
   10          5.279014e-05        -162.751825003859         -2.709291e-08
---------------------------------------------------------------------------
                      SCF converged in 10 iterations!
===========================================================================


                                                                           
***************************************************************************
***                                                                     ***
***                    Printing Molecular Properties                    ***
***                                                                     ***
***************************************************************************
                                                                           
                                                                           
===========================================================================
                                 Molecule
---------------------------------------------------------------------------
 Charge                  :                                               0
 Multiplicity            :                                               1
---------------------------------------------------------------------------
    N    Atom            :               x               y               z
---------------------------------------------------------------------------
    0      Na            :        0.000000        0.000000       -0.149805
    1       H            :        0.000000        0.000000        3.416863
---------------------------------------------------------------------------
 Center of mass          :        0.000000        0.000000       -0.000000
===========================================================================


===========================================================================
                         Molecular Energy (final)
---------------------------------------------------------------------------
 Kinetic energy          :            (au)                162.399791062262
 E-N energy              :            (au)               -397.184885415407
 Coulomb energy          :            (au)                 83.633470994214
 Exchange energy         :            (au)                 -3.579868422884
 X-C energy              :            (au)                -11.104443500934
 Ext. field (el)         :            (au)                  0.000000000000
---------------------------------------------------------------------------
 N-N energy              :            (au)                  3.084110278890
 Ext. field (nuc)        :            (au)                  0.000000000000
 Tot. Reac. Energy       :            (au)                  0.000000000000
 El. Reac. Energy        :            (au)                  0.000000000000
 Nuc. Reac. Energy       :            (au)                  0.000000000000
---------------------------------------------------------------------------
 Electronic energy       :            (au)               -165.835935282749
 Nuclear energy          :            (au)                  3.084110278890
---------------------------------------------------------------------------
 Total energy            :            (au)             -1.627518250039e+02
                         :      (kcal/mol)             -1.021283112870e+05
                         :        (kJ/mol)             -4.273048547019e+05
                         :            (eV)             -4.428702577770e+03
===========================================================================


===========================================================================
                         Orbital Energies (final)
---------------------------------------------------------------------------
    n  Occ Spin          :                                         Epsilon
---------------------------------------------------------------------------
    0    1    a          :            (au)                -38.552215913807
    1    1    a          :            (au)                 -2.255646934464
    2    1    a          :            (au)                 -1.168419220308
    3    1    a          :            (au)                 -1.168419219849
    4    1    a          :            (au)                 -1.165631757696
    5    1    a          :            (au)                 -0.188415566844
    6    1    b          :            (au)                -38.552215913889
    7    1    b          :            (au)                 -2.255646934017
    8    1    b          :            (au)                 -1.168419219817
    9    1    b          :            (au)                 -1.168419219338
   10    1    b          :            (au)                 -1.165631758573
   11    1    b          :            (au)                 -0.188415623650
---------------------------------------------------------------------------
 Sum occupied            :            (au)                -88.997497282253
===========================================================================


===========================================================================
                           Dipole Moment (dip-1)
---------------------------------------------------------------------------
 r_O                     :        0.000000        0.000000        0.000000
---------------------------------------------------------------------------
 Electronic vector       :        0.000000        0.000000       -4.211651
 Magnitude               :            (au)                        4.211651
                         :         (Debye)                       10.704948
---------------------------------------------------------------------------
 Nuclear vector          :        0.000000        0.000000        1.769003
 Magnitude               :            (au)                        1.769003
                         :         (Debye)                        4.496357
---------------------------------------------------------------------------
 Total vector            :        0.000000        0.000000       -2.442648
 Magnitude               :            (au)                        2.442648
                         :         (Debye)                        6.208591
===========================================================================


                                                                           
                                                                           
***************************************************************************
***                                                                     ***
***                            Exiting MRChem                           ***
***                                                                     ***
***                       Wall time :  0h 12m  3s                       ***
***                                                                     ***
***************************************************************************
                                                                           
                                                                           
