                                                                           
                                                                           
***************************************************************************
***                                                                     ***
***                                                                     ***
***          __  __ ____   ____ _                                       ***
***         |  \/  |  _ \ / ___| |__   ___ _ __ ___                     ***
***         | |\/| | |_) | |   | '_ \ / _ \ '_ ` _ \                    ***
***         | |  | |  _ <| |___| | | |  __/ | | | | |                   ***
***         |_|  |_|_| \_\\____|_| |_|\___|_| |_| |_|                   ***
***                                                                     ***
***         VERSION            1.1.0-alpha                              ***
***                                                                     ***
***         Git branch         HEAD                                     ***
***         Git commit hash    e7d4b230bb6df8495b9a                     ***
***         Git commit author  Stig Rune Jensen                         ***
***         Git commit date    Sat Mar 19 14:14:51 2022 +0100           ***
***                                                                     ***
***         Contact: luca.frediani@uit.no                               ***
***                                                                     ***
***         Radovan Bast            Magnar Bjorgve                      ***
***         Roberto Di Remigio      Antoine Durdek                      ***
***         Luca Frediani           Gabriel Gerez                       ***
***         Stig Rune Jensen        Jonas Juselius                      ***
***         Rune Monstad            Peter Wind                          ***
***                                                                     ***
***************************************************************************

---------------------------------------------------------------------------

 MPI processes           :        (1 bank)                              30
 OpenMP threads          :                                               6
 Total cores             :                                             175
                                                                           
---------------------------------------------------------------------------

XCFun DFT library Copyright 2009-2020 Ulf Ekstrom and contributors.
See http://dftlibs.org/xcfun/ for more information.

This is free software; see the source code for copying conditions.
There is ABSOLUTELY NO WARRANTY; not even for MERCHANTABILITY or
FITNESS FOR A PARTICULAR PURPOSE. For details see the documentation.
Scientific users of this library should cite
U. Ekstrom, L. Visscher, R. Bast, A. J. Thorvaldsen and K. Ruud;
J.Chem.Theor.Comp. 2010, DOI: 10.1021/ct100117s

---------------------------------------------------------------------------

 MRCPP version         : 1.4.1
 Git branch            : HEAD
 Git commit hash       : 75d41879b1908a94a452
 Git commit author     : Stig Rune Jensen
 Git commit date       : Thu Jan 6 11:38:53 2022 +0100

 Linear algebra        : EIGEN v3.4.0
 Parallelization       : MPI/OpenMP (6 threads)

---------------------------------------------------------------------------


                                                                           
===========================================================================
                         MultiResolution Analysis
---------------------------------------------------------------------------
 polynomial order      : 9
 polynomial type       : Interpolating
---------------------------------------------------------------------------
 total boxes           : 8
 boxes                 : [          2           2           2 ]
 unit lengths          : [   32.00000    32.00000    32.00000 ]
 scaling factor        : [    1.00000     1.00000     1.00000 ]
 lower bounds          : [  -32.00000   -32.00000   -32.00000 ]
 upper bounds          : [   32.00000    32.00000    32.00000 ]
 total length          : [   64.00000    64.00000    64.00000 ]
===========================================================================


                                                                           
***************************************************************************
***                                                                     ***
***                        Initializing Molecule                        ***
***                                                                     ***
***************************************************************************
                                                                           
                                                                           
===========================================================================
                                 Molecule
---------------------------------------------------------------------------
 Charge                  :                                               0
 Multiplicity            :                                               1
---------------------------------------------------------------------------
    N    Atom            :               x               y               z
---------------------------------------------------------------------------
    0       P            :        0.000000        0.000000       -0.877386
    1       N            :        0.000000        0.000000        1.940196
---------------------------------------------------------------------------
 Center of mass          :        0.000000        0.000000        0.000000
===========================================================================


                                                                           
***************************************************************************
***                                                                     ***
***                 Computing Ground State Wavefunction                 ***
***                                                                     ***
***************************************************************************
                                                                           
                                                                           
~~~~~~~~~~~~~~~~~~~~~~~~~~~~~~~~~~~~~~~~~~~~~~~~~~~~~~~~~~~~~~~~~~~~~~~~~~~
 Calculation             : Compute initial orbitals
 Method                  : Diagonalize SAD Hamiltonian
 Precision               : 1.00000e-04
 Screening               : 1.20000e+01 StdDev
 Restricted              : False
 Functional              : LDA (SVWN5)
 AO basis                : 3-21G
~~~~~~~~~~~~~~~~~~~~~~~~~~~~~~~~~~~~~~~~~~~~~~~~~~~~~~~~~~~~~~~~~~~~~~~~~~~


===========================================================================
                            Molecular Orbitals
---------------------------------------------------------------------------
 Alpha electrons         :                                              11
 Beta electrons          :                                              11
 Total electrons         :                                              22
---------------------------------------------------------------------------
    n  Occ Spin          :                                            Norm
---------------------------------------------------------------------------
    0    1    a          :                              9.999999957718e-01
    1    1    a          :                              9.999999368611e-01
    2    1    a          :                              9.999999999838e-01
    3    1    a          :                              9.999999999453e-01
    4    1    a          :                              9.999999997459e-01
    5    1    a          :                              9.999999997459e-01
    6    1    a          :                              9.999999989276e-01
    7    1    a          :                              1.000000008169e+00
    8    1    a          :                              9.999999766779e-01
    9    1    a          :                              9.999999766693e-01
   10    1    a          :                              9.999999964307e-01
   11    1    b          :                              1.000000000380e+00
   12    1    b          :                              9.999999699010e-01
   13    1    b          :                              9.999999991993e-01
   14    1    b          :                              1.000000004232e+00
   15    1    b          :                              9.999999997459e-01
   16    1    b          :                              9.999999997459e-01
   17    1    b          :                              1.000000045341e+00
   18    1    b          :                              9.999999712535e-01
   19    1    b          :                              9.999999756460e-01
   20    1    b          :                              9.999999776592e-01
   21    1    b          :                              9.999999964307e-01
===========================================================================


~~~~~~~~~~~~~~~~~~~~~~~~~~~~~~~~~~~~~~~~~~~~~~~~~~~~~~~~~~~~~~~~~~~~~~~~~~~
 Calculation             : Compute initial energy
 Method                  : DFT (PBE0)
 Relativity              : None
 Precision               : 1.00000e-04
 Localization            : On
~~~~~~~~~~~~~~~~~~~~~~~~~~~~~~~~~~~~~~~~~~~~~~~~~~~~~~~~~~~~~~~~~~~~~~~~~~~


===========================================================================
                        Molecular Energy (initial)
---------------------------------------------------------------------------
 Kinetic energy          :            (au)                392.661125926260
 E-N energy              :            (au)              -1010.288354200202
 Coulomb energy          :            (au)                216.667243142972
 Exchange energy         :            (au)                 -7.306635186451
 X-C energy              :            (au)                -22.643576712624
 Ext. field (el)         :            (au)                  0.000000000000
---------------------------------------------------------------------------
 N-N energy              :            (au)                 37.266003437097
 Ext. field (nuc)        :            (au)                  0.000000000000
 Tot. Reac. Energy       :            (au)                  0.000000000000
 El. Reac. Energy        :            (au)                  0.000000000000
 Nuc. Reac. Energy       :            (au)                  0.000000000000
---------------------------------------------------------------------------
 Electronic energy       :            (au)               -430.910197030045
 Nuclear energy          :            (au)                 37.266003437097
---------------------------------------------------------------------------
 Total energy            :            (au)             -3.936441935929e+02
                         :      (kcal/mol)             -2.470154588964e+05
                         :        (kJ/mol)             -1.033512680693e+06
                         :            (eV)             -1.071160372455e+04
===========================================================================


===========================================================================
                        Orbital Energies (initial)
---------------------------------------------------------------------------
    n  Occ Spin          :                                         Epsilon
---------------------------------------------------------------------------
    0    1    a          :            (au)                -76.931071978082
    1    1    a          :            (au)                -13.834606899756
    2    1    a          :            (au)                 -6.781646647328
    3    1    a          :            (au)                 -4.922247636875
    4    1    a          :            (au)                 -4.922240933311
    5    1    a          :            (au)                 -4.915810999714
    6    1    a          :            (au)                 -0.783834121179
    7    1    a          :            (au)                 -0.500541426972
    8    1    a          :            (au)                 -0.188998577200
    9    1    a          :            (au)                 -0.188996563294
   10    1    a          :            (au)                 -0.096572857476
   11    1    b          :            (au)                -76.931062724367
   12    1    b          :            (au)                -13.834606756723
   13    1    b          :            (au)                 -6.781641941526
   14    1    b          :            (au)                 -4.922242495398
   15    1    b          :            (au)                 -4.922239284632
   16    1    b          :            (au)                 -4.915807386492
   17    1    b          :            (au)                 -0.783828308425
   18    1    b          :            (au)                 -0.500540952956
   19    1    b          :            (au)                 -0.188996685089
   20    1    b          :            (au)                 -0.188994770536
   21    1    b          :            (au)                 -0.096571462610
---------------------------------------------------------------------------
 Sum occupied            :            (au)               -228.133101409940
===========================================================================


~~~~~~~~~~~~~~~~~~~~~~~~~~~~~~~~~~~~~~~~~~~~~~~~~~~~~~~~~~~~~~~~~~~~~~~~~~~
 Calculation             : Optimize ground state orbitals
 Method                  : DFT (PBE0)
 Relativity              : None
 Checkpointing           : Off
 Max iterations          : 200
 KAIN solver             : 10
 Localization            : First two iterations
 Diagonalization         : Off
 Start precision         : 1.00000e-06
 Final precision         : 1.00000e-06
 Helmholtz precision     : Dynamic
 Energy threshold        : 1.00000e-06
 Orbital threshold       : 5.00000e-05
~~~~~~~~~~~~~~~~~~~~~~~~~~~~~~~~~~~~~~~~~~~~~~~~~~~~~~~~~~~~~~~~~~~~~~~~~~~


===========================================================================
 Iter           MO residual             Total energy                Update
---------------------------------------------------------------------------
    0          4.690416e+00        -393.644193592948         -3.936442e+02
    1          5.152130e-01        -395.768353364895         -2.124160e+00
    2          2.722755e-01        -395.886814401286         -1.184610e-01
    3          1.185900e-01        -395.904791103832         -1.797670e-02
    4          5.382544e-02        -395.910391727852         -5.600624e-03
    5          4.063945e-02        -395.913643908138         -3.252180e-03
    6          1.396288e-02        -395.914081498684         -4.375905e-04
    7          1.024254e-02        -395.914316424078         -2.349254e-04
    8          7.595514e-03        -395.914374341249         -5.791717e-05
    9          4.108002e-03        -395.914392018967         -1.767772e-05
   10          2.016255e-03        -395.914398234450         -6.215483e-06
   11          1.318488e-03        -395.914400737258         -2.502808e-06
   12          5.473289e-04        -395.914401324040         -5.867824e-07
   13          2.839426e-04        -395.914401473171         -1.491304e-07
   14          1.198984e-04        -395.914401517138         -4.396742e-08
---------------------------------------------------------------------------
                      SCF converged in 14 iterations!
===========================================================================


                                                                           
***************************************************************************
***                                                                     ***
***                    Printing Molecular Properties                    ***
***                                                                     ***
***************************************************************************
                                                                           
                                                                           
===========================================================================
                                 Molecule
---------------------------------------------------------------------------
 Charge                  :                                               0
 Multiplicity            :                                               1
---------------------------------------------------------------------------
    N    Atom            :               x               y               z
---------------------------------------------------------------------------
    0       P            :        0.000000        0.000000       -0.877386
    1       N            :        0.000000        0.000000        1.940196
---------------------------------------------------------------------------
 Center of mass          :        0.000000        0.000000        0.000000
===========================================================================


===========================================================================
                         Molecular Energy (final)
---------------------------------------------------------------------------
 Kinetic energy          :            (au)                395.184978874358
 E-N energy              :            (au)              -1015.265253244296
 Coulomb energy          :            (au)                216.746213709837
 Exchange energy         :            (au)                 -7.276441410664
 X-C energy              :            (au)                -22.569902883471
 Ext. field (el)         :            (au)                  0.000000000000
---------------------------------------------------------------------------
 N-N energy              :            (au)                 37.266003437097
 Ext. field (nuc)        :            (au)                  0.000000000000
 Tot. Reac. Energy       :            (au)                  0.000000000000
 El. Reac. Energy        :            (au)                  0.000000000000
 Nuc. Reac. Energy       :            (au)                  0.000000000000
---------------------------------------------------------------------------
 Electronic energy       :            (au)               -433.180404954235
 Nuclear energy          :            (au)                 37.266003437097
---------------------------------------------------------------------------
 Total energy            :            (au)             -3.959144015171e+02
                         :      (kcal/mol)             -2.484400358655e+05
                         :        (kJ/mol)             -1.039473110736e+06
                         :            (eV)             -1.077337922652e+04
===========================================================================


===========================================================================
                         Orbital Energies (final)
---------------------------------------------------------------------------
    n  Occ Spin          :                                         Epsilon
---------------------------------------------------------------------------
    0    1    a          :            (au)                -77.253798367317
    1    1    a          :            (au)                -14.422504496343
    2    1    a          :            (au)                 -6.656255964971
    3    1    a          :            (au)                 -4.791783020463
    4    1    a          :            (au)                 -4.791783015788
    5    1    a          :            (au)                 -4.786890790810
    6    1    a          :            (au)                 -0.876773803348
    7    1    a          :            (au)                 -0.512676761489
    8    1    a          :            (au)                 -0.349787451384
    9    1    a          :            (au)                 -0.349787440685
   10    1    a          :            (au)                 -0.342433436105
   11    1    b          :            (au)                -77.253798370579
   12    1    b          :            (au)                -14.422504484810
   13    1    b          :            (au)                 -6.656255973324
   14    1    b          :            (au)                 -4.791783024906
   15    1    b          :            (au)                 -4.791783018097
   16    1    b          :            (au)                 -4.786890801579
   17    1    b          :            (au)                 -0.876773828217
   18    1    b          :            (au)                 -0.512676769005
   19    1    b          :            (au)                 -0.349787435168
   20    1    b          :            (au)                 -0.349787424995
   21    1    b          :            (au)                 -0.342433462035
---------------------------------------------------------------------------
 Sum occupied            :            (au)               -230.268949141420
===========================================================================


===========================================================================
                           Dipole Moment (dip-1)
---------------------------------------------------------------------------
 r_O                     :        0.000000        0.000000        0.000000
---------------------------------------------------------------------------
 Electronic vector       :       -0.000000        0.000000       -1.553552
 Magnitude               :            (au)                        1.553552
                         :         (Debye)                        3.948734
---------------------------------------------------------------------------
 Nuclear vector          :        0.000000        0.000000        0.420582
 Magnitude               :            (au)                        0.420582
                         :         (Debye)                        1.069012
---------------------------------------------------------------------------
 Total vector            :       -0.000000        0.000000       -1.132970
 Magnitude               :            (au)                        1.132970
                         :         (Debye)                        2.879722
===========================================================================


                                                                           
                                                                           
***************************************************************************
***                                                                     ***
***                            Exiting MRChem                           ***
***                                                                     ***
***                       Wall time :  0h 17m  7s                       ***
***                                                                     ***
***************************************************************************
                                                                           
                                                                           
