                                                                           
                                                                           
***************************************************************************
***                                                                     ***
***                                                                     ***
***          __  __ ____   ____ _                                       ***
***         |  \/  |  _ \ / ___| |__   ___ _ __ ___                     ***
***         | |\/| | |_) | |   | '_ \ / _ \ '_ ` _ \                    ***
***         | |  | |  _ <| |___| | | |  __/ | | | | |                   ***
***         |_|  |_|_| \_\\____|_| |_|\___|_| |_| |_|                   ***
***                                                                     ***
***         VERSION            1.1.0-alpha                              ***
***                                                                     ***
***         Git branch         HEAD                                     ***
***         Git commit hash    e7d4b230bb6df8495b9a                     ***
***         Git commit author  Stig Rune Jensen                         ***
***         Git commit date    Sat Mar 19 14:14:51 2022 +0100           ***
***                                                                     ***
***         Contact: luca.frediani@uit.no                               ***
***                                                                     ***
***         Radovan Bast            Magnar Bjorgve                      ***
***         Roberto Di Remigio      Antoine Durdek                      ***
***         Luca Frediani           Gabriel Gerez                       ***
***         Stig Rune Jensen        Jonas Juselius                      ***
***         Rune Monstad            Peter Wind                          ***
***                                                                     ***
***************************************************************************

---------------------------------------------------------------------------

 MPI processes           :        (1 bank)                              30
 OpenMP threads          :                                               6
 Total cores             :                                             175
                                                                           
---------------------------------------------------------------------------

XCFun DFT library Copyright 2009-2020 Ulf Ekstrom and contributors.
See http://dftlibs.org/xcfun/ for more information.

This is free software; see the source code for copying conditions.
There is ABSOLUTELY NO WARRANTY; not even for MERCHANTABILITY or
FITNESS FOR A PARTICULAR PURPOSE. For details see the documentation.
Scientific users of this library should cite
U. Ekstrom, L. Visscher, R. Bast, A. J. Thorvaldsen and K. Ruud;
J.Chem.Theor.Comp. 2010, DOI: 10.1021/ct100117s

---------------------------------------------------------------------------

 MRCPP version         : 1.4.1
 Git branch            : HEAD
 Git commit hash       : 75d41879b1908a94a452
 Git commit author     : Stig Rune Jensen
 Git commit date       : Thu Jan 6 11:38:53 2022 +0100

 Linear algebra        : EIGEN v3.4.0
 Parallelization       : MPI/OpenMP (6 threads)

---------------------------------------------------------------------------


                                                                           
===========================================================================
                         MultiResolution Analysis
---------------------------------------------------------------------------
 polynomial order      : 9
 polynomial type       : Interpolating
---------------------------------------------------------------------------
 total boxes           : 8
 boxes                 : [          2           2           2 ]
 unit lengths          : [   32.00000    32.00000    32.00000 ]
 scaling factor        : [    1.00000     1.00000     1.00000 ]
 lower bounds          : [  -32.00000   -32.00000   -32.00000 ]
 upper bounds          : [   32.00000    32.00000    32.00000 ]
 total length          : [   64.00000    64.00000    64.00000 ]
===========================================================================


                                                                           
***************************************************************************
***                                                                     ***
***                        Initializing Molecule                        ***
***                                                                     ***
***************************************************************************
                                                                           
                                                                           
===========================================================================
                                 Molecule
---------------------------------------------------------------------------
 Charge                  :                                               0
 Multiplicity            :                                               3
---------------------------------------------------------------------------
    N    Atom            :               x               y               z
---------------------------------------------------------------------------
    0      Li            :        0.000000        0.000000       -3.609038
    1       P            :        0.000000        0.000000        0.808763
---------------------------------------------------------------------------
 Center of mass          :        0.000000        0.000000       -0.000000
===========================================================================


                                                                           
***************************************************************************
***                                                                     ***
***                 Computing Ground State Wavefunction                 ***
***                                                                     ***
***************************************************************************
                                                                           
                                                                           
~~~~~~~~~~~~~~~~~~~~~~~~~~~~~~~~~~~~~~~~~~~~~~~~~~~~~~~~~~~~~~~~~~~~~~~~~~~
 Calculation             : Compute initial orbitals
 Method                  : Diagonalize SAD Hamiltonian
 Precision               : 1.00000e-04
 Screening               : 1.20000e+01 StdDev
 Restricted              : False
 Functional              : LDA (SVWN5)
 AO basis                : 3-21G
~~~~~~~~~~~~~~~~~~~~~~~~~~~~~~~~~~~~~~~~~~~~~~~~~~~~~~~~~~~~~~~~~~~~~~~~~~~


===========================================================================
                            Molecular Orbitals
---------------------------------------------------------------------------
 Alpha electrons         :                                              10
 Beta electrons          :                                               8
 Total electrons         :                                              18
---------------------------------------------------------------------------
    n  Occ Spin          :                                            Norm
---------------------------------------------------------------------------
    0    1    a          :                              9.999999999692e-01
    1    1    a          :                              9.999999999683e-01
    2    1    a          :                              1.000000001622e+00
    3    1    a          :                              1.000000001038e+00
    4    1    a          :                              1.000000001038e+00
    5    1    a          :                              9.999994135970e-01
    6    1    a          :                              9.999999999576e-01
    7    1    a          :                              1.000000002126e+00
    8    1    a          :                              9.999999999658e-01
    9    1    a          :                              9.999999999658e-01
   10    1    b          :                              9.999999999080e-01
   11    1    b          :                              1.000000000157e+00
   12    1    b          :                              9.999999999638e-01
   13    1    b          :                              1.000000000006e+00
   14    1    b          :                              1.000000000006e+00
   15    1    b          :                              9.999999548005e-01
   16    1    b          :                              9.999999999425e-01
   17    1    b          :                              9.999999948557e-01
===========================================================================


~~~~~~~~~~~~~~~~~~~~~~~~~~~~~~~~~~~~~~~~~~~~~~~~~~~~~~~~~~~~~~~~~~~~~~~~~~~
 Calculation             : Compute initial energy
 Method                  : DFT (PBE0)
 Relativity              : None
 Precision               : 1.00000e-04
 Localization            : On
~~~~~~~~~~~~~~~~~~~~~~~~~~~~~~~~~~~~~~~~~~~~~~~~~~~~~~~~~~~~~~~~~~~~~~~~~~~


===========================================================================
                        Molecular Energy (initial)
---------------------------------------------------------------------------
 Kinetic energy          :            (au)                345.978846606804
 E-N energy              :            (au)               -848.323236542305
 Coulomb energy          :            (au)                170.315142212677
 Exchange energy         :            (au)                 -6.123907102344
 X-C energy              :            (au)                -18.863617101049
 Ext. field (el)         :            (au)                  0.000000000000
---------------------------------------------------------------------------
 N-N energy              :            (au)                 10.186062211429
 Ext. field (nuc)        :            (au)                  0.000000000000
 Tot. Reac. Energy       :            (au)                  0.000000000000
 El. Reac. Energy        :            (au)                  0.000000000000
 Nuc. Reac. Energy       :            (au)                  0.000000000000
---------------------------------------------------------------------------
 Electronic energy       :            (au)               -357.016771926216
 Nuclear energy          :            (au)                 10.186062211429
---------------------------------------------------------------------------
 Total energy            :            (au)             -3.468307097148e+02
                         :      (kcal/mol)             -2.176395544860e+05
                         :        (kJ/mol)             -9.106038965605e+05
                         :            (eV)             -9.437743989214e+03
===========================================================================


===========================================================================
                        Orbital Energies (initial)
---------------------------------------------------------------------------
    n  Occ Spin          :                                         Epsilon
---------------------------------------------------------------------------
    0    1    a          :            (au)                -76.485746296354
    1    1    a          :            (au)                 -6.380142332257
    2    1    a          :            (au)                 -4.528007269864
    3    1    a          :            (au)                 -4.527994587255
    4    1    a          :            (au)                 -4.511407659255
    5    1    a          :            (au)                 -2.062294453150
    6    1    a          :            (au)                 -0.461942175942
    7    1    a          :            (au)                 -0.153894178981
    8    1    a          :            (au)                 -0.153890916039
    9    1    a          :            (au)                 -0.135570176836
   10    1    b          :            (au)                -76.477653208859
   11    1    b          :            (au)                 -6.371006648358
   12    1    b          :            (au)                 -4.510087888345
   13    1    b          :            (au)                 -4.510082155922
   14    1    b          :            (au)                 -4.506842501057
   15    1    b          :            (au)                 -2.061881641230
   16    1    b          :            (au)                 -0.380029501233
   17    1    b          :            (au)                 -0.106108688544
---------------------------------------------------------------------------
 Sum occupied            :            (au)               -198.324582279479
===========================================================================


~~~~~~~~~~~~~~~~~~~~~~~~~~~~~~~~~~~~~~~~~~~~~~~~~~~~~~~~~~~~~~~~~~~~~~~~~~~
 Calculation             : Optimize ground state orbitals
 Method                  : DFT (PBE0)
 Relativity              : None
 Checkpointing           : Off
 Max iterations          : 200
 KAIN solver             : 10
 Localization            : First two iterations
 Diagonalization         : Off
 Start precision         : 1.00000e-06
 Final precision         : 1.00000e-06
 Helmholtz precision     : Dynamic
 Energy threshold        : 1.00000e-06
 Orbital threshold       : 5.00000e-05
~~~~~~~~~~~~~~~~~~~~~~~~~~~~~~~~~~~~~~~~~~~~~~~~~~~~~~~~~~~~~~~~~~~~~~~~~~~


===========================================================================
 Iter           MO residual             Total energy                Update
---------------------------------------------------------------------------
    0          4.242641e+00        -346.830709714787         -3.468307e+02
    1          2.813583e-01        -348.613834624281         -1.783125e+00
    2          9.945007e-02        -348.669018096229         -5.518347e-02
    3          4.708104e-02        -348.676713098364         -7.695002e-03
    4          2.477834e-02        -348.678431756828         -1.718658e-03
    5          3.241201e-02        -348.679172029526         -7.402727e-04
    6          1.217888e-02        -348.679262348984         -9.031946e-05
    7          1.061580e-02        -348.679359773856         -9.742487e-05
    8          3.476360e-03        -348.679373843725         -1.406987e-05
    9          3.875763e-03        -348.679380135099         -6.291374e-06
   10          1.612006e-03        -348.679382923808         -2.788709e-06
   11          1.066319e-03        -348.679384584665         -1.660857e-06
   12          7.762159e-04        -348.679384898980         -3.143147e-07
   13          5.464930e-04        -348.679385026185         -1.272049e-07
   14          4.089861e-04        -348.679385170598         -1.444135e-07
   15          1.450759e-04        -348.679385192809         -2.221032e-08
   16          6.563935e-05        -348.679385201682         -8.873371e-09
---------------------------------------------------------------------------
                      SCF converged in 16 iterations!
===========================================================================


                                                                           
***************************************************************************
***                                                                     ***
***                    Printing Molecular Properties                    ***
***                                                                     ***
***************************************************************************
                                                                           
                                                                           
===========================================================================
                                 Molecule
---------------------------------------------------------------------------
 Charge                  :                                               0
 Multiplicity            :                                               3
---------------------------------------------------------------------------
    N    Atom            :               x               y               z
---------------------------------------------------------------------------
    0      Li            :        0.000000        0.000000       -3.609038
    1       P            :        0.000000        0.000000        0.808763
---------------------------------------------------------------------------
 Center of mass          :        0.000000        0.000000       -0.000000
===========================================================================


===========================================================================
                         Molecular Energy (final)
---------------------------------------------------------------------------
 Kinetic energy          :            (au)                348.140884554829
 E-N energy              :            (au)               -851.082759830242
 Coulomb energy          :            (au)                169.024262606009
 Exchange energy         :            (au)                 -6.110091484404
 X-C energy              :            (au)                -18.837743259303
 Ext. field (el)         :            (au)                  0.000000000000
---------------------------------------------------------------------------
 N-N energy              :            (au)                 10.186062211429
 Ext. field (nuc)        :            (au)                  0.000000000000
 Tot. Reac. Energy       :            (au)                  0.000000000000
 El. Reac. Energy        :            (au)                  0.000000000000
 Nuc. Reac. Energy       :            (au)                  0.000000000000
---------------------------------------------------------------------------
 Electronic energy       :            (au)               -358.865447413111
 Nuclear energy          :            (au)                 10.186062211429
---------------------------------------------------------------------------
 Total energy            :            (au)             -3.486793852017e+02
                         :      (kcal/mol)             -2.187996158592e+05
                         :        (kJ/mol)             -9.154575933488e+05
                         :            (eV)             -9.488049009720e+03
===========================================================================


===========================================================================
                         Orbital Energies (final)
---------------------------------------------------------------------------
    n  Occ Spin          :                                         Epsilon
---------------------------------------------------------------------------
    0    1    a          :            (au)                -77.163164158126
    1    1    a          :            (au)                 -6.559907306970
    2    1    a          :            (au)                 -4.700398228428
    3    1    a          :            (au)                 -4.700398222072
    4    1    a          :            (au)                 -4.688275717973
    5    1    a          :            (au)                 -2.041285067852
    6    1    a          :            (au)                 -0.534376752694
    7    1    a          :            (au)                 -0.212295591417
    8    1    a          :            (au)                 -0.212295589191
    9    1    a          :            (au)                 -0.199191069200
   10    1    b          :            (au)                -77.155319266748
   11    1    b          :            (au)                 -6.551829026514
   12    1    b          :            (au)                 -4.683812917529
   13    1    b          :            (au)                 -4.683640974040
   14    1    b          :            (au)                 -4.683640956992
   15    1    b          :            (au)                 -2.041630159919
   16    1    b          :            (au)                 -0.450332510611
   17    1    b          :            (au)                 -0.177882448600
---------------------------------------------------------------------------
 Sum occupied            :            (au)               -201.439675964874
===========================================================================


===========================================================================
                           Dipole Moment (dip-1)
---------------------------------------------------------------------------
 r_O                     :        0.000000        0.000000        0.000000
---------------------------------------------------------------------------
 Electronic vector       :       -0.000001       -0.000004       -3.994305
 Magnitude               :            (au)                        3.994305
                         :         (Debye)                       10.152511
---------------------------------------------------------------------------
 Nuclear vector          :        0.000000        0.000000        1.304338
 Magnitude               :            (au)                        1.304338
                         :         (Debye)                        3.315297
---------------------------------------------------------------------------
 Total vector            :       -0.000001       -0.000004       -2.689967
 Magnitude               :            (au)                        2.689967
                         :         (Debye)                        6.837214
===========================================================================


                                                                           
                                                                           
***************************************************************************
***                                                                     ***
***                            Exiting MRChem                           ***
***                                                                     ***
***                       Wall time :  0h 25m  9s                       ***
***                                                                     ***
***************************************************************************
                                                                           
                                                                           
