                                                                           
                                                                           
***************************************************************************
***                                                                     ***
***                                                                     ***
***          __  __ ____   ____ _                                       ***
***         |  \/  |  _ \ / ___| |__   ___ _ __ ___                     ***
***         | |\/| | |_) | |   | '_ \ / _ \ '_ ` _ \                    ***
***         | |  | |  _ <| |___| | | |  __/ | | | | |                   ***
***         |_|  |_|_| \_\\____|_| |_|\___|_| |_| |_|                   ***
***                                                                     ***
***         VERSION            1.1.0-alpha                              ***
***                                                                     ***
***         Git branch         HEAD                                     ***
***         Git commit hash    e7d4b230bb6df8495b9a                     ***
***         Git commit author  Stig Rune Jensen                         ***
***         Git commit date    Sat Mar 19 14:14:51 2022 +0100           ***
***                                                                     ***
***         Contact: luca.frediani@uit.no                               ***
***                                                                     ***
***         Radovan Bast            Magnar Bjorgve                      ***
***         Roberto Di Remigio      Antoine Durdek                      ***
***         Luca Frediani           Gabriel Gerez                       ***
***         Stig Rune Jensen        Jonas Juselius                      ***
***         Rune Monstad            Peter Wind                          ***
***                                                                     ***
***************************************************************************

---------------------------------------------------------------------------

 MPI processes           :        (1 bank)                              30
 OpenMP threads          :                                               6
 Total cores             :                                             175
                                                                           
---------------------------------------------------------------------------

XCFun DFT library Copyright 2009-2020 Ulf Ekstrom and contributors.
See http://dftlibs.org/xcfun/ for more information.

This is free software; see the source code for copying conditions.
There is ABSOLUTELY NO WARRANTY; not even for MERCHANTABILITY or
FITNESS FOR A PARTICULAR PURPOSE. For details see the documentation.
Scientific users of this library should cite
U. Ekstrom, L. Visscher, R. Bast, A. J. Thorvaldsen and K. Ruud;
J.Chem.Theor.Comp. 2010, DOI: 10.1021/ct100117s

---------------------------------------------------------------------------

 MRCPP version         : 1.4.1
 Git branch            : HEAD
 Git commit hash       : 75d41879b1908a94a452
 Git commit author     : Stig Rune Jensen
 Git commit date       : Thu Jan 6 11:38:53 2022 +0100

 Linear algebra        : EIGEN v3.4.0
 Parallelization       : MPI/OpenMP (6 threads)

---------------------------------------------------------------------------


                                                                           
===========================================================================
                         MultiResolution Analysis
---------------------------------------------------------------------------
 polynomial order      : 9
 polynomial type       : Interpolating
---------------------------------------------------------------------------
 total boxes           : 8
 boxes                 : [          2           2           2 ]
 unit lengths          : [   32.00000    32.00000    32.00000 ]
 scaling factor        : [    1.00000     1.00000     1.00000 ]
 lower bounds          : [  -32.00000   -32.00000   -32.00000 ]
 upper bounds          : [   32.00000    32.00000    32.00000 ]
 total length          : [   64.00000    64.00000    64.00000 ]
===========================================================================


                                                                           
***************************************************************************
***                                                                     ***
***                        Initializing Molecule                        ***
***                                                                     ***
***************************************************************************
                                                                           
                                                                           
===========================================================================
                                 Molecule
---------------------------------------------------------------------------
 Charge                  :                                               0
 Multiplicity            :                                               1
---------------------------------------------------------------------------
    N    Atom            :               x               y               z
---------------------------------------------------------------------------
    0       P            :        0.000000        0.000000       -1.789004
    1       P            :        0.000000        0.000000        1.789004
---------------------------------------------------------------------------
 Center of mass          :        0.000000        0.000000       -0.000000
===========================================================================


                                                                           
***************************************************************************
***                                                                     ***
***                 Computing Ground State Wavefunction                 ***
***                                                                     ***
***************************************************************************
                                                                           
                                                                           
~~~~~~~~~~~~~~~~~~~~~~~~~~~~~~~~~~~~~~~~~~~~~~~~~~~~~~~~~~~~~~~~~~~~~~~~~~~
 Calculation             : Compute initial orbitals
 Method                  : Diagonalize SAD Hamiltonian
 Precision               : 1.00000e-04
 Screening               : 1.20000e+01 StdDev
 Restricted              : False
 Functional              : LDA (SVWN5)
 AO basis                : 3-21G
~~~~~~~~~~~~~~~~~~~~~~~~~~~~~~~~~~~~~~~~~~~~~~~~~~~~~~~~~~~~~~~~~~~~~~~~~~~


===========================================================================
                            Molecular Orbitals
---------------------------------------------------------------------------
 Alpha electrons         :                                              15
 Beta electrons          :                                              15
 Total electrons         :                                              30
---------------------------------------------------------------------------
    n  Occ Spin          :                                            Norm
---------------------------------------------------------------------------
    0    1    a          :                              1.000000096100e+00
    1    1    a          :                              1.000000773335e+00
    2    1    a          :                              1.000002119446e+00
    3    1    a          :                              9.999909910156e-01
    4    1    a          :                              9.999834610489e-01
    5    1    a          :                              1.000016638812e+00
    6    1    a          :                              1.000001006038e+00
    7    1    a          :                              1.000001059141e+00
    8    1    a          :                              9.999989471705e-01
    9    1    a          :                              9.999989471705e-01
   10    1    a          :                              9.999988229777e-01
   11    1    a          :                              1.000000106638e+00
   12    1    a          :                              1.000000170429e+00
   13    1    a          :                              9.999999285948e-01
   14    1    a          :                              9.999999285948e-01
   15    1    b          :                              1.000000338904e+00
   16    1    b          :                              9.999995827310e-01
   17    1    b          :                              1.000002119259e+00
   18    1    b          :                              9.999978851222e-01
   19    1    b          :                              9.999835685283e-01
   20    1    b          :                              1.000016514066e+00
   21    1    b          :                              1.000001058500e+00
   22    1    b          :                              1.000001058500e+00
   23    1    b          :                              9.999989539331e-01
   24    1    b          :                              9.999987251086e-01
   25    1    b          :                              9.999988229776e-01
   26    1    b          :                              1.000000105318e+00
   27    1    b          :                              1.000000167487e+00
   28    1    b          :                              9.999999285948e-01
   29    1    b          :                              9.999999285948e-01
===========================================================================


~~~~~~~~~~~~~~~~~~~~~~~~~~~~~~~~~~~~~~~~~~~~~~~~~~~~~~~~~~~~~~~~~~~~~~~~~~~
 Calculation             : Compute initial energy
 Method                  : DFT (PBE0)
 Relativity              : None
 Precision               : 1.00000e-04
 Localization            : On
~~~~~~~~~~~~~~~~~~~~~~~~~~~~~~~~~~~~~~~~~~~~~~~~~~~~~~~~~~~~~~~~~~~~~~~~~~~


===========================================================================
                        Molecular Energy (initial)
---------------------------------------------------------------------------
 Kinetic energy          :            (au)                676.692198983403
 E-N energy              :            (au)              -1741.433925824732
 Coulomb energy          :            (au)                368.989596038822
 Exchange energy         :            (au)                -11.270953460023
 X-C energy              :            (au)                -34.784482775647
 Ext. field (el)         :            (au)                  0.000000000000
---------------------------------------------------------------------------
 N-N energy              :            (au)                 62.884166535171
 Ext. field (nuc)        :            (au)                  0.000000000000
 Tot. Reac. Energy       :            (au)                  0.000000000000
 El. Reac. Energy        :            (au)                  0.000000000000
 Nuc. Reac. Energy       :            (au)                  0.000000000000
---------------------------------------------------------------------------
 Electronic energy       :            (au)               -741.807567038177
 Nuclear energy          :            (au)                 62.884166535171
---------------------------------------------------------------------------
 Total energy            :            (au)             -6.789234005030e+02
                         :      (kcal/mol)             -4.260308625413e+05
                         :        (kJ/mol)             -1.782513130030e+06
                         :            (eV)             -1.847444607054e+04
===========================================================================


===========================================================================
                        Orbital Energies (initial)
---------------------------------------------------------------------------
    n  Occ Spin          :                                         Epsilon
---------------------------------------------------------------------------
    0    1    a          :            (au)                -76.711257235545
    1    1    a          :            (au)                -76.704657505312
    2    1    a          :            (au)                 -6.599126502647
    3    1    a          :            (au)                 -6.594586950340
    4    1    a          :            (au)                 -4.734893669577
    5    1    a          :            (au)                 -4.734888571633
    6    1    a          :            (au)                 -4.733858972902
    7    1    a          :            (au)                 -4.730795108640
    8    1    a          :            (au)                 -4.730794694528
    9    1    a          :            (au)                 -4.729179196185
   10    1    a          :            (au)                 -0.742536627741
   11    1    a          :            (au)                 -0.466958224563
   12    1    a          :            (au)                 -0.307908712037
   13    1    a          :            (au)                 -0.307906183940
   14    1    a          :            (au)                 -0.297845703325
   15    1    b          :            (au)                -76.711295959672
   16    1    b          :            (au)                -76.704627972376
   17    1    b          :            (au)                 -6.599082598673
   18    1    b          :            (au)                 -6.594631260800
   19    1    b          :            (au)                 -4.734890666142
   20    1    b          :            (au)                 -4.734888629748
   21    1    b          :            (au)                 -4.733850713799
   22    1    b          :            (au)                 -4.730797026617
   23    1    b          :            (au)                 -4.730794724406
   24    1    b          :            (au)                 -4.729175965190
   25    1    b          :            (au)                 -0.742561456503
   26    1    b          :            (au)                 -0.466953630383
   27    1    b          :            (au)                 -0.307917616453
   28    1    b          :            (au)                 -0.307916899840
   29    1    b          :            (au)                 -0.297850225247
---------------------------------------------------------------------------
 Sum occupied            :            (au)               -394.254429204765
===========================================================================


~~~~~~~~~~~~~~~~~~~~~~~~~~~~~~~~~~~~~~~~~~~~~~~~~~~~~~~~~~~~~~~~~~~~~~~~~~~
 Calculation             : Optimize ground state orbitals
 Method                  : DFT (PBE0)
 Relativity              : None
 Checkpointing           : Off
 Max iterations          : 200
 KAIN solver             : 10
 Localization            : First two iterations
 Diagonalization         : Off
 Start precision         : 1.00000e-06
 Final precision         : 1.00000e-06
 Helmholtz precision     : Dynamic
 Energy threshold        : 1.00000e-06
 Orbital threshold       : 5.00000e-05
~~~~~~~~~~~~~~~~~~~~~~~~~~~~~~~~~~~~~~~~~~~~~~~~~~~~~~~~~~~~~~~~~~~~~~~~~~~


===========================================================================
 Iter           MO residual             Total energy                Update
---------------------------------------------------------------------------
    0          5.477226e+00        -678.923400503006         -6.789234e+02
    1          2.158640e-01        -682.343992081866         -3.420592e+00
    2          6.676476e-02        -682.447815985992         -1.038239e-01
    3          3.409532e-02        -682.463760826066         -1.594484e-02
    4          4.021274e-02        -682.469056001792         -5.295176e-03
    5          1.686314e-02        -682.470111972236         -1.055970e-03
    6          1.066187e-02        -682.470440866017         -3.288938e-04
    7          2.870405e-03        -682.470491118804         -5.025279e-05
    8          1.301278e-03        -682.470503187465         -1.206866e-05
    9          4.404626e-04        -682.470504458985         -1.271521e-06
   10          2.862309e-04        -682.470504872482         -4.134962e-07
   11          1.232263e-04        -682.470504952138         -7.965673e-08
---------------------------------------------------------------------------
                      SCF converged in 11 iterations!
===========================================================================


                                                                           
***************************************************************************
***                                                                     ***
***                    Printing Molecular Properties                    ***
***                                                                     ***
***************************************************************************
                                                                           
                                                                           
===========================================================================
                                 Molecule
---------------------------------------------------------------------------
 Charge                  :                                               0
 Multiplicity            :                                               1
---------------------------------------------------------------------------
    N    Atom            :               x               y               z
---------------------------------------------------------------------------
    0       P            :        0.000000        0.000000       -1.789004
    1       P            :        0.000000        0.000000        1.789004
---------------------------------------------------------------------------
 Center of mass          :        0.000000        0.000000       -0.000000
===========================================================================


===========================================================================
                         Molecular Energy (final)
---------------------------------------------------------------------------
 Kinetic energy          :            (au)                681.461092370006
 E-N energy              :            (au)              -1750.638027419405
 Coulomb energy          :            (au)                369.981991515437
 Exchange energy         :            (au)                -11.293385544860
 X-C energy              :            (au)                -34.866342408488
 Ext. field (el)         :            (au)                  0.000000000000
---------------------------------------------------------------------------
 N-N energy              :            (au)                 62.884166535171
 Ext. field (nuc)        :            (au)                  0.000000000000
 Tot. Reac. Energy       :            (au)                  0.000000000000
 El. Reac. Energy        :            (au)                  0.000000000000
 Nuc. Reac. Energy       :            (au)                  0.000000000000
---------------------------------------------------------------------------
 Electronic energy       :            (au)               -745.354671487310
 Nuclear energy          :            (au)                 62.884166535171
---------------------------------------------------------------------------
 Total energy            :            (au)             -6.824705049521e+02
                         :      (kcal/mol)             -4.282567041707e+05
                         :        (kJ/mol)             -1.791826051413e+06
                         :            (eV)             -1.857096769552e+04
===========================================================================


===========================================================================
                         Orbital Energies (final)
---------------------------------------------------------------------------
    n  Occ Spin          :                                         Epsilon
---------------------------------------------------------------------------
    0    1    a          :            (au)                -77.234592525643
    1    1    a          :            (au)                -77.234589299237
    2    1    a          :            (au)                 -6.633996402993
    3    1    a          :            (au)                 -6.633480546101
    4    1    a          :            (au)                 -4.769243570386
    5    1    a          :            (au)                 -4.769243568322
    6    1    a          :            (au)                 -4.769034456217
    7    1    a          :            (au)                 -4.769034455011
    8    1    a          :            (au)                 -4.766192805460
    9    1    a          :            (au)                 -4.763969584178
   10    1    a          :            (au)                 -0.700374513524
   11    1    a          :            (au)                 -0.479012382730
   12    1    a          :            (au)                 -0.307962055488
   13    1    a          :            (au)                 -0.298019500910
   14    1    a          :            (au)                 -0.298019496617
   15    1    b          :            (au)                -77.234592527707
   16    1    b          :            (au)                -77.234589303424
   17    1    b          :            (au)                 -6.633996410723
   18    1    b          :            (au)                 -6.633480553966
   19    1    b          :            (au)                 -4.769243574243
   20    1    b          :            (au)                 -4.769243572278
   21    1    b          :            (au)                 -4.769034460331
   22    1    b          :            (au)                 -4.769034459066
   23    1    b          :            (au)                 -4.766192829474
   24    1    b          :            (au)                 -4.763969608244
   25    1    b          :            (au)                 -0.700374513695
   26    1    b          :            (au)                 -0.479012389487
   27    1    b          :            (au)                 -0.307962055502
   28    1    b          :            (au)                 -0.298019502255
   29    1    b          :            (au)                 -0.298019499396
---------------------------------------------------------------------------
 Sum occupied            :            (au)               -396.853530422611
===========================================================================


===========================================================================
                           Dipole Moment (dip-1)
---------------------------------------------------------------------------
 r_O                     :        0.000000        0.000000        0.000000
---------------------------------------------------------------------------
 Electronic vector       :       -0.000000       -0.000000       -0.000013
 Magnitude               :            (au)                        0.000013
                         :         (Debye)                        0.000033
---------------------------------------------------------------------------
 Nuclear vector          :        0.000000        0.000000        0.000000
 Magnitude               :            (au)                        0.000000
                         :         (Debye)                        0.000000
---------------------------------------------------------------------------
 Total vector            :       -0.000000       -0.000000       -0.000013
 Magnitude               :            (au)                        0.000013
                         :         (Debye)                        0.000033
===========================================================================


                                                                           
                                                                           
***************************************************************************
***                                                                     ***
***                            Exiting MRChem                           ***
***                                                                     ***
***                       Wall time :  0h 20m 14s                       ***
***                                                                     ***
***************************************************************************
                                                                           
                                                                           
