                                                                           
                                                                           
***************************************************************************
***                                                                     ***
***                                                                     ***
***          __  __ ____   ____ _                                       ***
***         |  \/  |  _ \ / ___| |__   ___ _ __ ___                     ***
***         | |\/| | |_) | |   | '_ \ / _ \ '_ ` _ \                    ***
***         | |  | |  _ <| |___| | | |  __/ | | | | |                   ***
***         |_|  |_|_| \_\\____|_| |_|\___|_| |_| |_|                   ***
***                                                                     ***
***         VERSION            1.1.0-alpha                              ***
***                                                                     ***
***         Git branch         HEAD                                     ***
***         Git commit hash    e7d4b230bb6df8495b9a                     ***
***         Git commit author  Stig Rune Jensen                         ***
***         Git commit date    Sat Mar 19 14:14:51 2022 +0100           ***
***                                                                     ***
***         Contact: luca.frediani@uit.no                               ***
***                                                                     ***
***         Radovan Bast            Magnar Bjorgve                      ***
***         Roberto Di Remigio      Antoine Durdek                      ***
***         Luca Frediani           Gabriel Gerez                       ***
***         Stig Rune Jensen        Jonas Juselius                      ***
***         Rune Monstad            Peter Wind                          ***
***                                                                     ***
***************************************************************************

---------------------------------------------------------------------------

 MPI processes           :        (1 bank)                              30
 OpenMP threads          :                                               6
 Total cores             :                                             175
                                                                           
---------------------------------------------------------------------------

XCFun DFT library Copyright 2009-2020 Ulf Ekstrom and contributors.
See http://dftlibs.org/xcfun/ for more information.

This is free software; see the source code for copying conditions.
There is ABSOLUTELY NO WARRANTY; not even for MERCHANTABILITY or
FITNESS FOR A PARTICULAR PURPOSE. For details see the documentation.
Scientific users of this library should cite
U. Ekstrom, L. Visscher, R. Bast, A. J. Thorvaldsen and K. Ruud;
J.Chem.Theor.Comp. 2010, DOI: 10.1021/ct100117s

---------------------------------------------------------------------------

 MRCPP version         : 1.4.1
 Git branch            : HEAD
 Git commit hash       : 75d41879b1908a94a452
 Git commit author     : Stig Rune Jensen
 Git commit date       : Thu Jan 6 11:38:53 2022 +0100

 Linear algebra        : EIGEN v3.4.0
 Parallelization       : MPI/OpenMP (6 threads)

---------------------------------------------------------------------------


                                                                           
===========================================================================
                         MultiResolution Analysis
---------------------------------------------------------------------------
 polynomial order      : 9
 polynomial type       : Interpolating
---------------------------------------------------------------------------
 total boxes           : 8
 boxes                 : [          2           2           2 ]
 unit lengths          : [   32.00000    32.00000    32.00000 ]
 scaling factor        : [    1.00000     1.00000     1.00000 ]
 lower bounds          : [  -32.00000   -32.00000   -32.00000 ]
 upper bounds          : [   32.00000    32.00000    32.00000 ]
 total length          : [   64.00000    64.00000    64.00000 ]
===========================================================================


                                                                           
***************************************************************************
***                                                                     ***
***                        Initializing Molecule                        ***
***                                                                     ***
***************************************************************************
                                                                           
                                                                           
===========================================================================
                                 Molecule
---------------------------------------------------------------------------
 Charge                  :                                               0
 Multiplicity            :                                               3
---------------------------------------------------------------------------
    N    Atom            :               x               y               z
---------------------------------------------------------------------------
    0       H            :        0.000000        0.000000       -2.603049
    1       P            :        0.000000        0.000000        0.084708
---------------------------------------------------------------------------
 Center of mass          :        0.000000        0.000000        0.000000
===========================================================================


                                                                           
***************************************************************************
***                                                                     ***
***                 Computing Ground State Wavefunction                 ***
***                                                                     ***
***************************************************************************
                                                                           
                                                                           
~~~~~~~~~~~~~~~~~~~~~~~~~~~~~~~~~~~~~~~~~~~~~~~~~~~~~~~~~~~~~~~~~~~~~~~~~~~
 Calculation             : Compute initial orbitals
 Method                  : Diagonalize SAD Hamiltonian
 Precision               : 1.00000e-04
 Screening               : 1.20000e+01 StdDev
 Restricted              : False
 Functional              : LDA (SVWN5)
 AO basis                : 3-21G
~~~~~~~~~~~~~~~~~~~~~~~~~~~~~~~~~~~~~~~~~~~~~~~~~~~~~~~~~~~~~~~~~~~~~~~~~~~


===========================================================================
                            Molecular Orbitals
---------------------------------------------------------------------------
 Alpha electrons         :                                               9
 Beta electrons          :                                               7
 Total electrons         :                                              16
---------------------------------------------------------------------------
    n  Occ Spin          :                                            Norm
---------------------------------------------------------------------------
    0    1    a          :                              1.000000007098e+00
    1    1    a          :                              9.999999077597e-01
    2    1    a          :                              1.000000551640e+00
    3    1    a          :                              1.000000000000e+00
    4    1    a          :                              1.000000000000e+00
    5    1    a          :                              9.999996018527e-01
    6    1    a          :                              1.000005476128e+00
    7    1    a          :                              1.000000000000e+00
    8    1    a          :                              1.000000000000e+00
    9    1    b          :                              1.000000007098e+00
   10    1    b          :                              9.999999077597e-01
   11    1    b          :                              1.000000551640e+00
   12    1    b          :                              1.000000000000e+00
   13    1    b          :                              1.000000000000e+00
   14    1    b          :                              9.999996018527e-01
   15    1    b          :                              1.000005476128e+00
===========================================================================


~~~~~~~~~~~~~~~~~~~~~~~~~~~~~~~~~~~~~~~~~~~~~~~~~~~~~~~~~~~~~~~~~~~~~~~~~~~
 Calculation             : Compute initial energy
 Method                  : DFT (PBE0)
 Relativity              : None
 Precision               : 1.00000e-04
 Localization            : On
~~~~~~~~~~~~~~~~~~~~~~~~~~~~~~~~~~~~~~~~~~~~~~~~~~~~~~~~~~~~~~~~~~~~~~~~~~~


===========================================================================
                        Molecular Energy (initial)
---------------------------------------------------------------------------
 Kinetic energy          :            (au)                338.730090310925
 E-N energy              :            (au)               -820.062324855074
 Coulomb energy          :            (au)                159.109516408270
 Exchange energy         :            (au)                 -5.724694664658
 X-C energy              :            (au)                -17.633274495001
 Ext. field (el)         :            (au)                  0.000000000000
---------------------------------------------------------------------------
 N-N energy              :            (au)                  5.580861102089
 Ext. field (nuc)        :            (au)                  0.000000000000
 Tot. Reac. Energy       :            (au)                  0.000000000000
 El. Reac. Energy        :            (au)                  0.000000000000
 Nuc. Reac. Energy       :            (au)                  0.000000000000
---------------------------------------------------------------------------
 Electronic energy       :            (au)               -345.580687295538
 Nuclear energy          :            (au)                  5.580861102089
---------------------------------------------------------------------------
 Total energy            :            (au)             -3.399998261934e+02
                         :      (kcal/mol)             -2.133531103947e+05
                         :        (kJ/mol)             -8.926694144710e+05
                         :            (eV)             -9.251866187483e+03
===========================================================================


===========================================================================
                        Orbital Energies (initial)
---------------------------------------------------------------------------
    n  Occ Spin          :                                         Epsilon
---------------------------------------------------------------------------
    0    1    a          :            (au)                -76.708180036553
    1    1    a          :            (au)                 -6.590020834887
    2    1    a          :            (au)                 -4.731438253257
    3    1    a          :            (au)                 -4.731436166406
    4    1    a          :            (au)                 -4.722705813943
    5    1    a          :            (au)                 -0.650913188891
    6    1    a          :            (au)                 -0.357174748550
    7    1    a          :            (au)                 -0.265992174773
    8    1    a          :            (au)                 -0.265989498171
    9    1    b          :            (au)                -76.699708882350
   10    1    b          :            (au)                 -6.580466775499
   11    1    b          :            (au)                 -4.717839435068
   12    1    b          :            (au)                 -4.712596879844
   13    1    b          :            (au)                 -4.712596555611
   14    1    b          :            (au)                 -0.581213361234
   15    1    b          :            (au)                 -0.319648074541
---------------------------------------------------------------------------
 Sum occupied            :            (au)               -197.347920679580
===========================================================================


~~~~~~~~~~~~~~~~~~~~~~~~~~~~~~~~~~~~~~~~~~~~~~~~~~~~~~~~~~~~~~~~~~~~~~~~~~~
 Calculation             : Optimize ground state orbitals
 Method                  : DFT (PBE0)
 Relativity              : None
 Checkpointing           : Off
 Max iterations          : 200
 KAIN solver             : 10
 Localization            : First two iterations
 Diagonalization         : Off
 Start precision         : 1.00000e-06
 Final precision         : 1.00000e-06
 Helmholtz precision     : Dynamic
 Energy threshold        : 1.00000e-06
 Orbital threshold       : 5.00000e-05
~~~~~~~~~~~~~~~~~~~~~~~~~~~~~~~~~~~~~~~~~~~~~~~~~~~~~~~~~~~~~~~~~~~~~~~~~~~


===========================================================================
 Iter           MO residual             Total energy                Update
---------------------------------------------------------------------------
    0          4.000000e+00        -339.999826193449         -3.399998e+02
    1          1.469620e-01        -341.705227751499         -1.705402e+00
    2          4.351717e-02        -341.755567188894         -5.033944e-02
    3          2.139883e-02        -341.762901571522         -7.334383e-03
    4          2.083447e-02        -341.765067960091         -2.166389e-03
    5          1.194207e-02        -341.765512429415         -4.444693e-04
    6          6.316156e-03        -341.765630059787         -1.176304e-04
    7          2.253353e-03        -341.765653285762         -2.322597e-05
    8          1.211055e-03        -341.765659084511         -5.798749e-06
    9          7.813425e-04        -341.765660198595         -1.114084e-06
   10          1.050226e-03        -341.765660975146         -7.765514e-07
   11          4.724780e-04        -341.765661271679         -2.965328e-07
   12          1.237390e-04        -341.765661379176         -1.074974e-07
   13          7.472421e-05        -341.765661395654         -1.647794e-08
---------------------------------------------------------------------------
                      SCF converged in 13 iterations!
===========================================================================


                                                                           
***************************************************************************
***                                                                     ***
***                    Printing Molecular Properties                    ***
***                                                                     ***
***************************************************************************
                                                                           
                                                                           
===========================================================================
                                 Molecule
---------------------------------------------------------------------------
 Charge                  :                                               0
 Multiplicity            :                                               3
---------------------------------------------------------------------------
    N    Atom            :               x               y               z
---------------------------------------------------------------------------
    0       H            :        0.000000        0.000000       -2.603049
    1       P            :        0.000000        0.000000        0.084708
---------------------------------------------------------------------------
 Center of mass          :        0.000000        0.000000        0.000000
===========================================================================


===========================================================================
                         Molecular Energy (final)
---------------------------------------------------------------------------
 Kinetic energy          :            (au)                341.278055684014
 E-N energy              :            (au)               -824.665488155068
 Coulomb energy          :            (au)                159.467680204337
 Exchange energy         :            (au)                 -5.738907346631
 X-C energy              :            (au)                -17.687862884396
 Ext. field (el)         :            (au)                  0.000000000000
---------------------------------------------------------------------------
 N-N energy              :            (au)                  5.580861102089
 Ext. field (nuc)        :            (au)                  0.000000000000
 Tot. Reac. Energy       :            (au)                  0.000000000000
 El. Reac. Energy        :            (au)                  0.000000000000
 Nuc. Reac. Energy       :            (au)                  0.000000000000
---------------------------------------------------------------------------
 Electronic energy       :            (au)               -347.346522497743
 Nuclear energy          :            (au)                  5.580861102089
---------------------------------------------------------------------------
 Total energy            :            (au)             -3.417656613957e+02
                         :      (kcal/mol)             -2.144611887048e+05
                         :        (kJ/mol)             -8.973056141233e+05
                         :            (eV)             -9.299917009105e+03
===========================================================================


===========================================================================
                         Orbital Energies (final)
---------------------------------------------------------------------------
    n  Occ Spin          :                                         Epsilon
---------------------------------------------------------------------------
    0    1    a          :            (au)                -77.239309638482
    1    1    a          :            (au)                 -6.636724973459
    2    1    a          :            (au)                 -4.776465483666
    3    1    a          :            (au)                 -4.776465483060
    4    1    a          :            (au)                 -4.767098670294
    5    1    a          :            (au)                 -0.644181155965
    6    1    a          :            (au)                 -0.361414163488
    7    1    a          :            (au)                 -0.272288248103
    8    1    a          :            (au)                 -0.272288247303
    9    1    b          :            (au)                -77.230292789332
   10    1    b          :            (au)                 -6.627353973739
   11    1    b          :            (au)                 -4.762071396786
   12    1    b          :            (au)                 -4.757285397468
   13    1    b          :            (au)                 -4.757285395964
   14    1    b          :            (au)                 -0.569297550780
   15    1    b          :            (au)                 -0.334831351597
---------------------------------------------------------------------------
 Sum occupied            :            (au)               -198.784653919484
===========================================================================


===========================================================================
                           Dipole Moment (dip-1)
---------------------------------------------------------------------------
 r_O                     :        0.000000        0.000000        0.000000
---------------------------------------------------------------------------
 Electronic vector       :        0.000000        0.000000        1.152890
 Magnitude               :            (au)                        1.152890
                         :         (Debye)                        2.930355
---------------------------------------------------------------------------
 Nuclear vector          :        0.000000        0.000000       -1.332427
 Magnitude               :            (au)                        1.332427
                         :         (Debye)                        3.386692
---------------------------------------------------------------------------
 Total vector            :        0.000000        0.000000       -0.179537
 Magnitude               :            (au)                        0.179537
                         :         (Debye)                        0.456337
===========================================================================


                                                                           
                                                                           
***************************************************************************
***                                                                     ***
***                            Exiting MRChem                           ***
***                                                                     ***
***                       Wall time :  0h 14m 51s                       ***
***                                                                     ***
***************************************************************************
                                                                           
                                                                           
