                                                                           
                                                                           
***************************************************************************
***                                                                     ***
***                                                                     ***
***          __  __ ____   ____ _                                       ***
***         |  \/  |  _ \ / ___| |__   ___ _ __ ___                     ***
***         | |\/| | |_) | |   | '_ \ / _ \ '_ ` _ \                    ***
***         | |  | |  _ <| |___| | | |  __/ | | | | |                   ***
***         |_|  |_|_| \_\\____|_| |_|\___|_| |_| |_|                   ***
***                                                                     ***
***         VERSION            1.1.0-alpha                              ***
***                                                                     ***
***         Git branch         HEAD                                     ***
***         Git commit hash    e7d4b230bb6df8495b9a                     ***
***         Git commit author  Stig Rune Jensen                         ***
***         Git commit date    Sat Mar 19 14:14:51 2022 +0100           ***
***                                                                     ***
***         Contact: luca.frediani@uit.no                               ***
***                                                                     ***
***         Radovan Bast            Magnar Bjorgve                      ***
***         Roberto Di Remigio      Antoine Durdek                      ***
***         Luca Frediani           Gabriel Gerez                       ***
***         Stig Rune Jensen        Jonas Juselius                      ***
***         Rune Monstad            Peter Wind                          ***
***                                                                     ***
***************************************************************************

---------------------------------------------------------------------------

 MPI processes           :        (1 bank)                              30
 OpenMP threads          :                                               6
 Total cores             :                                             175
                                                                           
---------------------------------------------------------------------------

XCFun DFT library Copyright 2009-2020 Ulf Ekstrom and contributors.
See http://dftlibs.org/xcfun/ for more information.

This is free software; see the source code for copying conditions.
There is ABSOLUTELY NO WARRANTY; not even for MERCHANTABILITY or
FITNESS FOR A PARTICULAR PURPOSE. For details see the documentation.
Scientific users of this library should cite
U. Ekstrom, L. Visscher, R. Bast, A. J. Thorvaldsen and K. Ruud;
J.Chem.Theor.Comp. 2010, DOI: 10.1021/ct100117s

---------------------------------------------------------------------------

 MRCPP version         : 1.4.1
 Git branch            : HEAD
 Git commit hash       : 75d41879b1908a94a452
 Git commit author     : Stig Rune Jensen
 Git commit date       : Thu Jan 6 11:38:53 2022 +0100

 Linear algebra        : EIGEN v3.4.0
 Parallelization       : MPI/OpenMP (6 threads)

---------------------------------------------------------------------------


                                                                           
===========================================================================
                         MultiResolution Analysis
---------------------------------------------------------------------------
 polynomial order      : 9
 polynomial type       : Interpolating
---------------------------------------------------------------------------
 total boxes           : 8
 boxes                 : [          2           2           2 ]
 unit lengths          : [   32.00000    32.00000    32.00000 ]
 scaling factor        : [    1.00000     1.00000     1.00000 ]
 lower bounds          : [  -32.00000   -32.00000   -32.00000 ]
 upper bounds          : [   32.00000    32.00000    32.00000 ]
 total length          : [   64.00000    64.00000    64.00000 ]
===========================================================================


                                                                           
***************************************************************************
***                                                                     ***
***                        Initializing Molecule                        ***
***                                                                     ***
***************************************************************************
                                                                           
                                                                           
===========================================================================
                                 Molecule
---------------------------------------------------------------------------
 Charge                  :                                               0
 Multiplicity            :                                               2
---------------------------------------------------------------------------
    N    Atom            :               x               y               z
---------------------------------------------------------------------------
    0       P            :        0.000000        0.000000       -0.115059
    1       H            :        0.000000        1.933001        1.767864
    2       H            :        0.000000       -1.933001        1.767864
---------------------------------------------------------------------------
 Center of mass          :        0.000000        0.000000       -0.000000
===========================================================================


                                                                           
***************************************************************************
***                                                                     ***
***                 Computing Ground State Wavefunction                 ***
***                                                                     ***
***************************************************************************
                                                                           
                                                                           
~~~~~~~~~~~~~~~~~~~~~~~~~~~~~~~~~~~~~~~~~~~~~~~~~~~~~~~~~~~~~~~~~~~~~~~~~~~
 Calculation             : Compute initial orbitals
 Method                  : Diagonalize SAD Hamiltonian
 Precision               : 1.00000e-04
 Screening               : 1.20000e+01 StdDev
 Restricted              : False
 Functional              : LDA (SVWN5)
 AO basis                : 3-21G
~~~~~~~~~~~~~~~~~~~~~~~~~~~~~~~~~~~~~~~~~~~~~~~~~~~~~~~~~~~~~~~~~~~~~~~~~~~


===========================================================================
                            Molecular Orbitals
---------------------------------------------------------------------------
 Alpha electrons         :                                               9
 Beta electrons          :                                               8
 Total electrons         :                                              17
---------------------------------------------------------------------------
    n  Occ Spin          :                                            Norm
---------------------------------------------------------------------------
    0    1    a          :                              9.999999884814e-01
    1    1    a          :                              9.999999266620e-01
    2    1    a          :                              1.000000124492e+00
    3    1    a          :                              1.000000123279e+00
    4    1    a          :                              1.000000000000e+00
    5    1    a          :                              9.999994569784e-01
    6    1    a          :                              1.000001134541e+00
    7    1    a          :                              1.000001200193e+00
    8    1    a          :                              1.000000000000e+00
    9    1    b          :                              9.999999884814e-01
   10    1    b          :                              9.999999266620e-01
   11    1    b          :                              1.000000124492e+00
   12    1    b          :                              1.000000123279e+00
   13    1    b          :                              1.000000000000e+00
   14    1    b          :                              9.999994569784e-01
   15    1    b          :                              1.000001134541e+00
   16    1    b          :                              1.000001198751e+00
===========================================================================


~~~~~~~~~~~~~~~~~~~~~~~~~~~~~~~~~~~~~~~~~~~~~~~~~~~~~~~~~~~~~~~~~~~~~~~~~~~
 Calculation             : Compute initial energy
 Method                  : DFT (PBE0)
 Relativity              : None
 Precision               : 1.00000e-04
 Localization            : On
~~~~~~~~~~~~~~~~~~~~~~~~~~~~~~~~~~~~~~~~~~~~~~~~~~~~~~~~~~~~~~~~~~~~~~~~~~~


===========================================================================
                        Molecular Energy (initial)
---------------------------------------------------------------------------
 Kinetic energy          :            (au)                339.529752838014
 E-N energy              :            (au)               -833.362451701715
 Coulomb energy          :            (au)                165.594608130365
 Exchange energy         :            (au)                 -5.810178374228
 X-C energy              :            (au)                -17.934756457110
 Ext. field (el)         :            (au)                  0.000000000000
---------------------------------------------------------------------------
 N-N energy              :            (au)                 11.375961395680
 Ext. field (nuc)        :            (au)                  0.000000000000
 Tot. Reac. Energy       :            (au)                  0.000000000000
 El. Reac. Energy        :            (au)                  0.000000000000
 Nuc. Reac. Energy       :            (au)                  0.000000000000
---------------------------------------------------------------------------
 Electronic energy       :            (au)               -351.983025564674
 Nuclear energy          :            (au)                 11.375961395680
---------------------------------------------------------------------------
 Total energy            :            (au)             -3.406070641690e+02
                         :      (kcal/mol)             -2.137341579743e+05
                         :        (kJ/mol)             -8.942637175450e+05
                         :            (eV)             -9.268389973853e+03
===========================================================================


===========================================================================
                        Orbital Energies (initial)
---------------------------------------------------------------------------
    n  Occ Spin          :                                         Epsilon
---------------------------------------------------------------------------
    0    1    a          :            (au)                -76.659047654737
    1    1    a          :            (au)                 -6.551277840463
    2    1    a          :            (au)                 -4.693573223757
    3    1    a          :            (au)                 -4.686695253510
    4    1    a          :            (au)                 -4.682866485768
    5    1    a          :            (au)                 -0.662600576672
    6    1    a          :            (au)                 -0.404320650196
    7    1    a          :            (au)                 -0.300038843172
    8    1    a          :            (au)                 -0.250410809195
    9    1    b          :            (au)                -76.654805225215
   10    1    b          :            (au)                 -6.546500300525
   11    1    b          :            (au)                 -4.684249679345
   12    1    b          :            (au)                 -4.680432261480
   13    1    b          :            (au)                 -4.677161827264
   14    1    b          :            (au)                 -0.629636402399
   15    1    b          :            (au)                 -0.395195686063
   16    1    b          :            (au)                 -0.279553702416
---------------------------------------------------------------------------
 Sum occupied            :            (au)               -197.438366422177
===========================================================================


~~~~~~~~~~~~~~~~~~~~~~~~~~~~~~~~~~~~~~~~~~~~~~~~~~~~~~~~~~~~~~~~~~~~~~~~~~~
 Calculation             : Optimize ground state orbitals
 Method                  : DFT (PBE0)
 Relativity              : None
 Checkpointing           : Off
 Max iterations          : 200
 KAIN solver             : 10
 Localization            : First two iterations
 Diagonalization         : Off
 Start precision         : 1.00000e-06
 Final precision         : 1.00000e-06
 Helmholtz precision     : Dynamic
 Energy threshold        : 1.00000e-06
 Orbital threshold       : 5.00000e-05
~~~~~~~~~~~~~~~~~~~~~~~~~~~~~~~~~~~~~~~~~~~~~~~~~~~~~~~~~~~~~~~~~~~~~~~~~~~


===========================================================================
 Iter           MO residual             Total energy                Update
---------------------------------------------------------------------------
    0          4.123106e+00        -340.607064168994         -3.406071e+02
    1          1.695553e-01        -342.328551881400         -1.721488e+00
    2          5.200549e-02        -342.381423026691         -5.287115e-02
    3          2.506809e-02        -342.389600428569         -8.177402e-03
    4          2.646778e-02        -342.392322527928         -2.722099e-03
    5          1.285335e-02        -342.392863867274         -5.413393e-04
    6          7.373319e-03        -342.393013773725         -1.499065e-04
    7          2.580268e-03        -342.393038709308         -2.493558e-05
    8          1.326453e-03        -342.393044659422         -5.950114e-06
    9          6.361342e-04        -342.393045864982         -1.205560e-06
   10          5.126426e-04        -342.393046421416         -5.564342e-07
   11          2.271983e-04        -342.393046555099         -1.336836e-07
   12          9.490747e-05        -342.393046588452         -3.335305e-08
---------------------------------------------------------------------------
                      SCF converged in 12 iterations!
===========================================================================


                                                                           
***************************************************************************
***                                                                     ***
***                    Printing Molecular Properties                    ***
***                                                                     ***
***************************************************************************
                                                                           
                                                                           
===========================================================================
                                 Molecule
---------------------------------------------------------------------------
 Charge                  :                                               0
 Multiplicity            :                                               2
---------------------------------------------------------------------------
    N    Atom            :               x               y               z
---------------------------------------------------------------------------
    0       P            :        0.000000        0.000000       -0.115059
    1       H            :        0.000000        1.933001        1.767864
    2       H            :        0.000000       -1.933001        1.767864
---------------------------------------------------------------------------
 Center of mass          :        0.000000        0.000000       -0.000000
===========================================================================


===========================================================================
                         Molecular Energy (final)
---------------------------------------------------------------------------
 Kinetic energy          :            (au)                341.861309378411
 E-N energy              :            (au)               -837.492236770213
 Coulomb energy          :            (au)                165.662059214844
 Exchange energy         :            (au)                 -5.822686490714
 X-C energy              :            (au)                -17.977453316461
 Ext. field (el)         :            (au)                  0.000000000000
---------------------------------------------------------------------------
 N-N energy              :            (au)                 11.375961395680
 Ext. field (nuc)        :            (au)                  0.000000000000
 Tot. Reac. Energy       :            (au)                  0.000000000000
 El. Reac. Energy        :            (au)                  0.000000000000
 Nuc. Reac. Energy       :            (au)                  0.000000000000
---------------------------------------------------------------------------
 Electronic energy       :            (au)               -353.769007984132
 Nuclear energy          :            (au)                 11.375961395680
---------------------------------------------------------------------------
 Total energy            :            (au)             -3.423930465885e+02
                         :      (kcal/mol)             -2.148548788540e+05
                         :        (kJ/mol)             -8.989528137086e+05
                         :            (eV)             -9.316989029161e+03
===========================================================================


===========================================================================
                         Orbital Energies (final)
---------------------------------------------------------------------------
    n  Occ Spin          :                                         Epsilon
---------------------------------------------------------------------------
    0    1    a          :            (au)                -77.223857897645
    1    1    a          :            (au)                 -6.622955464885
    2    1    a          :            (au)                 -4.764597633416
    3    1    a          :            (au)                 -4.756649003731
    4    1    a          :            (au)                 -4.753862783444
    5    1    a          :            (au)                 -0.655658428827
    6    1    a          :            (au)                 -0.399372711394
    7    1    a          :            (au)                 -0.323713534123
    8    1    a          :            (au)                 -0.266508681599
    9    1    b          :            (au)                -77.219292216096
   10    1    b          :            (au)                 -6.618129605197
   11    1    b          :            (au)                 -4.753789936928
   12    1    b          :            (au)                 -4.751356916356
   13    1    b          :            (au)                 -4.748007468730
   14    1    b          :            (au)                 -0.620832558256
   15    1    b          :            (au)                 -0.393007084561
   16    1    b          :            (au)                 -0.309020122409
---------------------------------------------------------------------------
 Sum occupied            :            (au)               -199.180612047598
===========================================================================


===========================================================================
                           Dipole Moment (dip-1)
---------------------------------------------------------------------------
 r_O                     :        0.000000        0.000000        0.000000
---------------------------------------------------------------------------
 Electronic vector       :        0.000004        0.000000       -1.583905
 Magnitude               :            (au)                        1.583905
                         :         (Debye)                        4.025885
---------------------------------------------------------------------------
 Nuclear vector          :        0.000000        0.000000        1.809839
 Magnitude               :            (au)                        1.809839
                         :         (Debye)                        4.600151
---------------------------------------------------------------------------
 Total vector            :        0.000004        0.000000        0.225934
 Magnitude               :            (au)                        0.225934
                         :         (Debye)                        0.574267
===========================================================================


                                                                           
                                                                           
***************************************************************************
***                                                                     ***
***                            Exiting MRChem                           ***
***                                                                     ***
***                       Wall time :  0h 13m 37s                       ***
***                                                                     ***
***************************************************************************
                                                                           
                                                                           
