                                                                           
                                                                           
***************************************************************************
***                                                                     ***
***                                                                     ***
***          __  __ ____   ____ _                                       ***
***         |  \/  |  _ \ / ___| |__   ___ _ __ ___                     ***
***         | |\/| | |_) | |   | '_ \ / _ \ '_ ` _ \                    ***
***         | |  | |  _ <| |___| | | |  __/ | | | | |                   ***
***         |_|  |_|_| \_\\____|_| |_|\___|_| |_| |_|                   ***
***                                                                     ***
***         VERSION            1.1.0-alpha                              ***
***                                                                     ***
***         Git branch         HEAD                                     ***
***         Git commit hash    e7d4b230bb6df8495b9a                     ***
***         Git commit author  Stig Rune Jensen                         ***
***         Git commit date    Sat Mar 19 14:14:51 2022 +0100           ***
***                                                                     ***
***         Contact: luca.frediani@uit.no                               ***
***                                                                     ***
***         Radovan Bast            Magnar Bjorgve                      ***
***         Roberto Di Remigio      Antoine Durdek                      ***
***         Luca Frediani           Gabriel Gerez                       ***
***         Stig Rune Jensen        Jonas Juselius                      ***
***         Rune Monstad            Peter Wind                          ***
***                                                                     ***
***************************************************************************

---------------------------------------------------------------------------

 MPI processes           :        (1 bank)                              30
 OpenMP threads          :                                               6
 Total cores             :                                             175
                                                                           
---------------------------------------------------------------------------

XCFun DFT library Copyright 2009-2020 Ulf Ekstrom and contributors.
See http://dftlibs.org/xcfun/ for more information.

This is free software; see the source code for copying conditions.
There is ABSOLUTELY NO WARRANTY; not even for MERCHANTABILITY or
FITNESS FOR A PARTICULAR PURPOSE. For details see the documentation.
Scientific users of this library should cite
U. Ekstrom, L. Visscher, R. Bast, A. J. Thorvaldsen and K. Ruud;
J.Chem.Theor.Comp. 2010, DOI: 10.1021/ct100117s

---------------------------------------------------------------------------

 MRCPP version         : 1.4.1
 Git branch            : HEAD
 Git commit hash       : 75d41879b1908a94a452
 Git commit author     : Stig Rune Jensen
 Git commit date       : Thu Jan 6 11:38:53 2022 +0100

 Linear algebra        : EIGEN v3.4.0
 Parallelization       : MPI/OpenMP (6 threads)

---------------------------------------------------------------------------


                                                                           
===========================================================================
                         MultiResolution Analysis
---------------------------------------------------------------------------
 polynomial order      : 9
 polynomial type       : Interpolating
---------------------------------------------------------------------------
 total boxes           : 8
 boxes                 : [          2           2           2 ]
 unit lengths          : [   32.00000    32.00000    32.00000 ]
 scaling factor        : [    1.00000     1.00000     1.00000 ]
 lower bounds          : [  -32.00000   -32.00000   -32.00000 ]
 upper bounds          : [   32.00000    32.00000    32.00000 ]
 total length          : [   64.00000    64.00000    64.00000 ]
===========================================================================


                                                                           
***************************************************************************
***                                                                     ***
***                        Initializing Molecule                        ***
***                                                                     ***
***************************************************************************
                                                                           
                                                                           
===========================================================================
                                 Molecule
---------------------------------------------------------------------------
 Charge                  :                                               0
 Multiplicity            :                                               2
---------------------------------------------------------------------------
    N    Atom            :               x               y               z
---------------------------------------------------------------------------
    0       S            :        0.000000        0.000000       -0.077228
    1       H            :        0.000000        0.000000        2.456894
---------------------------------------------------------------------------
 Center of mass          :        0.000000        0.000000       -0.000000
===========================================================================


                                                                           
***************************************************************************
***                                                                     ***
***                 Computing Ground State Wavefunction                 ***
***                                                                     ***
***************************************************************************
                                                                           
                                                                           
~~~~~~~~~~~~~~~~~~~~~~~~~~~~~~~~~~~~~~~~~~~~~~~~~~~~~~~~~~~~~~~~~~~~~~~~~~~
 Calculation             : Compute initial orbitals
 Method                  : Diagonalize SAD Hamiltonian
 Precision               : 1.00000e-04
 Screening               : 1.20000e+01 StdDev
 Restricted              : False
 Functional              : LDA (SVWN5)
 AO basis                : 3-21G
~~~~~~~~~~~~~~~~~~~~~~~~~~~~~~~~~~~~~~~~~~~~~~~~~~~~~~~~~~~~~~~~~~~~~~~~~~~


===========================================================================
                            Molecular Orbitals
---------------------------------------------------------------------------
 Alpha electrons         :                                               9
 Beta electrons          :                                               8
 Total electrons         :                                              17
---------------------------------------------------------------------------
    n  Occ Spin          :                                            Norm
---------------------------------------------------------------------------
    0    1    a          :                              9.999999944119e-01
    1    1    a          :                              9.999999447052e-01
    2    1    a          :                              1.000000063453e+00
    3    1    a          :                              9.999999999999e-01
    4    1    a          :                              1.000000002779e+00
    5    1    a          :                              9.999994934541e-01
    6    1    a          :                              1.000000899028e+00
    7    1    a          :                              9.999999999999e-01
    8    1    a          :                              1.000000001866e+00
    9    1    b          :                              9.999999944119e-01
   10    1    b          :                              9.999999447052e-01
   11    1    b          :                              1.000000063453e+00
   12    1    b          :                              9.999999999999e-01
   13    1    b          :                              1.000000002779e+00
   14    1    b          :                              9.999994934541e-01
   15    1    b          :                              1.000000899028e+00
   16    1    b          :                              9.999999999999e-01
===========================================================================


~~~~~~~~~~~~~~~~~~~~~~~~~~~~~~~~~~~~~~~~~~~~~~~~~~~~~~~~~~~~~~~~~~~~~~~~~~~
 Calculation             : Compute initial energy
 Method                  : DFT (PBE0)
 Relativity              : None
 Precision               : 1.00000e-04
 Localization            : On
~~~~~~~~~~~~~~~~~~~~~~~~~~~~~~~~~~~~~~~~~~~~~~~~~~~~~~~~~~~~~~~~~~~~~~~~~~~


===========================================================================
                        Molecular Energy (initial)
---------------------------------------------------------------------------
 Kinetic energy          :            (au)                395.648814752883
 E-N energy              :            (au)               -956.754325459991
 Coulomb energy          :            (au)                184.018767107018
 Exchange energy         :            (au)                 -6.332713788311
 X-C energy              :            (au)                -19.507759411885
 Ext. field (el)         :            (au)                  0.000000000000
---------------------------------------------------------------------------
 N-N energy              :            (au)                  6.313822507789
 Ext. field (nuc)        :            (au)                  0.000000000000
 Tot. Reac. Energy       :            (au)                  0.000000000000
 El. Reac. Energy        :            (au)                  0.000000000000
 Nuc. Reac. Energy       :            (au)                  0.000000000000
---------------------------------------------------------------------------
 Electronic energy       :            (au)               -402.927216800287
 Nuclear energy          :            (au)                  6.313822507789
---------------------------------------------------------------------------
 Total energy            :            (au)             -3.966133942925e+02
                         :      (kcal/mol)             -2.488786604508e+05
                         :        (kJ/mol)             -1.041308316002e+06
                         :            (eV)             -1.079239978808e+04
===========================================================================


===========================================================================
                        Orbital Energies (initial)
---------------------------------------------------------------------------
    n  Occ Spin          :                                         Epsilon
---------------------------------------------------------------------------
    0    1    a          :            (au)                -88.388786513245
    1    1    a          :            (au)                 -7.934509732801
    2    1    a          :            (au)                 -5.885071333188
    3    1    a          :            (au)                 -5.873117467667
    4    1    a          :            (au)                 -5.862596092652
    5    1    a          :            (au)                 -0.755596532212
    6    1    a          :            (au)                 -0.408268260991
    7    1    a          :            (au)                 -0.316771093084
    8    1    a          :            (au)                 -0.267165444429
    9    1    b          :            (au)                -88.383419378048
   10    1    b          :            (au)                 -7.928867928213
   11    1    b          :            (au)                 -5.870224655540
   12    1    b          :            (au)                 -5.865242826036
   13    1    b          :            (au)                 -5.859654418541
   14    1    b          :            (au)                 -0.714410102457
   15    1    b          :            (au)                 -0.387655397975
   16    1    b          :            (au)                 -0.250423387483
---------------------------------------------------------------------------
 Sum occupied            :            (au)               -230.951780564563
===========================================================================


~~~~~~~~~~~~~~~~~~~~~~~~~~~~~~~~~~~~~~~~~~~~~~~~~~~~~~~~~~~~~~~~~~~~~~~~~~~
 Calculation             : Optimize ground state orbitals
 Method                  : DFT (PBE0)
 Relativity              : None
 Checkpointing           : Off
 Max iterations          : 200
 KAIN solver             : 10
 Localization            : First two iterations
 Diagonalization         : Off
 Start precision         : 1.00000e-06
 Final precision         : 1.00000e-06
 Helmholtz precision     : Dynamic
 Energy threshold        : 1.00000e-06
 Orbital threshold       : 5.00000e-05
~~~~~~~~~~~~~~~~~~~~~~~~~~~~~~~~~~~~~~~~~~~~~~~~~~~~~~~~~~~~~~~~~~~~~~~~~~~


===========================================================================
 Iter           MO residual             Total energy                Update
---------------------------------------------------------------------------
    0          4.123106e+00        -396.613394292498         -3.966134e+02
    1          1.630835e-01        -398.557130532278         -1.943736e+00
    2          5.202602e-02        -398.614708934307         -5.757840e-02
    3          2.282921e-02        -398.623073495509         -8.364561e-03
    4          1.973452e-02        -398.625486082585         -2.412587e-03
    5          1.404810e-02        -398.626097932407         -6.118498e-04
    6          8.416087e-03        -398.626253254591         -1.553222e-04
    7          5.082706e-03        -398.626295652314         -4.239772e-05
    8          4.152304e-03        -398.626311699974         -1.604766e-05
    9          3.372910e-03        -398.626321040639         -9.340665e-06
   10          3.188700e-03        -398.626330147835         -9.107196e-06
   11          1.492975e-03        -398.626333120057         -2.972222e-06
   12          5.354364e-04        -398.626333764765         -6.447082e-07
   13          3.645739e-04        -398.626333892100         -1.273350e-07
   14          1.917966e-04        -398.626334002138         -1.100377e-07
   15          1.358143e-04        -398.626334043986         -4.184869e-08
   16          5.475547e-05        -398.626334049186         -5.199411e-09
---------------------------------------------------------------------------
                      SCF converged in 16 iterations!
===========================================================================


                                                                           
***************************************************************************
***                                                                     ***
***                    Printing Molecular Properties                    ***
***                                                                     ***
***************************************************************************
                                                                           
                                                                           
===========================================================================
                                 Molecule
---------------------------------------------------------------------------
 Charge                  :                                               0
 Multiplicity            :                                               2
---------------------------------------------------------------------------
    N    Atom            :               x               y               z
---------------------------------------------------------------------------
    0       S            :        0.000000        0.000000       -0.077228
    1       H            :        0.000000        0.000000        2.456894
---------------------------------------------------------------------------
 Center of mass          :        0.000000        0.000000       -0.000000
===========================================================================


===========================================================================
                         Molecular Energy (final)
---------------------------------------------------------------------------
 Kinetic energy          :            (au)                398.089644635289
 E-N energy              :            (au)               -960.968030096135
 Coulomb energy          :            (au)                183.808432559851
 Exchange energy         :            (au)                 -6.336750963305
 X-C energy              :            (au)                -19.533452692674
 Ext. field (el)         :            (au)                  0.000000000000
---------------------------------------------------------------------------
 N-N energy              :            (au)                  6.313822507789
 Ext. field (nuc)        :            (au)                  0.000000000000
 Tot. Reac. Energy       :            (au)                  0.000000000000
 El. Reac. Energy        :            (au)                  0.000000000000
 Nuc. Reac. Energy       :            (au)                  0.000000000000
---------------------------------------------------------------------------
 Electronic energy       :            (au)               -404.940156556975
 Nuclear energy          :            (au)                  6.313822507789
---------------------------------------------------------------------------
 Total energy            :            (au)             -3.986263340492e+02
                         :      (kcal/mol)             -2.501417992086e+05
                         :        (kJ/mol)             -1.046593288568e+06
                         :            (eV)             -1.084717466688e+04
===========================================================================


===========================================================================
                         Orbital Energies (final)
---------------------------------------------------------------------------
    n  Occ Spin          :                                         Epsilon
---------------------------------------------------------------------------
    0    1    a          :            (au)                -89.056702461660
    1    1    a          :            (au)                 -8.035580753328
    2    1    a          :            (au)                 -5.980238419412
    3    1    a          :            (au)                 -5.968435610038
    4    1    a          :            (au)                 -5.961366284380
    5    1    a          :            (au)                 -0.760162860257
    6    1    a          :            (au)                 -0.427074095185
    7    1    a          :            (au)                 -0.340448651676
    8    1    a          :            (au)                 -0.289274549459
    9    1    b          :            (au)                -89.050859559319
   10    1    b          :            (au)                 -8.029788999607
   11    1    b          :            (au)                 -5.965115451360
   12    1    b          :            (au)                 -5.959688833579
   13    1    b          :            (au)                 -5.958102239169
   14    1    b          :            (au)                 -0.714006132180
   15    1    b          :            (au)                 -0.412949094258
   16    1    b          :            (au)                 -0.275140719725
---------------------------------------------------------------------------
 Sum occupied            :            (au)               -233.184934714591
===========================================================================


===========================================================================
                           Dipole Moment (dip-1)
---------------------------------------------------------------------------
 r_O                     :        0.000000        0.000000        0.000000
---------------------------------------------------------------------------
 Electronic vector       :       -0.000006        0.000001       -0.913004
 Magnitude               :            (au)                        0.913004
                         :         (Debye)                        2.320623
---------------------------------------------------------------------------
 Nuclear vector          :        0.000000        0.000000        1.221242
 Magnitude               :            (au)                        1.221242
                         :         (Debye)                        3.104087
---------------------------------------------------------------------------
 Total vector            :       -0.000006        0.000001        0.308238
 Magnitude               :            (au)                        0.308238
                         :         (Debye)                        0.783463
===========================================================================


                                                                           
                                                                           
***************************************************************************
***                                                                     ***
***                            Exiting MRChem                           ***
***                                                                     ***
***                       Wall time :  0h 18m  7s                       ***
***                                                                     ***
***************************************************************************
                                                                           
                                                                           
