                                                                           
                                                                           
***************************************************************************
***                                                                     ***
***                                                                     ***
***          __  __ ____   ____ _                                       ***
***         |  \/  |  _ \ / ___| |__   ___ _ __ ___                     ***
***         | |\/| | |_) | |   | '_ \ / _ \ '_ ` _ \                    ***
***         | |  | |  _ <| |___| | | |  __/ | | | | |                   ***
***         |_|  |_|_| \_\\____|_| |_|\___|_| |_| |_|                   ***
***                                                                     ***
***         VERSION            1.1.0-alpha                              ***
***                                                                     ***
***         Git branch         HEAD                                     ***
***         Git commit hash    e7d4b230bb6df8495b9a                     ***
***         Git commit author  Stig Rune Jensen                         ***
***         Git commit date    Sat Mar 19 14:14:51 2022 +0100           ***
***                                                                     ***
***         Contact: luca.frediani@uit.no                               ***
***                                                                     ***
***         Radovan Bast            Magnar Bjorgve                      ***
***         Roberto Di Remigio      Antoine Durdek                      ***
***         Luca Frediani           Gabriel Gerez                       ***
***         Stig Rune Jensen        Jonas Juselius                      ***
***         Rune Monstad            Peter Wind                          ***
***                                                                     ***
***************************************************************************

---------------------------------------------------------------------------

 MPI processes           :        (1 bank)                              30
 OpenMP threads          :                                               6
 Total cores             :                                             175
                                                                           
---------------------------------------------------------------------------

XCFun DFT library Copyright 2009-2020 Ulf Ekstrom and contributors.
See http://dftlibs.org/xcfun/ for more information.

This is free software; see the source code for copying conditions.
There is ABSOLUTELY NO WARRANTY; not even for MERCHANTABILITY or
FITNESS FOR A PARTICULAR PURPOSE. For details see the documentation.
Scientific users of this library should cite
U. Ekstrom, L. Visscher, R. Bast, A. J. Thorvaldsen and K. Ruud;
J.Chem.Theor.Comp. 2010, DOI: 10.1021/ct100117s

---------------------------------------------------------------------------

 MRCPP version         : 1.4.1
 Git branch            : HEAD
 Git commit hash       : 75d41879b1908a94a452
 Git commit author     : Stig Rune Jensen
 Git commit date       : Thu Jan 6 11:38:53 2022 +0100

 Linear algebra        : EIGEN v3.4.0
 Parallelization       : MPI/OpenMP (6 threads)

---------------------------------------------------------------------------


                                                                           
===========================================================================
                         MultiResolution Analysis
---------------------------------------------------------------------------
 polynomial order      : 9
 polynomial type       : Interpolating
---------------------------------------------------------------------------
 total boxes           : 8
 boxes                 : [          2           2           2 ]
 unit lengths          : [   32.00000    32.00000    32.00000 ]
 scaling factor        : [    1.00000     1.00000     1.00000 ]
 lower bounds          : [  -32.00000   -32.00000   -32.00000 ]
 upper bounds          : [   32.00000    32.00000    32.00000 ]
 total length          : [   64.00000    64.00000    64.00000 ]
===========================================================================


                                                                           
***************************************************************************
***                                                                     ***
***                        Initializing Molecule                        ***
***                                                                     ***
***************************************************************************
                                                                           
                                                                           
===========================================================================
                                 Molecule
---------------------------------------------------------------------------
 Charge                  :                                               0
 Multiplicity            :                                               1
---------------------------------------------------------------------------
    N    Atom            :               x               y               z
---------------------------------------------------------------------------
    0       S            :        0.000000        0.000000        0.103603
    1       H            :        0.000000        1.817161       -1.647984
    2       H            :        0.000000       -1.817161       -1.647984
---------------------------------------------------------------------------
 Center of mass          :        0.000000       -0.000000       -0.000000
===========================================================================


                                                                           
***************************************************************************
***                                                                     ***
***                 Computing Ground State Wavefunction                 ***
***                                                                     ***
***************************************************************************
                                                                           
                                                                           
~~~~~~~~~~~~~~~~~~~~~~~~~~~~~~~~~~~~~~~~~~~~~~~~~~~~~~~~~~~~~~~~~~~~~~~~~~~
 Calculation             : Compute initial orbitals
 Method                  : Diagonalize SAD Hamiltonian
 Precision               : 1.00000e-04
 Screening               : 1.20000e+01 StdDev
 Restricted              : False
 Functional              : LDA (SVWN5)
 AO basis                : 3-21G
~~~~~~~~~~~~~~~~~~~~~~~~~~~~~~~~~~~~~~~~~~~~~~~~~~~~~~~~~~~~~~~~~~~~~~~~~~~


===========================================================================
                            Molecular Orbitals
---------------------------------------------------------------------------
 Alpha electrons         :                                               9
 Beta electrons          :                                               9
 Total electrons         :                                              18
---------------------------------------------------------------------------
    n  Occ Spin          :                                            Norm
---------------------------------------------------------------------------
    0    1    a          :                              9.999999780245e-01
    1    1    a          :                              9.999998846873e-01
    2    1    a          :                              1.000000219894e+00
    3    1    a          :                              1.000000197038e+00
    4    1    a          :                              1.000000012651e+00
    5    1    a          :                              9.999992477850e-01
    6    1    a          :                              1.000002046446e+00
    7    1    a          :                              1.000002059484e+00
    8    1    a          :                              1.000000007962e+00
    9    1    b          :                              9.999999780245e-01
   10    1    b          :                              9.999998846873e-01
   11    1    b          :                              1.000000219894e+00
   12    1    b          :                              1.000000197038e+00
   13    1    b          :                              1.000000012651e+00
   14    1    b          :                              9.999992477850e-01
   15    1    b          :                              1.000002046446e+00
   16    1    b          :                              1.000002059488e+00
   17    1    b          :                              1.000000007956e+00
===========================================================================


~~~~~~~~~~~~~~~~~~~~~~~~~~~~~~~~~~~~~~~~~~~~~~~~~~~~~~~~~~~~~~~~~~~~~~~~~~~
 Calculation             : Compute initial energy
 Method                  : DFT (PBE0)
 Relativity              : None
 Precision               : 1.00000e-04
 Localization            : On
~~~~~~~~~~~~~~~~~~~~~~~~~~~~~~~~~~~~~~~~~~~~~~~~~~~~~~~~~~~~~~~~~~~~~~~~~~~


===========================================================================
                        Molecular Energy (initial)
---------------------------------------------------------------------------
 Kinetic energy          :            (au)                396.657701977646
 E-N energy              :            (au)               -972.329339335737
 Coulomb energy          :            (au)                191.749977382336
 Exchange energy         :            (au)                 -6.427789585264
 X-C energy              :            (au)                -19.839000093862
 Ext. field (el)         :            (au)                  0.000000000000
---------------------------------------------------------------------------
 N-N energy              :            (au)                 12.953887402932
 Ext. field (nuc)        :            (au)                  0.000000000000
 Tot. Reac. Energy       :            (au)                  0.000000000000
 El. Reac. Energy        :            (au)                  0.000000000000
 Nuc. Reac. Energy       :            (au)                  0.000000000000
---------------------------------------------------------------------------
 Electronic energy       :            (au)               -410.188449654881
 Nuclear energy          :            (au)                 12.953887402932
---------------------------------------------------------------------------
 Total energy            :            (au)             -3.972345622519e+02
                         :      (kcal/mol)             -2.492684492272e+05
                         :        (kJ/mol)             -1.042939192243e+06
                         :            (eV)             -1.080930262861e+04
===========================================================================


===========================================================================
                        Orbital Energies (initial)
---------------------------------------------------------------------------
    n  Occ Spin          :                                         Epsilon
---------------------------------------------------------------------------
    0    1    a          :            (au)                -88.300999491150
    1    1    a          :            (au)                 -7.863583463120
    2    1    a          :            (au)                 -5.804838563871
    3    1    a          :            (au)                 -5.800713881117
    4    1    a          :            (au)                 -5.792717020470
    5    1    a          :            (au)                 -0.756992939180
    6    1    a          :            (au)                 -0.451415977594
    7    1    a          :            (au)                 -0.329790900294
    8    1    a          :            (au)                 -0.236927474334
    9    1    b          :            (au)                -88.301001650651
   10    1    b          :            (au)                 -7.863583361827
   11    1    b          :            (au)                 -5.804838522572
   12    1    b          :            (au)                 -5.800714372931
   13    1    b          :            (au)                 -5.792717011295
   14    1    b          :            (au)                 -0.756992923012
   15    1    b          :            (au)                 -0.451415975806
   16    1    b          :            (au)                 -0.329787374065
   17    1    b          :            (au)                 -0.236927475146
---------------------------------------------------------------------------
 Sum occupied            :            (au)               -230.675958378435
===========================================================================


~~~~~~~~~~~~~~~~~~~~~~~~~~~~~~~~~~~~~~~~~~~~~~~~~~~~~~~~~~~~~~~~~~~~~~~~~~~
 Calculation             : Optimize ground state orbitals
 Method                  : DFT (PBE0)
 Relativity              : None
 Checkpointing           : Off
 Max iterations          : 200
 KAIN solver             : 10
 Localization            : First two iterations
 Diagonalization         : Off
 Start precision         : 1.00000e-06
 Final precision         : 1.00000e-06
 Helmholtz precision     : Dynamic
 Energy threshold        : 1.00000e-06
 Orbital threshold       : 5.00000e-05
~~~~~~~~~~~~~~~~~~~~~~~~~~~~~~~~~~~~~~~~~~~~~~~~~~~~~~~~~~~~~~~~~~~~~~~~~~~


===========================================================================
 Iter           MO residual             Total energy                Update
---------------------------------------------------------------------------
    0          4.242641e+00        -397.234562251949         -3.972346e+02
    1          2.019604e-01        -399.202126658557         -1.967564e+00
    2          6.502322e-02        -399.262963054464         -6.083640e-02
    3          2.698070e-02        -399.272233227959         -9.270173e-03
    4          2.150251e-02        -399.275096791347         -2.863563e-03
    5          1.798182e-02        -399.276024579365         -9.277880e-04
    6          7.926378e-03        -399.276213185857         -1.886065e-04
    7          4.015586e-03        -399.276269434267         -5.624841e-05
    8          1.317319e-03        -399.276277315804         -7.881536e-06
    9          7.299723e-04        -399.276279528219         -2.212415e-06
   10          4.478362e-04        -399.276280149577         -6.213587e-07
   11          4.434429e-04        -399.276280455414         -3.058366e-07
   12          1.568192e-04        -399.276280517513         -6.209939e-08
   13          1.314106e-04        -399.276280531191         -1.367783e-08
   14          9.312795e-05        -399.276280542736         -1.154467e-08
---------------------------------------------------------------------------
                      SCF converged in 14 iterations!
===========================================================================


                                                                           
***************************************************************************
***                                                                     ***
***                    Printing Molecular Properties                    ***
***                                                                     ***
***************************************************************************
                                                                           
                                                                           
===========================================================================
                                 Molecule
---------------------------------------------------------------------------
 Charge                  :                                               0
 Multiplicity            :                                               1
---------------------------------------------------------------------------
    N    Atom            :               x               y               z
---------------------------------------------------------------------------
    0       S            :        0.000000        0.000000        0.103603
    1       H            :        0.000000        1.817161       -1.647984
    2       H            :        0.000000       -1.817161       -1.647984
---------------------------------------------------------------------------
 Center of mass          :        0.000000       -0.000000       -0.000000
===========================================================================


===========================================================================
                         Molecular Energy (final)
---------------------------------------------------------------------------
 Kinetic energy          :            (au)                398.717036668496
 E-N energy              :            (au)               -975.640666340284
 Coulomb energy          :            (au)                190.956979669623
 Exchange energy         :            (au)                 -6.424806399048
 X-C energy              :            (au)                -19.838711544456
 Ext. field (el)         :            (au)                  0.000000000000
---------------------------------------------------------------------------
 N-N energy              :            (au)                 12.953887402932
 Ext. field (nuc)        :            (au)                  0.000000000000
 Tot. Reac. Energy       :            (au)                  0.000000000000
 El. Reac. Energy        :            (au)                  0.000000000000
 Nuc. Reac. Energy       :            (au)                  0.000000000000
---------------------------------------------------------------------------
 Electronic energy       :            (au)               -412.230167945668
 Nuclear energy          :            (au)                 12.953887402932
---------------------------------------------------------------------------
 Total energy            :            (au)             -3.992762805427e+02
                         :      (kcal/mol)             -2.505496467877e+05
                         :        (kJ/mol)             -1.048299722840e+06
                         :            (eV)             -1.086486061118e+04
===========================================================================


===========================================================================
                         Orbital Energies (final)
---------------------------------------------------------------------------
    n  Occ Spin          :                                         Epsilon
---------------------------------------------------------------------------
    0    1    a          :            (au)                -89.028012462849
    1    1    a          :            (au)                 -8.009972457889
    2    1    a          :            (au)                 -5.946365525350
    3    1    a          :            (au)                 -5.943594266872
    4    1    a          :            (au)                 -5.938360746867
    5    1    a          :            (au)                 -0.765296509776
    6    1    a          :            (au)                 -0.459732492315
    7    1    a          :            (au)                 -0.383309048457
    8    1    a          :            (au)                 -0.277985418189
    9    1    b          :            (au)                -89.028012462848
   10    1    b          :            (au)                 -8.009972457904
   11    1    b          :            (au)                 -5.946365525353
   12    1    b          :            (au)                 -5.943594266885
   13    1    b          :            (au)                 -5.938360746862
   14    1    b          :            (au)                 -0.765296509790
   15    1    b          :            (au)                 -0.459732492331
   16    1    b          :            (au)                 -0.383309048489
   17    1    b          :            (au)                 -0.277985418182
---------------------------------------------------------------------------
 Sum occupied            :            (au)               -233.505257857208
===========================================================================


===========================================================================
                           Dipole Moment (dip-1)
---------------------------------------------------------------------------
 r_O                     :        0.000000        0.000000        0.000000
---------------------------------------------------------------------------
 Electronic vector       :       -0.000000        0.000000        1.240693
 Magnitude               :            (au)                        1.240693
                         :         (Debye)                        3.153527
---------------------------------------------------------------------------
 Nuclear vector          :        0.000000        0.000000       -1.638318
 Magnitude               :            (au)                        1.638318
                         :         (Debye)                        4.164188
---------------------------------------------------------------------------
 Total vector            :       -0.000000        0.000000       -0.397625
 Magnitude               :            (au)                        0.397625
                         :         (Debye)                        1.010661
===========================================================================


                                                                           
                                                                           
***************************************************************************
***                                                                     ***
***                            Exiting MRChem                           ***
***                                                                     ***
***                       Wall time :  0h 15m 10s                       ***
***                                                                     ***
***************************************************************************
                                                                           
                                                                           
