                                                                           
                                                                           
***************************************************************************
***                                                                     ***
***                                                                     ***
***          __  __ ____   ____ _                                       ***
***         |  \/  |  _ \ / ___| |__   ___ _ __ ___                     ***
***         | |\/| | |_) | |   | '_ \ / _ \ '_ ` _ \                    ***
***         | |  | |  _ <| |___| | | |  __/ | | | | |                   ***
***         |_|  |_|_| \_\\____|_| |_|\___|_| |_| |_|                   ***
***                                                                     ***
***         VERSION            1.1.0-alpha                              ***
***                                                                     ***
***         Git branch         HEAD                                     ***
***         Git commit hash    e7d4b230bb6df8495b9a                     ***
***         Git commit author  Stig Rune Jensen                         ***
***         Git commit date    Sat Mar 19 14:14:51 2022 +0100           ***
***                                                                     ***
***         Contact: luca.frediani@uit.no                               ***
***                                                                     ***
***         Radovan Bast            Magnar Bjorgve                      ***
***         Roberto Di Remigio      Antoine Durdek                      ***
***         Luca Frediani           Gabriel Gerez                       ***
***         Stig Rune Jensen        Jonas Juselius                      ***
***         Rune Monstad            Peter Wind                          ***
***                                                                     ***
***************************************************************************

---------------------------------------------------------------------------

 MPI processes           :        (1 bank)                              30
 OpenMP threads          :                                               6
 Total cores             :                                             175
                                                                           
---------------------------------------------------------------------------

XCFun DFT library Copyright 2009-2020 Ulf Ekstrom and contributors.
See http://dftlibs.org/xcfun/ for more information.

This is free software; see the source code for copying conditions.
There is ABSOLUTELY NO WARRANTY; not even for MERCHANTABILITY or
FITNESS FOR A PARTICULAR PURPOSE. For details see the documentation.
Scientific users of this library should cite
U. Ekstrom, L. Visscher, R. Bast, A. J. Thorvaldsen and K. Ruud;
J.Chem.Theor.Comp. 2010, DOI: 10.1021/ct100117s

---------------------------------------------------------------------------

 MRCPP version         : 1.4.1
 Git branch            : HEAD
 Git commit hash       : 75d41879b1908a94a452
 Git commit author     : Stig Rune Jensen
 Git commit date       : Thu Jan 6 11:38:53 2022 +0100

 Linear algebra        : EIGEN v3.4.0
 Parallelization       : MPI/OpenMP (6 threads)

---------------------------------------------------------------------------


                                                                           
===========================================================================
                         MultiResolution Analysis
---------------------------------------------------------------------------
 polynomial order      : 9
 polynomial type       : Interpolating
---------------------------------------------------------------------------
 total boxes           : 8
 boxes                 : [          2           2           2 ]
 unit lengths          : [   32.00000    32.00000    32.00000 ]
 scaling factor        : [    1.00000     1.00000     1.00000 ]
 lower bounds          : [  -32.00000   -32.00000   -32.00000 ]
 upper bounds          : [   32.00000    32.00000    32.00000 ]
 total length          : [   64.00000    64.00000    64.00000 ]
===========================================================================


                                                                           
***************************************************************************
***                                                                     ***
***                        Initializing Molecule                        ***
***                                                                     ***
***************************************************************************
                                                                           
                                                                           
===========================================================================
                                 Molecule
---------------------------------------------------------------------------
 Charge                  :                                               0
 Multiplicity            :                                               1
---------------------------------------------------------------------------
    N    Atom            :               x               y               z
---------------------------------------------------------------------------
    0      Si            :        0.000000        0.000000       -1.035388
    1       O            :        0.000000        0.000000        1.817531
---------------------------------------------------------------------------
 Center of mass          :        0.000000        0.000000        0.000000
===========================================================================


                                                                           
***************************************************************************
***                                                                     ***
***                 Computing Ground State Wavefunction                 ***
***                                                                     ***
***************************************************************************
                                                                           
                                                                           
~~~~~~~~~~~~~~~~~~~~~~~~~~~~~~~~~~~~~~~~~~~~~~~~~~~~~~~~~~~~~~~~~~~~~~~~~~~
 Calculation             : Compute initial orbitals
 Method                  : Diagonalize SAD Hamiltonian
 Precision               : 1.00000e-04
 Screening               : 1.20000e+01 StdDev
 Restricted              : False
 Functional              : LDA (SVWN5)
 AO basis                : 3-21G
~~~~~~~~~~~~~~~~~~~~~~~~~~~~~~~~~~~~~~~~~~~~~~~~~~~~~~~~~~~~~~~~~~~~~~~~~~~


===========================================================================
                            Molecular Orbitals
---------------------------------------------------------------------------
 Alpha electrons         :                                              11
 Beta electrons          :                                              11
 Total electrons         :                                              22
---------------------------------------------------------------------------
    n  Occ Spin          :                                            Norm
---------------------------------------------------------------------------
    0    1    a          :                              9.999996472665e-01
    1    1    a          :                              9.999999922747e-01
    2    1    a          :                              9.999999996096e-01
    3    1    a          :                              9.999999992041e-01
    4    1    a          :                              9.999999925102e-01
    5    1    a          :                              1.000000000034e+00
    6    1    a          :                              9.999999289951e-01
    7    1    a          :                              1.000000016459e+00
    8    1    a          :                              9.999999888173e-01
    9    1    a          :                              9.999999850548e-01
   10    1    a          :                              9.999999971019e-01
   11    1    b          :                              1.000000002214e+00
   12    1    b          :                              9.999999922625e-01
   13    1    b          :                              9.999999996183e-01
   14    1    b          :                              9.999999988761e-01
   15    1    b          :                              9.999997141157e-01
   16    1    b          :                              1.000000000034e+00
   17    1    b          :                              1.000001710361e+00
   18    1    b          :                              1.000000026134e+00
   19    1    b          :                              9.999999682004e-01
   20    1    b          :                              9.999999850875e-01
   21    1    b          :                              9.999999988278e-01
===========================================================================


~~~~~~~~~~~~~~~~~~~~~~~~~~~~~~~~~~~~~~~~~~~~~~~~~~~~~~~~~~~~~~~~~~~~~~~~~~~
 Calculation             : Compute initial energy
 Method                  : DFT (PBE0)
 Relativity              : None
 Precision               : 1.00000e-04
 Localization            : On
~~~~~~~~~~~~~~~~~~~~~~~~~~~~~~~~~~~~~~~~~~~~~~~~~~~~~~~~~~~~~~~~~~~~~~~~~~~


===========================================================================
                        Molecular Energy (initial)
---------------------------------------------------------------------------
 Kinetic energy          :            (au)                362.175353534671
 E-N energy              :            (au)               -944.223430482622
 Coulomb energy          :            (au)                209.771362065500
 Exchange energy         :            (au)                 -7.182434072155
 X-C energy              :            (au)                -22.250995400310
 Ext. field (el)         :            (au)                  0.000000000000
---------------------------------------------------------------------------
 N-N energy              :            (au)                 39.258032578159
 Ext. field (nuc)        :            (au)                  0.000000000000
 Tot. Reac. Energy       :            (au)                  0.000000000000
 El. Reac. Energy        :            (au)                  0.000000000000
 Nuc. Reac. Energy       :            (au)                  0.000000000000
---------------------------------------------------------------------------
 Electronic energy       :            (au)               -401.710144354916
 Nuclear energy          :            (au)                 39.258032578159
---------------------------------------------------------------------------
 Total energy            :            (au)             -3.624521117768e+02
                         :      (kcal/mol)             -2.274421321990e+05
                         :        (kJ/mol)             -9.516178817381e+05
                         :            (eV)             -9.862823975743e+03
===========================================================================


===========================================================================
                        Orbital Energies (initial)
---------------------------------------------------------------------------
    n  Occ Spin          :                                         Epsilon
---------------------------------------------------------------------------
    0    1    a          :            (au)                -65.929070405027
    1    1    a          :            (au)                -18.611055286891
    2    1    a          :            (au)                 -5.412481186973
    3    1    a          :            (au)                 -3.747345270510
    4    1    a          :            (au)                 -3.746923235712
    5    1    a          :            (au)                 -3.741017261572
    6    1    a          :            (au)                 -0.786074947507
    7    1    a          :            (au)                 -0.414663823339
    8    1    a          :            (au)                 -0.143109303162
    9    1    a          :            (au)                 -0.133401770375
   10    1    a          :            (au)                 -0.126484774676
   11    1    b          :            (au)                -65.929286900855
   12    1    b          :            (au)                -18.611056334492
   13    1    b          :            (au)                 -5.412482825521
   14    1    b          :            (au)                 -3.747345685113
   15    1    b          :            (au)                 -3.746923849914
   16    1    b          :            (au)                 -3.741019412652
   17    1    b          :            (au)                 -0.786075158153
   18    1    b          :            (au)                 -0.414664279873
   19    1    b          :            (au)                 -0.143108663704
   20    1    b          :            (au)                 -0.133385887428
   21    1    b          :            (au)                 -0.126485291244
---------------------------------------------------------------------------
 Sum occupied            :            (au)               -205.583461554694
===========================================================================


~~~~~~~~~~~~~~~~~~~~~~~~~~~~~~~~~~~~~~~~~~~~~~~~~~~~~~~~~~~~~~~~~~~~~~~~~~~
 Calculation             : Optimize ground state orbitals
 Method                  : DFT (PBE0)
 Relativity              : None
 Checkpointing           : Off
 Max iterations          : 200
 KAIN solver             : 10
 Localization            : First two iterations
 Diagonalization         : Off
 Start precision         : 1.00000e-06
 Final precision         : 1.00000e-06
 Helmholtz precision     : Dynamic
 Energy threshold        : 1.00000e-06
 Orbital threshold       : 5.00000e-05
~~~~~~~~~~~~~~~~~~~~~~~~~~~~~~~~~~~~~~~~~~~~~~~~~~~~~~~~~~~~~~~~~~~~~~~~~~~


===========================================================================
 Iter           MO residual             Total energy                Update
---------------------------------------------------------------------------
    0          4.690416e+00        -362.452111776757         -3.624521e+02
    1          4.640213e-01        -364.431223068072         -1.979111e+00
    2          2.759387e-01        -364.544475595413         -1.132525e-01
    3          1.626300e-01        -364.561074309451         -1.659871e-02
    4          7.538805e-02        -364.571827871381         -1.075356e-02
    5          3.161746e-02        -364.574084586914         -2.256716e-03
    6          1.965354e-02        -364.574591044988         -5.064581e-04
    7          6.785969e-03        -364.574701773105         -1.107281e-04
    8          5.688140e-03        -364.574741609338         -3.983623e-05
    9          2.586100e-03        -364.574749427389         -7.818051e-06
   10          1.892858e-03        -364.574753149305         -3.721916e-06
   11          1.564529e-03        -364.574754860396         -1.711092e-06
   12          1.147767e-03        -364.574755744703         -8.843068e-07
   13          5.185394e-04        -364.574756029513         -2.848100e-07
   14          2.164037e-04        -364.574756103811         -7.429838e-08
   15          9.028615e-05        -364.574756122862         -1.905011e-08
---------------------------------------------------------------------------
                      SCF converged in 15 iterations!
===========================================================================


                                                                           
***************************************************************************
***                                                                     ***
***                    Printing Molecular Properties                    ***
***                                                                     ***
***************************************************************************
                                                                           
                                                                           
===========================================================================
                                 Molecule
---------------------------------------------------------------------------
 Charge                  :                                               0
 Multiplicity            :                                               1
---------------------------------------------------------------------------
    N    Atom            :               x               y               z
---------------------------------------------------------------------------
    0      Si            :        0.000000        0.000000       -1.035388
    1       O            :        0.000000        0.000000        1.817531
---------------------------------------------------------------------------
 Center of mass          :        0.000000        0.000000        0.000000
===========================================================================


===========================================================================
                         Molecular Energy (final)
---------------------------------------------------------------------------
 Kinetic energy          :            (au)                363.883833413679
 E-N energy              :            (au)               -947.092484545639
 Coulomb energy          :            (au)                208.628565571537
 Exchange energy         :            (au)                 -7.129334736282
 X-C energy              :            (au)                -22.123368404316
 Ext. field (el)         :            (au)                  0.000000000000
---------------------------------------------------------------------------
 N-N energy              :            (au)                 39.258032578159
 Ext. field (nuc)        :            (au)                  0.000000000000
 Tot. Reac. Energy       :            (au)                  0.000000000000
 El. Reac. Energy        :            (au)                  0.000000000000
 Nuc. Reac. Energy       :            (au)                  0.000000000000
---------------------------------------------------------------------------
 Electronic energy       :            (au)               -403.832788701021
 Nuclear energy          :            (au)                 39.258032578159
---------------------------------------------------------------------------
 Total energy            :            (au)             -3.645747561229e+02
                         :      (kcal/mol)             -2.287741116255e+05
                         :        (kJ/mol)             -9.571908836622e+05
                         :            (eV)             -9.920584068369e+03
===========================================================================


===========================================================================
                         Orbital Energies (final)
---------------------------------------------------------------------------
    n  Occ Spin          :                                         Epsilon
---------------------------------------------------------------------------
    0    1    a          :            (au)                -66.281245265048
    1    1    a          :            (au)                -19.192113319102
    2    1    a          :            (au)                 -5.364888196107
    3    1    a          :            (au)                 -3.699858054628
    4    1    a          :            (au)                 -3.699857413722
    5    1    a          :            (au)                 -3.693112926219
    6    1    a          :            (au)                 -0.969410212384
    7    1    a          :            (au)                 -0.453510289840
    8    1    a          :            (au)                 -0.349122155737
    9    1    a          :            (au)                 -0.349121060650
   10    1    a          :            (au)                 -0.324377258720
   11    1    b          :            (au)                -66.281245275080
   12    1    b          :            (au)                -19.192113300664
   13    1    b          :            (au)                 -5.364888177470
   14    1    b          :            (au)                 -3.699858050610
   15    1    b          :            (au)                 -3.699857432677
   16    1    b          :            (au)                 -3.693112922876
   17    1    b          :            (au)                 -0.969410180003
   18    1    b          :            (au)                 -0.453510291117
   19    1    b          :            (au)                 -0.349122222584
   20    1    b          :            (au)                 -0.349120917747
   21    1    b          :            (au)                 -0.324377246391
---------------------------------------------------------------------------
 Sum occupied            :            (au)               -208.753232169377
===========================================================================


===========================================================================
                           Dipole Moment (dip-1)
---------------------------------------------------------------------------
 r_O                     :        0.000000        0.000000        0.000000
---------------------------------------------------------------------------
 Electronic vector       :        0.000001        0.000006       -1.283358
 Magnitude               :            (au)                        1.283358
                         :         (Debye)                        3.261970
---------------------------------------------------------------------------
 Nuclear vector          :        0.000000        0.000000        0.044808
 Magnitude               :            (au)                        0.044808
                         :         (Debye)                        0.113891
---------------------------------------------------------------------------
 Total vector            :        0.000001        0.000006       -1.238550
 Magnitude               :            (au)                        1.238550
                         :         (Debye)                        3.148079
===========================================================================


                                                                           
                                                                           
***************************************************************************
***                                                                     ***
***                            Exiting MRChem                           ***
***                                                                     ***
***                       Wall time :  0h 15m 23s                       ***
***                                                                     ***
***************************************************************************
                                                                           
                                                                           
