                                                                           
                                                                           
***************************************************************************
***                                                                     ***
***                                                                     ***
***          __  __ ____   ____ _                                       ***
***         |  \/  |  _ \ / ___| |__   ___ _ __ ___                     ***
***         | |\/| | |_) | |   | '_ \ / _ \ '_ ` _ \                    ***
***         | |  | |  _ <| |___| | | |  __/ | | | | |                   ***
***         |_|  |_|_| \_\\____|_| |_|\___|_| |_| |_|                   ***
***                                                                     ***
***         VERSION            1.1.0-alpha                              ***
***                                                                     ***
***         Git branch         HEAD                                     ***
***         Git commit hash    e7d4b230bb6df8495b9a                     ***
***         Git commit author  Stig Rune Jensen                         ***
***         Git commit date    Sat Mar 19 14:14:51 2022 +0100           ***
***                                                                     ***
***         Contact: luca.frediani@uit.no                               ***
***                                                                     ***
***         Radovan Bast            Magnar Bjorgve                      ***
***         Roberto Di Remigio      Antoine Durdek                      ***
***         Luca Frediani           Gabriel Gerez                       ***
***         Stig Rune Jensen        Jonas Juselius                      ***
***         Rune Monstad            Peter Wind                          ***
***                                                                     ***
***************************************************************************

---------------------------------------------------------------------------

 MPI processes           :        (1 bank)                              30
 OpenMP threads          :                                               6
 Total cores             :                                             175
                                                                           
---------------------------------------------------------------------------

XCFun DFT library Copyright 2009-2020 Ulf Ekstrom and contributors.
See http://dftlibs.org/xcfun/ for more information.

This is free software; see the source code for copying conditions.
There is ABSOLUTELY NO WARRANTY; not even for MERCHANTABILITY or
FITNESS FOR A PARTICULAR PURPOSE. For details see the documentation.
Scientific users of this library should cite
U. Ekstrom, L. Visscher, R. Bast, A. J. Thorvaldsen and K. Ruud;
J.Chem.Theor.Comp. 2010, DOI: 10.1021/ct100117s

---------------------------------------------------------------------------

 MRCPP version         : 1.4.1
 Git branch            : HEAD
 Git commit hash       : 75d41879b1908a94a452
 Git commit author     : Stig Rune Jensen
 Git commit date       : Thu Jan 6 11:38:53 2022 +0100

 Linear algebra        : EIGEN v3.4.0
 Parallelization       : MPI/OpenMP (6 threads)

---------------------------------------------------------------------------


                                                                           
===========================================================================
                         MultiResolution Analysis
---------------------------------------------------------------------------
 polynomial order      : 9
 polynomial type       : Interpolating
---------------------------------------------------------------------------
 total boxes           : 8
 boxes                 : [          2           2           2 ]
 unit lengths          : [   32.00000    32.00000    32.00000 ]
 scaling factor        : [    1.00000     1.00000     1.00000 ]
 lower bounds          : [  -32.00000   -32.00000   -32.00000 ]
 upper bounds          : [   32.00000    32.00000    32.00000 ]
 total length          : [   64.00000    64.00000    64.00000 ]
===========================================================================


                                                                           
***************************************************************************
***                                                                     ***
***                        Initializing Molecule                        ***
***                                                                     ***
***************************************************************************
                                                                           
                                                                           
===========================================================================
                                 Molecule
---------------------------------------------------------------------------
 Charge                  :                                               0
 Multiplicity            :                                               2
---------------------------------------------------------------------------
    N    Atom            :               x               y               z
---------------------------------------------------------------------------
    0      Si            :       -0.070359        0.000000        0.000000
    1       H            :        0.653501        0.000000        2.701500
    2       H            :        0.653501       -2.339560       -1.350750
    3       H            :        0.653501        2.339560       -1.350750
---------------------------------------------------------------------------
 Center of mass          :        0.000000       -0.000000        0.000000
===========================================================================


                                                                           
***************************************************************************
***                                                                     ***
***                 Computing Ground State Wavefunction                 ***
***                                                                     ***
***************************************************************************
                                                                           
                                                                           
~~~~~~~~~~~~~~~~~~~~~~~~~~~~~~~~~~~~~~~~~~~~~~~~~~~~~~~~~~~~~~~~~~~~~~~~~~~
 Calculation             : Compute initial orbitals
 Method                  : Diagonalize SAD Hamiltonian
 Precision               : 1.00000e-04
 Screening               : 1.20000e+01 StdDev
 Restricted              : False
 Functional              : LDA (SVWN5)
 AO basis                : 3-21G
~~~~~~~~~~~~~~~~~~~~~~~~~~~~~~~~~~~~~~~~~~~~~~~~~~~~~~~~~~~~~~~~~~~~~~~~~~~


===========================================================================
                            Molecular Orbitals
---------------------------------------------------------------------------
 Alpha electrons         :                                               9
 Beta electrons          :                                               8
 Total electrons         :                                              17
---------------------------------------------------------------------------
    n  Occ Spin          :                                            Norm
---------------------------------------------------------------------------
    0    1    a          :                              9.999999892226e-01
    1    1    a          :                              9.999999229814e-01
    2    1    a          :                              1.000000079835e+00
    3    1    a          :                              1.000000215408e+00
    4    1    a          :                              9.999999845701e-01
    5    1    a          :                              9.999991111648e-01
    6    1    a          :                              1.000000698206e+00
    7    1    a          :                              1.000001816522e+00
    8    1    a          :                              1.000000041906e+00
    9    1    b          :                              9.999999892226e-01
   10    1    b          :                              9.999999229814e-01
   11    1    b          :                              1.000000079835e+00
   12    1    b          :                              1.000000214062e+00
   13    1    b          :                              9.999999845701e-01
   14    1    b          :                              9.999991112100e-01
   15    1    b          :                              1.000000698116e+00
   16    1    b          :                              1.000001816196e+00
===========================================================================


~~~~~~~~~~~~~~~~~~~~~~~~~~~~~~~~~~~~~~~~~~~~~~~~~~~~~~~~~~~~~~~~~~~~~~~~~~~
 Calculation             : Compute initial energy
 Method                  : DFT (PBE0)
 Relativity              : None
 Precision               : 1.00000e-04
 Localization            : On
~~~~~~~~~~~~~~~~~~~~~~~~~~~~~~~~~~~~~~~~~~~~~~~~~~~~~~~~~~~~~~~~~~~~~~~~~~~


===========================================================================
                        Molecular Energy (initial)
---------------------------------------------------------------------------
 Kinetic energy          :            (au)                288.521443309096
 E-N energy              :            (au)               -720.656761366443
 Coulomb energy          :            (au)                148.725953021100
 Exchange energy         :            (au)                 -5.327449586216
 X-C energy              :            (au)                -16.466495430686
 Ext. field (el)         :            (au)                  0.000000000000
---------------------------------------------------------------------------
 N-N energy              :            (au)                 15.658344568539
 Ext. field (nuc)        :            (au)                  0.000000000000
 Tot. Reac. Energy       :            (au)                  0.000000000000
 El. Reac. Energy        :            (au)                  0.000000000000
 Nuc. Reac. Energy       :            (au)                  0.000000000000
---------------------------------------------------------------------------
 Electronic energy       :            (au)               -305.203310053149
 Nuclear energy          :            (au)                 15.658344568539
---------------------------------------------------------------------------
 Total energy            :            (au)             -2.895449654846e+02
                         :      (kcal/mol)             -1.816922075429e+05
                         :        (kJ/mol)             -7.602001968528e+05
                         :            (eV)             -7.878919545091e+03
===========================================================================


===========================================================================
                        Orbital Energies (initial)
---------------------------------------------------------------------------
    n  Occ Spin          :                                         Epsilon
---------------------------------------------------------------------------
    0    1    a          :            (au)                -65.781313966782
    1    1    a          :            (au)                 -5.290613117609
    2    1    a          :            (au)                 -3.627580681765
    3    1    a          :            (au)                 -3.622165822632
    4    1    a          :            (au)                 -3.621373699910
    5    1    a          :            (au)                 -0.553601032465
    6    1    a          :            (au)                 -0.373303207568
    7    1    a          :            (au)                 -0.360122602387
    8    1    a          :            (au)                 -0.216974365739
    9    1    b          :            (au)                -65.777912277900
   10    1    b          :            (au)                 -5.286031565416
   11    1    b          :            (au)                 -3.619756565660
   12    1    b          :            (au)                 -3.618977465965
   13    1    b          :            (au)                 -3.615029619063
   14    1    b          :            (au)                 -0.527780547464
   15    1    b          :            (au)                 -0.363056526681
   16    1    b          :            (au)                 -0.350446253147
---------------------------------------------------------------------------
 Sum occupied            :            (au)               -166.606039318152
===========================================================================


~~~~~~~~~~~~~~~~~~~~~~~~~~~~~~~~~~~~~~~~~~~~~~~~~~~~~~~~~~~~~~~~~~~~~~~~~~~
 Calculation             : Optimize ground state orbitals
 Method                  : DFT (PBE0)
 Relativity              : None
 Checkpointing           : Off
 Max iterations          : 200
 KAIN solver             : 10
 Localization            : First two iterations
 Diagonalization         : Off
 Start precision         : 1.00000e-06
 Final precision         : 1.00000e-06
 Helmholtz precision     : Dynamic
 Energy threshold        : 1.00000e-06
 Orbital threshold       : 5.00000e-05
~~~~~~~~~~~~~~~~~~~~~~~~~~~~~~~~~~~~~~~~~~~~~~~~~~~~~~~~~~~~~~~~~~~~~~~~~~~


===========================================================================
 Iter           MO residual             Total energy                Update
---------------------------------------------------------------------------
    0          4.123106e+00        -289.544965484610         -2.895450e+02
    1          1.598014e-01        -291.061089181362         -1.516124e+00
    2          4.970378e-02        -291.108727938114         -4.763876e-02
    3          2.667248e-02        -291.116336338384         -7.608400e-03
    4          3.323192e-02        -291.118882372600         -2.546034e-03
    5          1.466196e-02        -291.119408862483         -5.264899e-04
    6          6.888919e-03        -291.119567989110         -1.591266e-04
    7          2.375307e-03        -291.119589320088         -2.133098e-05
    8          2.091030e-03        -291.119594560907         -5.240819e-06
    9          8.078243e-04        -291.119595835378         -1.274472e-06
   10          8.362381e-04        -291.119596750455         -9.150768e-07
   11          2.804228e-04        -291.119596901735         -1.512799e-07
   12          1.642657e-04        -291.119596949462         -4.772642e-08
   13          5.099381e-05        -291.119596962914         -1.345200e-08
---------------------------------------------------------------------------
                      SCF converged in 13 iterations!
===========================================================================


                                                                           
***************************************************************************
***                                                                     ***
***                    Printing Molecular Properties                    ***
***                                                                     ***
***************************************************************************
                                                                           
                                                                           
===========================================================================
                                 Molecule
---------------------------------------------------------------------------
 Charge                  :                                               0
 Multiplicity            :                                               2
---------------------------------------------------------------------------
    N    Atom            :               x               y               z
---------------------------------------------------------------------------
    0      Si            :       -0.070359        0.000000        0.000000
    1       H            :        0.653501        0.000000        2.701500
    2       H            :        0.653501       -2.339560       -1.350750
    3       H            :        0.653501        2.339560       -1.350750
---------------------------------------------------------------------------
 Center of mass          :        0.000000       -0.000000        0.000000
===========================================================================


===========================================================================
                         Molecular Energy (final)
---------------------------------------------------------------------------
 Kinetic energy          :            (au)                290.625034407908
 E-N energy              :            (au)               -724.503474183439
 Coulomb energy          :            (au)                148.951195113363
 Exchange energy         :            (au)                 -5.341622903675
 X-C energy              :            (au)                -16.509073965609
 Ext. field (el)         :            (au)                  0.000000000000
---------------------------------------------------------------------------
 N-N energy              :            (au)                 15.658344568539
 Ext. field (nuc)        :            (au)                  0.000000000000
 Tot. Reac. Energy       :            (au)                  0.000000000000
 El. Reac. Energy        :            (au)                  0.000000000000
 Nuc. Reac. Energy       :            (au)                  0.000000000000
---------------------------------------------------------------------------
 Electronic energy       :            (au)               -306.777941531453
 Nuclear energy          :            (au)                 15.658344568539
---------------------------------------------------------------------------
 Total energy            :            (au)             -2.911195969629e+02
                         :      (kcal/mol)             -1.826803037057e+05
                         :        (kJ/mol)             -7.643343912007e+05
                         :            (eV)             -7.921767448559e+03
===========================================================================


===========================================================================
                         Orbital Energies (final)
---------------------------------------------------------------------------
    n  Occ Spin          :                                         Epsilon
---------------------------------------------------------------------------
    0    1    a          :            (au)                -66.250949922163
    1    1    a          :            (au)                 -5.336938950810
    2    1    a          :            (au)                 -3.675744160378
    3    1    a          :            (au)                 -3.668539764219
    4    1    a          :            (au)                 -3.668539709683
    5    1    a          :            (au)                 -0.558704163295
    6    1    a          :            (au)                 -0.374110014778
    7    1    a          :            (au)                 -0.374109787564
    8    1    a          :            (au)                 -0.228173768097
    9    1    b          :            (au)                -66.247286590930
   10    1    b          :            (au)                 -5.332348538985
   11    1    b          :            (au)                 -3.665901679037
   12    1    b          :            (au)                 -3.665901588654
   13    1    b          :            (au)                 -3.663315319747
   14    1    b          :            (au)                 -0.534333147631
   15    1    b          :            (au)                 -0.368172294988
   16    1    b          :            (au)                 -0.368172110368
---------------------------------------------------------------------------
 Sum occupied            :            (au)               -167.981241511327
===========================================================================


===========================================================================
                           Dipole Moment (dip-1)
---------------------------------------------------------------------------
 r_O                     :        0.000000        0.000000        0.000000
---------------------------------------------------------------------------
 Electronic vector       :       -0.931591       -0.000004        0.000003
 Magnitude               :            (au)                        0.931591
                         :         (Debye)                        2.367868
---------------------------------------------------------------------------
 Nuclear vector          :        0.975476        0.000000        0.000000
 Magnitude               :            (au)                        0.975476
                         :         (Debye)                        2.479413
---------------------------------------------------------------------------
 Total vector            :        0.043885       -0.000004        0.000003
 Magnitude               :            (au)                        0.043885
                         :         (Debye)                        0.111544
===========================================================================


                                                                           
                                                                           
***************************************************************************
***                                                                     ***
***                            Exiting MRChem                           ***
***                                                                     ***
***                       Wall time :  0h 15m 21s                       ***
***                                                                     ***
***************************************************************************
                                                                           
                                                                           
